2026-08-24T11:44:11.794Z GET /api/projects/98fdc107-ff42-44db-b942-79a8f9bcc64d/monthly-sheets -> {"statusCode":400,"code":"VAL_001","message":"Monthly sheets are only supported for SEO and Social Media projects.","stack":"Error: Monthly sheets are only supported for SEO and Social Media projects.\n    at verifyProjectAccess (F:\\We Promote Application\\Hrm Backend\\backend\\src\\modules\\project-monthly-sheet\\project-monthly-sheet.service.js:151:11)\n    at async exports.getProjectMonthlySheets (F:\\We Promote Application\\Hrm Backend\\backend\\src\\modules\\project-monthly-sheet\\project-monthly-sheet.service.js:235:40)\n    at async exports.getProjectMonthlySheets (F:\\We Promote Application\\Hrm Backend\\backend\\src\\modules\\project-monthly-sheet\\project-monthly-sheet.controller.js:22:18)"}
2026-08-24T11:44:11.950Z GET /api/projects/98fdc107-ff42-44db-b942-79a8f9bcc64d/monthly-sheets -> {"statusCode":400,"code":"VAL_001","message":"Monthly sheets are only supported for SEO and Social Media projects.","stack":"Error: Monthly sheets are only supported for SEO and Social Media projects.\n    at verifyProjectAccess (F:\\We Promote Application\\Hrm Backend\\backend\\src\\modules\\project-monthly-sheet\\project-monthly-sheet.service.js:151:11)\n    at async exports.getProjectMonthlySheets (F:\\We Promote Application\\Hrm Backend\\backend\\src\\modules\\project-monthly-sheet\\project-monthly-sheet.service.js:235:40)\n    at async exports.getProjectMonthlySheets (F:\\We Promote Application\\Hrm Backend\\backend\\src\\modules\\project-monthly-sheet\\project-monthly-sheet.controller.js:22:18)"}
2026-08-24T12:16:08.480Z GET /api/projects/98fdc107-ff42-44db-b942-79a8f9bcc64d/monthly-sheets -> {"statusCode":400,"code":"VAL_001","message":"Monthly sheets are only supported for SEO and Social Media projects.","stack":"Error: Monthly sheets are only supported for SEO and Social Media projects.\n    at verifyProjectAccess (F:\\We Promote Application\\Hrm Backend\\backend\\src\\modules\\project-monthly-sheet\\project-monthly-sheet.service.js:151:11)\n    at async exports.getProjectMonthlySheets (F:\\We Promote Application\\Hrm Backend\\backend\\src\\modules\\project-monthly-sheet\\project-monthly-sheet.service.js:235:40)\n    at async exports.getProjectMonthlySheets (F:\\We Promote Application\\Hrm Backend\\backend\\src\\modules\\project-monthly-sheet\\project-monthly-sheet.controller.js:22:18)"}
2026-08-24T12:16:08.605Z GET /api/projects/98fdc107-ff42-44db-b942-79a8f9bcc64d/monthly-sheets -> {"statusCode":400,"code":"VAL_001","message":"Monthly sheets are only supported for SEO and Social Media projects.","stack":"Error: Monthly sheets are only supported for SEO and Social Media projects.\n    at verifyProjectAccess (F:\\We Promote Application\\Hrm Backend\\backend\\src\\modules\\project-monthly-sheet\\project-monthly-sheet.service.js:151:11)\n    at async exports.getProjectMonthlySheets (F:\\We Promote Application\\Hrm Backend\\backend\\src\\modules\\project-monthly-sheet\\project-monthly-sheet.service.js:235:40)\n    at async exports.getProjectMonthlySheets (F:\\We Promote Application\\Hrm Backend\\backend\\src\\modules\\project-monthly-sheet\\project-monthly-sheet.controller.js:22:18)"}
2026-08-24T12:21:31.155Z GET /api/projects/98fdc107-ff42-44db-b942-79a8f9bcc64d/monthly-sheets -> {"statusCode":400,"code":"VAL_001","message":"Monthly sheets are only supported for SEO and Social Media projects.","stack":"Error: Monthly sheets are only supported for SEO and Social Media projects.\n    at verifyProjectAccess (F:\\We Promote Application\\Hrm Backend\\backend\\src\\modules\\project-monthly-sheet\\project-monthly-sheet.service.js:151:11)\n    at async exports.getProjectMonthlySheets (F:\\We Promote Application\\Hrm Backend\\backend\\src\\modules\\project-monthly-sheet\\project-monthly-sheet.service.js:235:40)\n    at async exports.getProjectMonthlySheets (F:\\We Promote Application\\Hrm Backend\\backend\\src\\modules\\project-monthly-sheet\\project-monthly-sheet.controller.js:22:18)"}
2026-08-24T12:21:31.182Z GET /api/projects/98fdc107-ff42-44db-b942-79a8f9bcc64d/monthly-sheets -> {"statusCode":400,"code":"VAL_001","message":"Monthly sheets are only supported for SEO and Social Media projects.","stack":"Error: Monthly sheets are only supported for SEO and Social Media projects.\n    at verifyProjectAccess (F:\\We Promote Application\\Hrm Backend\\backend\\src\\modules\\project-monthly-sheet\\project-monthly-sheet.service.js:151:11)\n    at async exports.getProjectMonthlySheets (F:\\We Promote Application\\Hrm Backend\\backend\\src\\modules\\project-monthly-sheet\\project-monthly-sheet.service.js:235:40)\n    at async exports.getProjectMonthlySheets (F:\\We Promote Application\\Hrm Backend\\backend\\src\\modules\\project-monthly-sheet\\project-monthly-sheet.controller.js:22:18)"}
2026-08-26T05:01:30.802Z GET /api/coordinator-assignments/assigned-to/f3392032-7a2e-45de-aec3-0e01aca8c71d -> {"statusCode":401,"code":"AUTH_002","message":"You are not authorized to access this resource.","stack":"Error: You are not authorized to access this resource.\n    at module.exports (F:\\We Promote Application\\Hrm Backend\\backend\\src\\middlewares\\auth.middleware.js:38:10)"}
2026-08-26T05:01:30.983Z GET /api/sidebar-unread -> {"statusCode":401,"code":"AUTH_002","message":"You are not authorized to access this resource.","stack":"Error: You are not authorized to access this resource.\n    at module.exports (F:\\We Promote Application\\Hrm Backend\\backend\\src\\middlewares\\auth.middleware.js:38:10)"}
2026-08-26T05:01:30.992Z GET /api/projects -> {"statusCode":401,"code":"AUTH_002","message":"You are not authorized to access this resource.","stack":"Error: You are not authorized to access this resource.\n    at module.exports (F:\\We Promote Application\\Hrm Backend\\backend\\src\\middlewares\\auth.middleware.js:38:10)"}
2026-08-26T05:01:30.999Z GET /api/attendance/history -> {"statusCode":401,"code":"AUTH_002","message":"You are not authorized to access this resource.","stack":"Error: You are not authorized to access this resource.\n    at module.exports (F:\\We Promote Application\\Hrm Backend\\backend\\src\\middlewares\\auth.middleware.js:38:10)"}
2026-08-26T05:01:31.061Z GET /api/projects/assigned -> {"statusCode":401,"code":"AUTH_002","message":"You are not authorized to access this resource.","stack":"Error: You are not authorized to access this resource.\n    at module.exports (F:\\We Promote Application\\Hrm Backend\\backend\\src\\middlewares\\auth.middleware.js:38:10)"}
2026-08-26T05:01:31.098Z GET /api/manager/dashboard -> {"statusCode":401,"code":"AUTH_002","message":"You are not authorized to access this resource.","stack":"Error: You are not authorized to access this resource.\n    at module.exports (F:\\We Promote Application\\Hrm Backend\\backend\\src\\middlewares\\auth.middleware.js:38:10)"}
2026-08-26T05:01:33.306Z GET /api/attendance/today -> {"statusCode":401,"code":"AUTH_002","message":"You are not authorized to access this resource.","stack":"Error: You are not authorized to access this resource.\n    at module.exports (F:\\We Promote Application\\Hrm Backend\\backend\\src\\middlewares\\auth.middleware.js:10:17)\n    at Layer.handleRequest (F:\\We Promote Application\\Hrm Backend\\backend\\node_modules\\router\\lib\\layer.js:152:17)\n    at next (F:\\We Promote Application\\Hrm Backend\\backend\\node_modules\\router\\lib\\route.js:157:13)\n    at Route.dispatch (F:\\We Promote Application\\Hrm Backend\\backend\\node_modules\\router\\lib\\route.js:117:3)\n    at handle (F:\\We Promote Application\\Hrm Backend\\backend\\node_modules\\router\\index.js:435:11)\n    at Layer.handleRequest (F:\\We Promote Application\\Hrm Backend\\backend\\node_modules\\router\\lib\\layer.js:152:17)\n    at F:\\We Promote Application\\Hrm Backend\\backend\\node_modules\\router\\index.js:295:15\n    at processParams (F:\\We Promote Application\\Hrm Backend\\backend\\node_modules\\router\\index.js:582:12)\n    at next (F:\\We Promote Application\\Hrm Backend\\backend\\node_modules\\router\\index.js:291:5)\n    at Function.handle (F:\\We Promote Application\\Hrm Backend\\backend\\node_modules\\router\\index.js:186:3)"}
2026-08-26T05:01:33.319Z GET /api/attendance/today -> {"statusCode":401,"code":"AUTH_002","message":"You are not authorized to access this resource.","stack":"Error: You are not authorized to access this resource.\n    at module.exports (F:\\We Promote Application\\Hrm Backend\\backend\\src\\middlewares\\auth.middleware.js:10:17)\n    at Layer.handleRequest (F:\\We Promote Application\\Hrm Backend\\backend\\node_modules\\router\\lib\\layer.js:152:17)\n    at next (F:\\We Promote Application\\Hrm Backend\\backend\\node_modules\\router\\lib\\route.js:157:13)\n    at Route.dispatch (F:\\We Promote Application\\Hrm Backend\\backend\\node_modules\\router\\lib\\route.js:117:3)\n    at handle (F:\\We Promote Application\\Hrm Backend\\backend\\node_modules\\router\\index.js:435:11)\n    at Layer.handleRequest (F:\\We Promote Application\\Hrm Backend\\backend\\node_modules\\router\\lib\\layer.js:152:17)\n    at F:\\We Promote Application\\Hrm Backend\\backend\\node_modules\\router\\index.js:295:15\n    at processParams (F:\\We Promote Application\\Hrm Backend\\backend\\node_modules\\router\\index.js:582:12)\n    at next (F:\\We Promote Application\\Hrm Backend\\backend\\node_modules\\router\\index.js:291:5)\n    at Function.handle (F:\\We Promote Application\\Hrm Backend\\backend\\node_modules\\router\\index.js:186:3)"}
2026-08-26T05:05:14.959Z POST /api/employee/leave -> {"statusCode":400,"message":"","stack":"Error\n    at exports.applyLeave (F:\\We Promote Application\\Hrm Backend\\backend\\src\\modules\\employee\\employee.service.js:72:11)\n    at async exports.applyLeave (F:\\We Promote Application\\Hrm Backend\\backend\\src\\modules\\employee\\employee.controller.js:38:18)"}
2026-08-26T05:16:55.814Z POST /api/projects/68f80174-cd58-440c-98ff-943c9191f80b/monthly-sheets -> {"statusCode":400,"code":"VAL_001","message":"\"moodBoardLink\" must be a string","stack":"Error: \"moodBoardLink\" must be a string\n    at F:\\We Promote Application\\Hrm Backend\\backend\\src\\middlewares\\validate.middleware.js:9:7\n    at Layer.handleRequest (F:\\We Promote Application\\Hrm Backend\\backend\\node_modules\\router\\lib\\layer.js:152:17)\n    at next (F:\\We Promote Application\\Hrm Backend\\backend\\node_modules\\router\\lib\\route.js:157:13)\n    at F:\\We Promote Application\\Hrm Backend\\backend\\src\\middlewares\\role.middleware.js:12:5\n    at Layer.handleRequest (F:\\We Promote Application\\Hrm Backend\\backend\\node_modules\\router\\lib\\layer.js:152:17)\n    at next (F:\\We Promote Application\\Hrm Backend\\backend\\node_modules\\router\\lib\\route.js:157:13)\n    at module.exports (F:\\We Promote Application\\Hrm Backend\\backend\\src\\middlewares\\auth.middleware.js:36:5)"}
2026-08-26T05:17:03.074Z POST /api/projects/68f80174-cd58-440c-98ff-943c9191f80b/monthly-sheets -> {"code":"P2022","message":"\nInvalid `prisma.projectMonthlySheet.create()` invocation in\nF:\\We Promote Application\\Hrm Backend\\backend\\src\\modules\\project-monthly-sheet\\project-monthly-sheet.service.js:191:50\n\n  188   });\n  189 }\n  190 \n→ 191 const sheet = await prisma.projectMonthlySheet.create(\nThe column `uploadStatus` does not exist in the current database.","stack":"PrismaClientKnownRequestError: \nInvalid `prisma.projectMonthlySheet.create()` invocation in\nF:\\We Promote Application\\Hrm Backend\\backend\\src\\modules\\project-monthly-sheet\\project-monthly-sheet.service.js:191:50\n\n  188   });\n  189 }\n  190 \n→ 191 const sheet = await prisma.projectMonthlySheet.create(\nThe column `uploadStatus` does not exist in the current database.\n    at $n.handleRequestError (F:\\We Promote Application\\Hrm Backend\\backend\\node_modules\\@prisma\\client\\runtime\\library.js:121:7315)\n    at $n.handleAndLogRequestError (F:\\We Promote Application\\Hrm Backend\\backend\\node_modules\\@prisma\\client\\runtime\\library.js:121:6623)\n    at $n.request (F:\\We Promote Application\\Hrm Backend\\backend\\node_modules\\@prisma\\client\\runtime\\library.js:121:6307)\n    at async l (F:\\We Promote Application\\Hrm Backend\\backend\\node_modules\\@prisma\\client\\runtime\\library.js:130:9633)\n    at async exports.createProjectMonthlySheet (F:\\We Promote Application\\Hrm Backend\\backend\\src\\modules\\project-monthly-sheet\\project-monthly-sheet.service.js:191:17)\n    at async exports.createProjectMonthlySheet (F:\\We Promote Application\\Hrm Backend\\backend\\src\\modules\\project-monthly-sheet\\project-monthly-sheet.controller.js:5:18)"}
2026-08-26T05:17:12.863Z POST /api/projects/68f80174-cd58-440c-98ff-943c9191f80b/monthly-sheets -> {"code":"P2022","message":"\nInvalid `prisma.projectMonthlySheet.create()` invocation in\nF:\\We Promote Application\\Hrm Backend\\backend\\src\\modules\\project-monthly-sheet\\project-monthly-sheet.service.js:191:50\n\n  188   });\n  189 }\n  190 \n→ 191 const sheet = await prisma.projectMonthlySheet.create(\nThe column `uploadStatus` does not exist in the current database.","stack":"PrismaClientKnownRequestError: \nInvalid `prisma.projectMonthlySheet.create()` invocation in\nF:\\We Promote Application\\Hrm Backend\\backend\\src\\modules\\project-monthly-sheet\\project-monthly-sheet.service.js:191:50\n\n  188   });\n  189 }\n  190 \n→ 191 const sheet = await prisma.projectMonthlySheet.create(\nThe column `uploadStatus` does not exist in the current database.\n    at $n.handleRequestError (F:\\We Promote Application\\Hrm Backend\\backend\\node_modules\\@prisma\\client\\runtime\\library.js:121:7315)\n    at $n.handleAndLogRequestError (F:\\We Promote Application\\Hrm Backend\\backend\\node_modules\\@prisma\\client\\runtime\\library.js:121:6623)\n    at $n.request (F:\\We Promote Application\\Hrm Backend\\backend\\node_modules\\@prisma\\client\\runtime\\library.js:121:6307)\n    at async l (F:\\We Promote Application\\Hrm Backend\\backend\\node_modules\\@prisma\\client\\runtime\\library.js:130:9633)\n    at async exports.createProjectMonthlySheet (F:\\We Promote Application\\Hrm Backend\\backend\\src\\modules\\project-monthly-sheet\\project-monthly-sheet.service.js:191:17)\n    at async exports.createProjectMonthlySheet (F:\\We Promote Application\\Hrm Backend\\backend\\src\\modules\\project-monthly-sheet\\project-monthly-sheet.controller.js:5:18)"}
2026-08-26T05:19:18.903Z POST /api/projects/68f80174-cd58-440c-98ff-943c9191f80b/monthly-sheets -> {"code":"P2022","message":"\nInvalid `prisma.projectMonthlySheet.create()` invocation in\nF:\\We Promote Application\\Hrm Backend\\backend\\src\\modules\\project-monthly-sheet\\project-monthly-sheet.service.js:191:50\n\n  188   });\n  189 }\n  190 \n→ 191 const sheet = await prisma.projectMonthlySheet.create(\nThe column `ProjectMonthlySheetDay.uploadRejectReason` does not exist in the current database.","stack":"PrismaClientKnownRequestError: \nInvalid `prisma.projectMonthlySheet.create()` invocation in\nF:\\We Promote Application\\Hrm Backend\\backend\\src\\modules\\project-monthly-sheet\\project-monthly-sheet.service.js:191:50\n\n  188   });\n  189 }\n  190 \n→ 191 const sheet = await prisma.projectMonthlySheet.create(\nThe column `ProjectMonthlySheetDay.uploadRejectReason` does not exist in the current database.\n    at $n.handleRequestError (F:\\We Promote Application\\Hrm Backend\\backend\\node_modules\\@prisma\\client\\runtime\\library.js:121:7315)\n    at $n.handleAndLogRequestError (F:\\We Promote Application\\Hrm Backend\\backend\\node_modules\\@prisma\\client\\runtime\\library.js:121:6623)\n    at $n.request (F:\\We Promote Application\\Hrm Backend\\backend\\node_modules\\@prisma\\client\\runtime\\library.js:121:6307)\n    at async l (F:\\We Promote Application\\Hrm Backend\\backend\\node_modules\\@prisma\\client\\runtime\\library.js:130:9633)\n    at async exports.createProjectMonthlySheet (F:\\We Promote Application\\Hrm Backend\\backend\\src\\modules\\project-monthly-sheet\\project-monthly-sheet.service.js:191:17)\n    at async exports.createProjectMonthlySheet (F:\\We Promote Application\\Hrm Backend\\backend\\src\\modules\\project-monthly-sheet\\project-monthly-sheet.controller.js:5:18)"}
2026-08-26T05:19:51.946Z POST /api/projects/68f80174-cd58-440c-98ff-943c9191f80b/monthly-sheets -> {"code":"P2022","message":"\nInvalid `prisma.projectMonthlySheet.create()` invocation in\nF:\\We Promote Application\\Hrm Backend\\backend\\src\\modules\\project-monthly-sheet\\project-monthly-sheet.service.js:191:50\n\n  188   });\n  189 }\n  190 \n→ 191 const sheet = await prisma.projectMonthlySheet.create(\nThe column `ProjectMonthlySheetDay.uploadRejectReason` does not exist in the current database.","stack":"PrismaClientKnownRequestError: \nInvalid `prisma.projectMonthlySheet.create()` invocation in\nF:\\We Promote Application\\Hrm Backend\\backend\\src\\modules\\project-monthly-sheet\\project-monthly-sheet.service.js:191:50\n\n  188   });\n  189 }\n  190 \n→ 191 const sheet = await prisma.projectMonthlySheet.create(\nThe column `ProjectMonthlySheetDay.uploadRejectReason` does not exist in the current database.\n    at $n.handleRequestError (F:\\We Promote Application\\Hrm Backend\\backend\\node_modules\\@prisma\\client\\runtime\\library.js:121:7315)\n    at $n.handleAndLogRequestError (F:\\We Promote Application\\Hrm Backend\\backend\\node_modules\\@prisma\\client\\runtime\\library.js:121:6623)\n    at $n.request (F:\\We Promote Application\\Hrm Backend\\backend\\node_modules\\@prisma\\client\\runtime\\library.js:121:6307)\n    at async l (F:\\We Promote Application\\Hrm Backend\\backend\\node_modules\\@prisma\\client\\runtime\\library.js:130:9633)\n    at async exports.createProjectMonthlySheet (F:\\We Promote Application\\Hrm Backend\\backend\\src\\modules\\project-monthly-sheet\\project-monthly-sheet.service.js:191:17)\n    at async exports.createProjectMonthlySheet (F:\\We Promote Application\\Hrm Backend\\backend\\src\\modules\\project-monthly-sheet\\project-monthly-sheet.controller.js:5:18)"}
2026-08-26T05:26:37.564Z GET /api/sidebar-unread -> {"statusCode":401,"code":"AUTH_002","message":"You are not authorized to access this resource.","stack":"Error: You are not authorized to access this resource.\n    at module.exports (F:\\We Promote Application\\Hrm Backend\\backend\\src\\middlewares\\auth.middleware.js:27:19)"}
2026-08-26T05:26:37.597Z GET /api/coordinator-assignments/assigned-to/d1619549-8557-4556-87f9-577d2f4a40f0 -> {"statusCode":401,"code":"AUTH_002","message":"You are not authorized to access this resource.","stack":"Error: You are not authorized to access this resource.\n    at module.exports (F:\\We Promote Application\\Hrm Backend\\backend\\src\\middlewares\\auth.middleware.js:27:19)"}
2026-08-26T05:26:37.631Z GET /api/projects -> {"statusCode":401,"code":"AUTH_002","message":"You are not authorized to access this resource.","stack":"Error: You are not authorized to access this resource.\n    at module.exports (F:\\We Promote Application\\Hrm Backend\\backend\\src\\middlewares\\auth.middleware.js:27:19)"}
2026-08-26T05:26:37.818Z GET /api/attendance -> {"statusCode":401,"code":"AUTH_002","message":"You are not authorized to access this resource.","stack":"Error: You are not authorized to access this resource.\n    at module.exports (F:\\We Promote Application\\Hrm Backend\\backend\\src\\middlewares\\auth.middleware.js:10:17)\n    at Layer.handleRequest (F:\\We Promote Application\\Hrm Backend\\backend\\node_modules\\router\\lib\\layer.js:152:17)\n    at next (F:\\We Promote Application\\Hrm Backend\\backend\\node_modules\\router\\lib\\route.js:157:13)\n    at Route.dispatch (F:\\We Promote Application\\Hrm Backend\\backend\\node_modules\\router\\lib\\route.js:117:3)\n    at handle (F:\\We Promote Application\\Hrm Backend\\backend\\node_modules\\router\\index.js:435:11)\n    at Layer.handleRequest (F:\\We Promote Application\\Hrm Backend\\backend\\node_modules\\router\\lib\\layer.js:152:17)\n    at F:\\We Promote Application\\Hrm Backend\\backend\\node_modules\\router\\index.js:295:15\n    at processParams (F:\\We Promote Application\\Hrm Backend\\backend\\node_modules\\router\\index.js:582:12)\n    at next (F:\\We Promote Application\\Hrm Backend\\backend\\node_modules\\router\\index.js:291:5)\n    at Function.handle (F:\\We Promote Application\\Hrm Backend\\backend\\node_modules\\router\\index.js:186:3)"}
2026-08-26T05:26:37.898Z GET /api/hr/dashboard/overview -> {"statusCode":401,"code":"AUTH_002","message":"You are not authorized to access this resource.","stack":"Error: You are not authorized to access this resource.\n    at module.exports (F:\\We Promote Application\\Hrm Backend\\backend\\src\\middlewares\\auth.middleware.js:10:17)\n    at Layer.handleRequest (F:\\We Promote Application\\Hrm Backend\\backend\\node_modules\\router\\lib\\layer.js:152:17)\n    at next (F:\\We Promote Application\\Hrm Backend\\backend\\node_modules\\router\\lib\\route.js:157:13)\n    at Route.dispatch (F:\\We Promote Application\\Hrm Backend\\backend\\node_modules\\router\\lib\\route.js:117:3)\n    at handle (F:\\We Promote Application\\Hrm Backend\\backend\\node_modules\\router\\index.js:435:11)\n    at Layer.handleRequest (F:\\We Promote Application\\Hrm Backend\\backend\\node_modules\\router\\lib\\layer.js:152:17)\n    at F:\\We Promote Application\\Hrm Backend\\backend\\node_modules\\router\\index.js:295:15\n    at processParams (F:\\We Promote Application\\Hrm Backend\\backend\\node_modules\\router\\index.js:582:12)\n    at next (F:\\We Promote Application\\Hrm Backend\\backend\\node_modules\\router\\index.js:291:5)\n    at Function.handle (F:\\We Promote Application\\Hrm Backend\\backend\\node_modules\\router\\index.js:186:3)"}
2026-08-26T05:26:37.951Z GET /api/attendance -> {"statusCode":401,"code":"AUTH_002","message":"You are not authorized to access this resource.","stack":"Error: You are not authorized to access this resource.\n    at module.exports (F:\\We Promote Application\\Hrm Backend\\backend\\src\\middlewares\\auth.middleware.js:10:17)\n    at Layer.handleRequest (F:\\We Promote Application\\Hrm Backend\\backend\\node_modules\\router\\lib\\layer.js:152:17)\n    at next (F:\\We Promote Application\\Hrm Backend\\backend\\node_modules\\router\\lib\\route.js:157:13)\n    at Route.dispatch (F:\\We Promote Application\\Hrm Backend\\backend\\node_modules\\router\\lib\\route.js:117:3)\n    at handle (F:\\We Promote Application\\Hrm Backend\\backend\\node_modules\\router\\index.js:435:11)\n    at Layer.handleRequest (F:\\We Promote Application\\Hrm Backend\\backend\\node_modules\\router\\lib\\layer.js:152:17)\n    at F:\\We Promote Application\\Hrm Backend\\backend\\node_modules\\router\\index.js:295:15\n    at processParams (F:\\We Promote Application\\Hrm Backend\\backend\\node_modules\\router\\index.js:582:12)\n    at next (F:\\We Promote Application\\Hrm Backend\\backend\\node_modules\\router\\index.js:291:5)\n    at Function.handle (F:\\We Promote Application\\Hrm Backend\\backend\\node_modules\\router\\index.js:186:3)"}
2026-08-26T05:28:27.449Z POST /api/employee/leave -> {"statusCode":400,"message":"Cannot apply for leave during probation period","stack":"Error: Cannot apply for leave during probation period\n    at exports.applyLeave (F:\\We Promote Application\\Hrm Backend\\backend\\src\\modules\\employee\\employee.service.js:72:11)\n    at async exports.applyLeave (F:\\We Promote Application\\Hrm Backend\\backend\\src\\modules\\employee\\employee.controller.js:38:18)"}
2026-09-01T04:47:53.116Z GET /api/attendance/history -> {"statusCode":401,"code":"AUTH_002","message":"You are not authorized to access this resource.","stack":"Error: You are not authorized to access this resource.\n    at module.exports (F:\\We Promote Application\\Hrm Backend\\backend\\src\\middlewares\\auth.middleware.js:10:17)\n    at Layer.handleRequest (F:\\We Promote Application\\Hrm Backend\\backend\\node_modules\\router\\lib\\layer.js:152:17)\n    at next (F:\\We Promote Application\\Hrm Backend\\backend\\node_modules\\router\\lib\\route.js:157:13)\n    at Route.dispatch (F:\\We Promote Application\\Hrm Backend\\backend\\node_modules\\router\\lib\\route.js:117:3)\n    at handle (F:\\We Promote Application\\Hrm Backend\\backend\\node_modules\\router\\index.js:435:11)\n    at Layer.handleRequest (F:\\We Promote Application\\Hrm Backend\\backend\\node_modules\\router\\lib\\layer.js:152:17)\n    at F:\\We Promote Application\\Hrm Backend\\backend\\node_modules\\router\\index.js:295:15\n    at processParams (F:\\We Promote Application\\Hrm Backend\\backend\\node_modules\\router\\index.js:582:12)\n    at next (F:\\We Promote Application\\Hrm Backend\\backend\\node_modules\\router\\index.js:291:5)\n    at Function.handle (F:\\We Promote Application\\Hrm Backend\\backend\\node_modules\\router\\index.js:186:3)"}
2026-09-01T06:07:34.091Z GET /api/projects -> {"statusCode":401,"code":"AUTH_002","message":"You are not authorized to access this resource.","stack":"Error: You are not authorized to access this resource.\n    at module.exports (F:\\We Promote Application\\Hrm Backend\\backend\\src\\middlewares\\auth.middleware.js:38:10)"}
2026-09-01T06:07:34.307Z GET /api/sidebar-unread -> {"statusCode":401,"code":"AUTH_002","message":"You are not authorized to access this resource.","stack":"Error: You are not authorized to access this resource.\n    at module.exports (F:\\We Promote Application\\Hrm Backend\\backend\\src\\middlewares\\auth.middleware.js:38:10)"}
2026-09-01T07:59:08.745Z GET /api/sidebar-unread -> {"statusCode":401,"code":"AUTH_002","message":"You are not authorized to access this resource.","stack":"Error: You are not authorized to access this resource.\n    at module.exports (F:\\We Promote Application\\Hrm Backend\\backend\\src\\middlewares\\auth.middleware.js:27:19)"}
2026-09-01T07:59:08.817Z GET /api/projects -> {"statusCode":401,"code":"AUTH_002","message":"You are not authorized to access this resource.","stack":"Error: You are not authorized to access this resource.\n    at module.exports (F:\\We Promote Application\\Hrm Backend\\backend\\src\\middlewares\\auth.middleware.js:27:19)"}
2026-09-01T07:59:08.821Z GET /api/departments -> {"statusCode":401,"code":"AUTH_002","message":"You are not authorized to access this resource.","stack":"Error: You are not authorized to access this resource.\n    at module.exports (F:\\We Promote Application\\Hrm Backend\\backend\\src\\middlewares\\auth.middleware.js:27:19)"}
2026-09-01T07:59:08.826Z GET /api/attendance/today -> {"statusCode":401,"code":"AUTH_002","message":"You are not authorized to access this resource.","stack":"Error: You are not authorized to access this resource.\n    at module.exports (F:\\We Promote Application\\Hrm Backend\\backend\\src\\middlewares\\auth.middleware.js:27:19)"}
2026-09-01T07:59:08.855Z GET /api/sidebar-unread -> {"statusCode":401,"code":"AUTH_002","message":"You are not authorized to access this resource.","stack":"Error: You are not authorized to access this resource.\n    at module.exports (F:\\We Promote Application\\Hrm Backend\\backend\\src\\middlewares\\auth.middleware.js:27:19)"}
2026-09-01T07:59:08.870Z GET /api/projects -> {"statusCode":401,"code":"AUTH_002","message":"You are not authorized to access this resource.","stack":"Error: You are not authorized to access this resource.\n    at module.exports (F:\\We Promote Application\\Hrm Backend\\backend\\src\\middlewares\\auth.middleware.js:27:19)"}
2026-09-01T07:59:08.876Z GET /api/departments -> {"statusCode":401,"code":"AUTH_002","message":"You are not authorized to access this resource.","stack":"Error: You are not authorized to access this resource.\n    at module.exports (F:\\We Promote Application\\Hrm Backend\\backend\\src\\middlewares\\auth.middleware.js:27:19)"}
2026-09-01T07:59:08.885Z GET /api/attendance/today -> {"statusCode":401,"code":"AUTH_002","message":"You are not authorized to access this resource.","stack":"Error: You are not authorized to access this resource.\n    at module.exports (F:\\We Promote Application\\Hrm Backend\\backend\\src\\middlewares\\auth.middleware.js:27:19)"}
2026-09-01T08:10:49.847Z POST /api/projects/68f80174-cd58-440c-98ff-943c9191f80b/monthly-sheets -> {"statusCode":400,"code":"VAL_001","message":"A monthly sheet for this project and month already exists.","stack":"Error: A monthly sheet for this project and month already exists.\n    at exports.createProjectMonthlySheet (F:\\We Promote Application\\Hrm Backend\\backend\\src\\modules\\project-monthly-sheet\\project-monthly-sheet.service.js:185:11)\n    at async exports.createProjectMonthlySheet (F:\\We Promote Application\\Hrm Backend\\backend\\src\\modules\\project-monthly-sheet\\project-monthly-sheet.controller.js:5:18)"}
2026-09-01T08:15:44.824Z POST /api/projects/68f80174-cd58-440c-98ff-943c9191f80b/monthly-sheets -> {"statusCode":400,"code":"VAL_001","message":"A monthly sheet for this project and month already exists.","stack":"Error: A monthly sheet for this project and month already exists.\n    at exports.createProjectMonthlySheet (F:\\We Promote Application\\Hrm Backend\\backend\\src\\modules\\project-monthly-sheet\\project-monthly-sheet.service.js:185:11)\n    at async exports.createProjectMonthlySheet (F:\\We Promote Application\\Hrm Backend\\backend\\src\\modules\\project-monthly-sheet\\project-monthly-sheet.controller.js:5:18)"}
2026-09-01T10:39:11.622Z GET /api/meta-ads-tasks -> {"message":"Cannot read properties of undefined (reading 'findMany')","stack":"TypeError: Cannot read properties of undefined (reading 'findMany')\n    at exports.getMetaAdsTasks (F:\\We Promote Application\\Hrm Backend\\backend\\src\\modules\\meta-ads-task\\meta-ads-task.service.js:125:42)\n    at exports.getMetaAdsTasks (F:\\We Promote Application\\Hrm Backend\\backend\\src\\modules\\meta-ads-task\\meta-ads-task.controller.js:14:32)\n    at Layer.handleRequest (F:\\We Promote Application\\Hrm Backend\\backend\\node_modules\\router\\lib\\layer.js:152:17)\n    at next (F:\\We Promote Application\\Hrm Backend\\backend\\node_modules\\router\\lib\\route.js:157:13)\n    at F:\\We Promote Application\\Hrm Backend\\backend\\src\\middlewares\\role.middleware.js:12:5\n    at Layer.handleRequest (F:\\We Promote Application\\Hrm Backend\\backend\\node_modules\\router\\lib\\layer.js:152:17)\n    at next (F:\\We Promote Application\\Hrm Backend\\backend\\node_modules\\router\\lib\\route.js:157:13)\n    at module.exports (F:\\We Promote Application\\Hrm Backend\\backend\\src\\middlewares\\auth.middleware.js:36:5)"}
2026-09-01T10:39:11.874Z GET /api/meta-ads-tasks -> {"message":"Cannot read properties of undefined (reading 'findMany')","stack":"TypeError: Cannot read properties of undefined (reading 'findMany')\n    at exports.getMetaAdsTasks (F:\\We Promote Application\\Hrm Backend\\backend\\src\\modules\\meta-ads-task\\meta-ads-task.service.js:125:42)\n    at exports.getMetaAdsTasks (F:\\We Promote Application\\Hrm Backend\\backend\\src\\modules\\meta-ads-task\\meta-ads-task.controller.js:14:32)\n    at Layer.handleRequest (F:\\We Promote Application\\Hrm Backend\\backend\\node_modules\\router\\lib\\layer.js:152:17)\n    at next (F:\\We Promote Application\\Hrm Backend\\backend\\node_modules\\router\\lib\\route.js:157:13)\n    at F:\\We Promote Application\\Hrm Backend\\backend\\src\\middlewares\\role.middleware.js:12:5\n    at Layer.handleRequest (F:\\We Promote Application\\Hrm Backend\\backend\\node_modules\\router\\lib\\layer.js:152:17)\n    at next (F:\\We Promote Application\\Hrm Backend\\backend\\node_modules\\router\\lib\\route.js:157:13)\n    at module.exports (F:\\We Promote Application\\Hrm Backend\\backend\\src\\middlewares\\auth.middleware.js:36:5)"}
2026-09-01T11:06:38.449Z PATCH /api/marketing-monthly-reports/e6e15f83-f6ad-4aa6-9909-65aa59af24e5 -> {"statusCode":403,"code":"AUTH_005","message":"Access denied. Insufficient permissions for this operation.","stack":"Error: Access denied. Insufficient permissions for this operation.\n    at exports.updateMarketingMonthlyReport (F:\\We Promote Application\\Hrm Backend\\backend\\src\\modules\\marketing-monthly-report\\marketing-monthly-report.service.js:117:11)\n    at async F:\\We Promote Application\\Hrm Backend\\backend\\src\\modules\\marketing-monthly-report\\marketing-monthly-report.controller.js:4:41"}
2026-09-01T11:18:09.193Z POST /api/auth/login -> {"statusCode":401,"code":"AUTH_001","message":"Invalid email or password. Please check and try again.","stack":"Error: Invalid email or password. Please check and try again.\n    at exports.login (F:\\We Promote Application\\Hrm Backend\\backend\\src\\modules\\auth\\auth.service.js:19:11)\n    at async exports.login (F:\\We Promote Application\\Hrm Backend\\backend\\src\\modules\\auth\\auth.controller.js:5:18)"}
2026-09-01T11:50:25.200Z POST /api/auth/login -> {"statusCode":401,"code":"AUTH_001","message":"Invalid email or password. Please check and try again.","stack":"Error: Invalid email or password. Please check and try again.\n    at exports.login (F:\\We Promote Application\\Hrm Backend\\backend\\src\\modules\\auth\\auth.service.js:19:11)\n    at async exports.login (F:\\We Promote Application\\Hrm Backend\\backend\\src\\modules\\auth\\auth.controller.js:5:18)"}
2026-09-01T11:56:00.691Z GET /api/marketing-monthly-reports/projects -> {"statusCode":403,"code":"AUTH_005","message":"Access denied. Insufficient permissions for this operation.","stack":"Error: Access denied. Insufficient permissions for this operation.\n    at F:\\We Promote Application\\Hrm Backend\\backend\\src\\middlewares\\role.middleware.js:10:19\n    at Layer.handleRequest (F:\\We Promote Application\\Hrm Backend\\backend\\node_modules\\router\\lib\\layer.js:152:17)\n    at next (F:\\We Promote Application\\Hrm Backend\\backend\\node_modules\\router\\lib\\route.js:157:13)\n    at module.exports (F:\\We Promote Application\\Hrm Backend\\backend\\src\\middlewares\\auth.middleware.js:36:5)"}
2026-09-01T11:56:00.769Z GET /api/marketing-monthly-reports/projects -> {"statusCode":403,"code":"AUTH_005","message":"Access denied. Insufficient permissions for this operation.","stack":"Error: Access denied. Insufficient permissions for this operation.\n    at F:\\We Promote Application\\Hrm Backend\\backend\\src\\middlewares\\role.middleware.js:10:19\n    at Layer.handleRequest (F:\\We Promote Application\\Hrm Backend\\backend\\node_modules\\router\\lib\\layer.js:152:17)\n    at next (F:\\We Promote Application\\Hrm Backend\\backend\\node_modules\\router\\lib\\route.js:157:13)\n    at module.exports (F:\\We Promote Application\\Hrm Backend\\backend\\src\\middlewares\\auth.middleware.js:36:5)"}
2026-09-01T11:56:00.970Z GET /api/marketing-monthly-reports?month=9&year=2026 -> {"statusCode":403,"code":"AUTH_005","message":"Access denied. Insufficient permissions for this operation.","stack":"Error: Access denied. Insufficient permissions for this operation.\n    at F:\\We Promote Application\\Hrm Backend\\backend\\src\\middlewares\\role.middleware.js:10:19\n    at Layer.handleRequest (F:\\We Promote Application\\Hrm Backend\\backend\\node_modules\\router\\lib\\layer.js:152:17)\n    at next (F:\\We Promote Application\\Hrm Backend\\backend\\node_modules\\router\\lib\\route.js:157:13)\n    at module.exports (F:\\We Promote Application\\Hrm Backend\\backend\\src\\middlewares\\auth.middleware.js:36:5)"}
2026-09-01T11:56:55.520Z GET /api/marketing-monthly-reports/projects -> {"statusCode":403,"code":"AUTH_005","message":"Access denied. Insufficient permissions for this operation.","stack":"Error: Access denied. Insufficient permissions for this operation.\n    at F:\\We Promote Application\\Hrm Backend\\backend\\src\\middlewares\\role.middleware.js:10:19\n    at Layer.handleRequest (F:\\We Promote Application\\Hrm Backend\\backend\\node_modules\\router\\lib\\layer.js:152:17)\n    at next (F:\\We Promote Application\\Hrm Backend\\backend\\node_modules\\router\\lib\\route.js:157:13)\n    at module.exports (F:\\We Promote Application\\Hrm Backend\\backend\\src\\middlewares\\auth.middleware.js:36:5)"}
2026-09-01T11:56:55.579Z GET /api/marketing-monthly-reports/projects -> {"statusCode":403,"code":"AUTH_005","message":"Access denied. Insufficient permissions for this operation.","stack":"Error: Access denied. Insufficient permissions for this operation.\n    at F:\\We Promote Application\\Hrm Backend\\backend\\src\\middlewares\\role.middleware.js:10:19\n    at Layer.handleRequest (F:\\We Promote Application\\Hrm Backend\\backend\\node_modules\\router\\lib\\layer.js:152:17)\n    at next (F:\\We Promote Application\\Hrm Backend\\backend\\node_modules\\router\\lib\\route.js:157:13)\n    at module.exports (F:\\We Promote Application\\Hrm Backend\\backend\\src\\middlewares\\auth.middleware.js:36:5)"}
2026-09-01T11:56:55.688Z GET /api/marketing-monthly-reports?month=9&year=2026 -> {"statusCode":403,"code":"AUTH_005","message":"Access denied. Insufficient permissions for this operation.","stack":"Error: Access denied. Insufficient permissions for this operation.\n    at F:\\We Promote Application\\Hrm Backend\\backend\\src\\middlewares\\role.middleware.js:10:19\n    at Layer.handleRequest (F:\\We Promote Application\\Hrm Backend\\backend\\node_modules\\router\\lib\\layer.js:152:17)\n    at next (F:\\We Promote Application\\Hrm Backend\\backend\\node_modules\\router\\lib\\route.js:157:13)\n    at module.exports (F:\\We Promote Application\\Hrm Backend\\backend\\src\\middlewares\\auth.middleware.js:36:5)"}
2026-09-02T04:58:17.956Z POST /api/projects/68f80174-cd58-440c-98ff-943c9191f80b/monthly-sheets -> {"statusCode":400,"code":"VAL_001","message":"\"moodBoardLink\" must be a string","stack":"Error: \"moodBoardLink\" must be a string\n    at F:\\We Promote Application\\Hrm Backend\\backend\\src\\middlewares\\validate.middleware.js:9:7\n    at Layer.handleRequest (F:\\We Promote Application\\Hrm Backend\\backend\\node_modules\\router\\lib\\layer.js:152:17)\n    at next (F:\\We Promote Application\\Hrm Backend\\backend\\node_modules\\router\\lib\\route.js:157:13)\n    at F:\\We Promote Application\\Hrm Backend\\backend\\src\\middlewares\\role.middleware.js:12:5\n    at Layer.handleRequest (F:\\We Promote Application\\Hrm Backend\\backend\\node_modules\\router\\lib\\layer.js:152:17)\n    at next (F:\\We Promote Application\\Hrm Backend\\backend\\node_modules\\router\\lib\\route.js:157:13)\n    at module.exports (F:\\We Promote Application\\Hrm Backend\\backend\\src\\middlewares\\auth.middleware.js:36:5)"}
2026-09-02T04:58:25.009Z POST /api/projects/68f80174-cd58-440c-98ff-943c9191f80b/monthly-sheets -> {"statusCode":400,"code":"VAL_001","message":"A monthly sheet for this project and month already exists.","stack":"Error: A monthly sheet for this project and month already exists.\n    at exports.createProjectMonthlySheet (F:\\We Promote Application\\Hrm Backend\\backend\\src\\modules\\project-monthly-sheet\\project-monthly-sheet.service.js:185:11)\n    at async exports.createProjectMonthlySheet (F:\\We Promote Application\\Hrm Backend\\backend\\src\\modules\\project-monthly-sheet\\project-monthly-sheet.controller.js:5:18)"}
2026-09-02T04:58:35.506Z POST /api/projects/68f80174-cd58-440c-98ff-943c9191f80b/monthly-sheets -> {"code":"P2002","message":"\nInvalid `prisma.projectMonthlySheet.create()` invocation in\nF:\\We Promote Application\\Hrm Backend\\backend\\src\\modules\\project-monthly-sheet\\project-monthly-sheet.service.js:191:50\n\n  188   });\n  189 }\n  190 \n→ 191 const sheet = await prisma.projectMonthlySheet.create(\nUnique constraint failed on the fields: (`sheetId`,`date`)","stack":"PrismaClientKnownRequestError: \nInvalid `prisma.projectMonthlySheet.create()` invocation in\nF:\\We Promote Application\\Hrm Backend\\backend\\src\\modules\\project-monthly-sheet\\project-monthly-sheet.service.js:191:50\n\n  188   });\n  189 }\n  190 \n→ 191 const sheet = await prisma.projectMonthlySheet.create(\nUnique constraint failed on the fields: (`sheetId`,`date`)\n    at $n.handleRequestError (F:\\We Promote Application\\Hrm Backend\\backend\\node_modules\\@prisma\\client\\runtime\\library.js:121:7315)\n    at $n.handleAndLogRequestError (F:\\We Promote Application\\Hrm Backend\\backend\\node_modules\\@prisma\\client\\runtime\\library.js:121:6623)\n    at $n.request (F:\\We Promote Application\\Hrm Backend\\backend\\node_modules\\@prisma\\client\\runtime\\library.js:121:6307)\n    at async l (F:\\We Promote Application\\Hrm Backend\\backend\\node_modules\\@prisma\\client\\runtime\\library.js:130:9633)\n    at async exports.createProjectMonthlySheet (F:\\We Promote Application\\Hrm Backend\\backend\\src\\modules\\project-monthly-sheet\\project-monthly-sheet.service.js:191:17)\n    at async exports.createProjectMonthlySheet (F:\\We Promote Application\\Hrm Backend\\backend\\src\\modules\\project-monthly-sheet\\project-monthly-sheet.controller.js:5:18)"}
2026-09-02T05:00:59.322Z GET /api/coordinator-assignments/assigned-to/f3392032-7a2e-45de-aec3-0e01aca8c71d -> {"statusCode":401,"code":"AUTH_002","message":"You are not authorized to access this resource.","stack":"Error: You are not authorized to access this resource.\n    at module.exports (F:\\We Promote Application\\Hrm Backend\\backend\\src\\middlewares\\auth.middleware.js:38:10)"}
2026-09-02T05:00:59.434Z GET /api/meta-ads-tasks -> {"statusCode":401,"code":"AUTH_002","message":"You are not authorized to access this resource.","stack":"Error: You are not authorized to access this resource.\n    at module.exports (F:\\We Promote Application\\Hrm Backend\\backend\\src\\middlewares\\auth.middleware.js:38:10)"}
2026-09-02T05:00:59.522Z GET /api/sidebar-unread -> {"statusCode":401,"code":"AUTH_002","message":"You are not authorized to access this resource.","stack":"Error: You are not authorized to access this resource.\n    at module.exports (F:\\We Promote Application\\Hrm Backend\\backend\\src\\middlewares\\auth.middleware.js:38:10)"}
2026-09-02T05:00:59.606Z GET /api/projects -> {"statusCode":401,"code":"AUTH_002","message":"You are not authorized to access this resource.","stack":"Error: You are not authorized to access this resource.\n    at module.exports (F:\\We Promote Application\\Hrm Backend\\backend\\src\\middlewares\\auth.middleware.js:38:10)"}
2026-09-02T11:10:11.516Z POST /api/marketing-reports -> {"statusCode":404,"code":"VAL_001","message":"Project not found.","stack":"Error: Project not found.\n    at exports.createMarketingReport (F:\\We Promote Application\\Hrm Backend\\backend\\src\\modules\\marketing-report\\marketing-report.service.js:66:11)\n    at async exports.createMarketingReport (F:\\We Promote Application\\Hrm Backend\\backend\\src\\modules\\marketing-report\\marketing-report.controller.js:5:18)"}
2026-09-02T11:11:47.266Z POST /api/marketing-reports -> {"statusCode":404,"code":"VAL_001","message":"Project not found.","stack":"Error: Project not found.\n    at exports.createMarketingReport (F:\\We Promote Application\\Hrm Backend\\backend\\src\\modules\\marketing-report\\marketing-report.service.js:66:11)\n    at async exports.createMarketingReport (F:\\We Promote Application\\Hrm Backend\\backend\\src\\modules\\marketing-report\\marketing-report.controller.js:5:18)"}
2026-09-02T11:12:43.317Z POST /api/projects -> {"statusCode":400,"code":"VAL_001","message":"One or more assigned managers were not found.","stack":"Error: One or more assigned managers were not found.\n    at exports.createProject (F:\\We Promote Application\\Hrm Backend\\backend\\src\\modules\\project\\project.service.js:217:11)\n    at async exports.createProject (F:\\We Promote Application\\Hrm Backend\\backend\\src\\modules\\project\\project.controller.js:37:18)"}
2026-09-02T11:12:48.446Z POST /api/projects -> {"statusCode":400,"code":"VAL_001","message":"One or more assigned managers were not found.","stack":"Error: One or more assigned managers were not found.\n    at exports.createProject (F:\\We Promote Application\\Hrm Backend\\backend\\src\\modules\\project\\project.service.js:217:11)\n    at async exports.createProject (F:\\We Promote Application\\Hrm Backend\\backend\\src\\modules\\project\\project.controller.js:37:18)"}
2026-09-02T11:13:28.089Z POST /api/projects -> {"statusCode":400,"code":"VAL_001","message":"One or more assigned managers were not found.","stack":"Error: One or more assigned managers were not found.\n    at exports.createProject (F:\\We Promote Application\\Hrm Backend\\backend\\src\\modules\\project\\project.service.js:217:11)\n    at async exports.createProject (F:\\We Promote Application\\Hrm Backend\\backend\\src\\modules\\project\\project.controller.js:37:18)"}
2026-09-02T11:15:31.895Z POST /api/projects -> {"statusCode":400,"code":"VAL_001","message":"One or more assigned managers were not found.","stack":"Error: One or more assigned managers were not found.\n    at exports.createProject (F:\\We Promote Application\\Hrm Backend\\backend\\src\\modules\\project\\project.service.js:217:11)\n    at async exports.createProject (F:\\We Promote Application\\Hrm Backend\\backend\\src\\modules\\project\\project.controller.js:37:18)"}
2026-09-02T11:17:05.040Z POST /api/meta-ads-tasks -> {"statusCode":400,"code":"VAL_001","message":"\"projectId\" is not allowed","stack":"Error: \"projectId\" is not allowed\n    at F:\\We Promote Application\\Hrm Backend\\backend\\src\\middlewares\\validate.middleware.js:9:7\n    at Layer.handleRequest (F:\\We Promote Application\\Hrm Backend\\backend\\node_modules\\router\\lib\\layer.js:152:17)\n    at next (F:\\We Promote Application\\Hrm Backend\\backend\\node_modules\\router\\lib\\route.js:157:13)\n    at F:\\We Promote Application\\Hrm Backend\\backend\\src\\middlewares\\role.middleware.js:12:5\n    at Layer.handleRequest (F:\\We Promote Application\\Hrm Backend\\backend\\node_modules\\router\\lib\\layer.js:152:17)\n    at next (F:\\We Promote Application\\Hrm Backend\\backend\\node_modules\\router\\lib\\route.js:157:13)\n    at module.exports (F:\\We Promote Application\\Hrm Backend\\backend\\src\\middlewares\\auth.middleware.js:36:5)"}
2026-09-02T11:34:44.618Z POST /api/projects -> {"statusCode":400,"code":"VAL_001","message":"\"startDate\" is required","stack":"Error: \"startDate\" is required\n    at F:\\We Promote Application\\Hrm Backend\\backend\\src\\middlewares\\validate.middleware.js:9:7\n    at Layer.handleRequest (F:\\We Promote Application\\Hrm Backend\\backend\\node_modules\\router\\lib\\layer.js:152:17)\n    at next (F:\\We Promote Application\\Hrm Backend\\backend\\node_modules\\router\\lib\\route.js:157:13)\n    at multerMiddleware (F:\\We Promote Application\\Hrm Backend\\backend\\node_modules\\multer\\lib\\make-middleware.js:18:41)\n    at Layer.handleRequest (F:\\We Promote Application\\Hrm Backend\\backend\\node_modules\\router\\lib\\layer.js:152:17)\n    at next (F:\\We Promote Application\\Hrm Backend\\backend\\node_modules\\router\\lib\\route.js:157:13)\n    at F:\\We Promote Application\\Hrm Backend\\backend\\src\\middlewares\\role.middleware.js:12:5\n    at Layer.handleRequest (F:\\We Promote Application\\Hrm Backend\\backend\\node_modules\\router\\lib\\layer.js:152:17)\n    at next (F:\\We Promote Application\\Hrm Backend\\backend\\node_modules\\router\\lib\\route.js:157:13)\n    at module.exports (F:\\We Promote Application\\Hrm Backend\\backend\\src\\middlewares\\auth.middleware.js:36:5)"}
2026-09-02T11:36:03.141Z POST /api/projects -> {"statusCode":400,"code":"VAL_001","message":"\"monthlyBudget\" is not allowed","stack":"Error: \"monthlyBudget\" is not allowed\n    at F:\\We Promote Application\\Hrm Backend\\backend\\src\\middlewares\\validate.middleware.js:9:7\n    at Layer.handleRequest (F:\\We Promote Application\\Hrm Backend\\backend\\node_modules\\router\\lib\\layer.js:152:17)\n    at next (F:\\We Promote Application\\Hrm Backend\\backend\\node_modules\\router\\lib\\route.js:157:13)\n    at multerMiddleware (F:\\We Promote Application\\Hrm Backend\\backend\\node_modules\\multer\\lib\\make-middleware.js:18:41)\n    at Layer.handleRequest (F:\\We Promote Application\\Hrm Backend\\backend\\node_modules\\router\\lib\\layer.js:152:17)\n    at next (F:\\We Promote Application\\Hrm Backend\\backend\\node_modules\\router\\lib\\route.js:157:13)\n    at F:\\We Promote Application\\Hrm Backend\\backend\\src\\middlewares\\role.middleware.js:12:5\n    at Layer.handleRequest (F:\\We Promote Application\\Hrm Backend\\backend\\node_modules\\router\\lib\\layer.js:152:17)\n    at next (F:\\We Promote Application\\Hrm Backend\\backend\\node_modules\\router\\lib\\route.js:157:13)\n    at module.exports (F:\\We Promote Application\\Hrm Backend\\backend\\src\\middlewares\\auth.middleware.js:36:5)"}
2026-09-02T11:38:02.805Z POST /api/projects -> {"statusCode":400,"code":"VAL_001","message":"\"monthlyBudget\" is not allowed","stack":"Error: \"monthlyBudget\" is not allowed\n    at F:\\We Promote Application\\Hrm Backend\\backend\\src\\middlewares\\validate.middleware.js:9:7\n    at Layer.handleRequest (F:\\We Promote Application\\Hrm Backend\\backend\\node_modules\\router\\lib\\layer.js:152:17)\n    at next (F:\\We Promote Application\\Hrm Backend\\backend\\node_modules\\router\\lib\\route.js:157:13)\n    at multerMiddleware (F:\\We Promote Application\\Hrm Backend\\backend\\node_modules\\multer\\lib\\make-middleware.js:18:41)\n    at Layer.handleRequest (F:\\We Promote Application\\Hrm Backend\\backend\\node_modules\\router\\lib\\layer.js:152:17)\n    at next (F:\\We Promote Application\\Hrm Backend\\backend\\node_modules\\router\\lib\\route.js:157:13)\n    at F:\\We Promote Application\\Hrm Backend\\backend\\src\\middlewares\\role.middleware.js:12:5\n    at Layer.handleRequest (F:\\We Promote Application\\Hrm Backend\\backend\\node_modules\\router\\lib\\layer.js:152:17)\n    at next (F:\\We Promote Application\\Hrm Backend\\backend\\node_modules\\router\\lib\\route.js:157:13)\n    at module.exports (F:\\We Promote Application\\Hrm Backend\\backend\\src\\middlewares\\auth.middleware.js:36:5)"}
2026-09-02T11:38:35.804Z POST /api/projects -> {"statusCode":400,"code":"VAL_001","message":"\"monthlyBudget\" is not allowed","stack":"Error: \"monthlyBudget\" is not allowed\n    at F:\\We Promote Application\\Hrm Backend\\backend\\src\\middlewares\\validate.middleware.js:9:7\n    at Layer.handleRequest (F:\\We Promote Application\\Hrm Backend\\backend\\node_modules\\router\\lib\\layer.js:152:17)\n    at next (F:\\We Promote Application\\Hrm Backend\\backend\\node_modules\\router\\lib\\route.js:157:13)\n    at multerMiddleware (F:\\We Promote Application\\Hrm Backend\\backend\\node_modules\\multer\\lib\\make-middleware.js:18:41)\n    at Layer.handleRequest (F:\\We Promote Application\\Hrm Backend\\backend\\node_modules\\router\\lib\\layer.js:152:17)\n    at next (F:\\We Promote Application\\Hrm Backend\\backend\\node_modules\\router\\lib\\route.js:157:13)\n    at F:\\We Promote Application\\Hrm Backend\\backend\\src\\middlewares\\role.middleware.js:12:5\n    at Layer.handleRequest (F:\\We Promote Application\\Hrm Backend\\backend\\node_modules\\router\\lib\\layer.js:152:17)\n    at next (F:\\We Promote Application\\Hrm Backend\\backend\\node_modules\\router\\lib\\route.js:157:13)\n    at module.exports (F:\\We Promote Application\\Hrm Backend\\backend\\src\\middlewares\\auth.middleware.js:36:5)"}
2026-09-02T11:39:45.792Z POST /api/projects -> {"statusCode":400,"code":"VAL_001","message":"\"departmentId\" is required","stack":"Error: \"departmentId\" is required\n    at F:\\We Promote Application\\Hrm Backend\\backend\\src\\middlewares\\validate.middleware.js:9:7\n    at Layer.handleRequest (F:\\We Promote Application\\Hrm Backend\\backend\\node_modules\\router\\lib\\layer.js:152:17)\n    at next (F:\\We Promote Application\\Hrm Backend\\backend\\node_modules\\router\\lib\\route.js:157:13)\n    at multerMiddleware (F:\\We Promote Application\\Hrm Backend\\backend\\node_modules\\multer\\lib\\make-middleware.js:18:41)\n    at Layer.handleRequest (F:\\We Promote Application\\Hrm Backend\\backend\\node_modules\\router\\lib\\layer.js:152:17)\n    at next (F:\\We Promote Application\\Hrm Backend\\backend\\node_modules\\router\\lib\\route.js:157:13)\n    at F:\\We Promote Application\\Hrm Backend\\backend\\src\\middlewares\\role.middleware.js:12:5\n    at Layer.handleRequest (F:\\We Promote Application\\Hrm Backend\\backend\\node_modules\\router\\lib\\layer.js:152:17)\n    at next (F:\\We Promote Application\\Hrm Backend\\backend\\node_modules\\router\\lib\\route.js:157:13)\n    at module.exports (F:\\We Promote Application\\Hrm Backend\\backend\\src\\middlewares\\auth.middleware.js:36:5)"}
2026-09-02T11:40:58.553Z POST /api/projects -> {"statusCode":400,"code":"VAL_001","message":"\"startDate\" is required","stack":"Error: \"startDate\" is required\n    at F:\\We Promote Application\\Hrm Backend\\backend\\src\\middlewares\\validate.middleware.js:9:7\n    at Layer.handleRequest (F:\\We Promote Application\\Hrm Backend\\backend\\node_modules\\router\\lib\\layer.js:152:17)\n    at next (F:\\We Promote Application\\Hrm Backend\\backend\\node_modules\\router\\lib\\route.js:157:13)\n    at multerMiddleware (F:\\We Promote Application\\Hrm Backend\\backend\\node_modules\\multer\\lib\\make-middleware.js:18:41)\n    at Layer.handleRequest (F:\\We Promote Application\\Hrm Backend\\backend\\node_modules\\router\\lib\\layer.js:152:17)\n    at next (F:\\We Promote Application\\Hrm Backend\\backend\\node_modules\\router\\lib\\route.js:157:13)\n    at F:\\We Promote Application\\Hrm Backend\\backend\\src\\middlewares\\role.middleware.js:12:5\n    at Layer.handleRequest (F:\\We Promote Application\\Hrm Backend\\backend\\node_modules\\router\\lib\\layer.js:152:17)\n    at next (F:\\We Promote Application\\Hrm Backend\\backend\\node_modules\\router\\lib\\route.js:157:13)\n    at module.exports (F:\\We Promote Application\\Hrm Backend\\backend\\src\\middlewares\\auth.middleware.js:36:5)"}
2026-09-02T11:41:47.629Z POST /api/projects -> {"statusCode":400,"code":"VAL_001","message":"\"monthlyBudget\" is not allowed","stack":"Error: \"monthlyBudget\" is not allowed\n    at F:\\We Promote Application\\Hrm Backend\\backend\\src\\middlewares\\validate.middleware.js:9:7\n    at Layer.handleRequest (F:\\We Promote Application\\Hrm Backend\\backend\\node_modules\\router\\lib\\layer.js:152:17)\n    at next (F:\\We Promote Application\\Hrm Backend\\backend\\node_modules\\router\\lib\\route.js:157:13)\n    at multerMiddleware (F:\\We Promote Application\\Hrm Backend\\backend\\node_modules\\multer\\lib\\make-middleware.js:18:41)\n    at Layer.handleRequest (F:\\We Promote Application\\Hrm Backend\\backend\\node_modules\\router\\lib\\layer.js:152:17)\n    at next (F:\\We Promote Application\\Hrm Backend\\backend\\node_modules\\router\\lib\\route.js:157:13)\n    at F:\\We Promote Application\\Hrm Backend\\backend\\src\\middlewares\\role.middleware.js:12:5\n    at Layer.handleRequest (F:\\We Promote Application\\Hrm Backend\\backend\\node_modules\\router\\lib\\layer.js:152:17)\n    at next (F:\\We Promote Application\\Hrm Backend\\backend\\node_modules\\router\\lib\\route.js:157:13)\n    at module.exports (F:\\We Promote Application\\Hrm Backend\\backend\\src\\middlewares\\auth.middleware.js:36:5)"}
2026-09-02T11:49:40.988Z POST /api/projects -> {"statusCode":400,"code":"VAL_001","message":"Social Media credential fields are only allowed for Social Media projects.","stack":"Error: Social Media credential fields are only allowed for Social Media projects.\n    at exports.createProject (F:\\We Promote Application\\Hrm Backend\\backend\\src\\modules\\project\\project.service.js:186:11)\n    at async exports.createProject (F:\\We Promote Application\\Hrm Backend\\backend\\src\\modules\\project\\project.controller.js:37:18)"}
2026-09-02T11:52:37.800Z POST /api/projects -> {"message":"\nInvalid `prisma.project.create()` invocation in\nF:\\We Promote Application\\Hrm Backend\\backend\\src\\modules\\project\\project.service.js:264:40\n\n  261   });\n  262 }\n  263 \n→ 264 const project = await prisma.project.create({\n        data: {\n          projectName: \"treveni\",\n          description: null,\n          departmentId: \"363fd379-fd5f-43c7-ab90-74ed8c013563\",\n          startDate: new Date(\"2026-09-02T00:00:00.000Z\"),\n          endDate: new Date(\"2026-09-25T00:00:00.000Z\"),\n          renewalDate: null,\n          frequency: null,\n          clientName: \"treveni\",\n          monthlyBudget: 8000,\n          ~~~~~~~~~~~~~\n          objective: \"LEAD\",\n          area: \"mohali\",\n          fundsAddedBy: \"CLIENT\",\n          location: null,\n          phone: null,\n          fbEmail: null,\n          fbPassword: null,\n          instaEmail: null,\n          instaPassword: null,\n          projectStartDate: null,\n          reference: [],\n          taste: [],\n          instaUsername: null,\n          facebookUsername: null,\n          linkedinEmail: null,\n          linkedinPassword: null,\n          youtubeEmail: null,\n          youtubePassword: null,\n          twitterEmail: null,\n          twitterPassword: null,\n          logo: null,\n          reasons: [],\n          domainName: null,\n          domainPassword: null,\n          clientEmail: null,\n          clientEmailPassword: null,\n          requirements: null,\n          seoEmail: null,\n          seoPassword: null,\n          seoName: null,\n          seoContact: null,\n          createdById: \"cdf91a50-2022-4fb6-9e86-ab0c8a3244c8\",\n          assignments: {\n            create: [\n              {\n                managerId: \"f3392032-7a2e-45de-aec3-0e01aca8c71d\"\n              }\n            ]\n          },\n      ?   id?: String,\n      ?   createdAt?: DateTime,\n      ?   updatedAt?: DateTime,\n      ?   status?: ProjectStatus,\n      ?   monthlySheets?: ProjectMonthlySheetUncheckedCreateNestedManyWithoutProjectInput,\n      ?   tasks?: TaskUncheckedCreateNestedManyWithoutProjectInput,\n      ?   seoTasks?: SeoTaskUncheckedCreateNestedManyWithoutProjectInput,\n      ?   dailyReports?: ProjectDailyReportUncheckedCreateNestedManyWithoutProjectInput,\n      ?   seoReports?: SeoReportUncheckedCreateNestedManyWithoutProjectInput,\n      ?   marketingReports?: MarketingReportUncheckedCreateNestedManyWithoutProjectInput,\n      ?   marketingMonthlyReportRows?: MarketingMonthlyReportRowUncheckedCreateNestedManyWithoutProjectInput,\n      ?   whatsappMessages?: WhatsappMessageUncheckedCreateNestedManyWithoutProjectInput\n        },\n        include: {\n          department: true,\n          createdBy: true,\n          assignments: {\n            include: {\n              manager: true\n            }\n          }\n        }\n      })\n\nUnknown argument `monthlyBudget`. Available options are marked with ?.","stack":"PrismaClientValidationError: \nInvalid `prisma.project.create()` invocation in\nF:\\We Promote Application\\Hrm Backend\\backend\\src\\modules\\project\\project.service.js:264:40\n\n  261   });\n  262 }\n  263 \n→ 264 const project = await prisma.project.create({\n        data: {\n          projectName: \"treveni\",\n          description: null,\n          departmentId: \"363fd379-fd5f-43c7-ab90-74ed8c013563\",\n          startDate: new Date(\"2026-09-02T00:00:00.000Z\"),\n          endDate: new Date(\"2026-09-25T00:00:00.000Z\"),\n          renewalDate: null,\n          frequency: null,\n          clientName: \"treveni\",\n          monthlyBudget: 8000,\n          ~~~~~~~~~~~~~\n          objective: \"LEAD\",\n          area: \"mohali\",\n          fundsAddedBy: \"CLIENT\",\n          location: null,\n          phone: null,\n          fbEmail: null,\n          fbPassword: null,\n          instaEmail: null,\n          instaPassword: null,\n          projectStartDate: null,\n          reference: [],\n          taste: [],\n          instaUsername: null,\n          facebookUsername: null,\n          linkedinEmail: null,\n          linkedinPassword: null,\n          youtubeEmail: null,\n          youtubePassword: null,\n          twitterEmail: null,\n          twitterPassword: null,\n          logo: null,\n          reasons: [],\n          domainName: null,\n          domainPassword: null,\n          clientEmail: null,\n          clientEmailPassword: null,\n          requirements: null,\n          seoEmail: null,\n          seoPassword: null,\n          seoName: null,\n          seoContact: null,\n          createdById: \"cdf91a50-2022-4fb6-9e86-ab0c8a3244c8\",\n          assignments: {\n            create: [\n              {\n                managerId: \"f3392032-7a2e-45de-aec3-0e01aca8c71d\"\n              }\n            ]\n          },\n      ?   id?: String,\n      ?   createdAt?: DateTime,\n      ?   updatedAt?: DateTime,\n      ?   status?: ProjectStatus,\n      ?   monthlySheets?: ProjectMonthlySheetUncheckedCreateNestedManyWithoutProjectInput,\n      ?   tasks?: TaskUncheckedCreateNestedManyWithoutProjectInput,\n      ?   seoTasks?: SeoTaskUncheckedCreateNestedManyWithoutProjectInput,\n      ?   dailyReports?: ProjectDailyReportUncheckedCreateNestedManyWithoutProjectInput,\n      ?   seoReports?: SeoReportUncheckedCreateNestedManyWithoutProjectInput,\n      ?   marketingReports?: MarketingReportUncheckedCreateNestedManyWithoutProjectInput,\n      ?   marketingMonthlyReportRows?: MarketingMonthlyReportRowUncheckedCreateNestedManyWithoutProjectInput,\n      ?   whatsappMessages?: WhatsappMessageUncheckedCreateNestedManyWithoutProjectInput\n        },\n        include: {\n          department: true,\n          createdBy: true,\n          assignments: {\n            include: {\n              manager: true\n            }\n          }\n        }\n      })\n\nUnknown argument `monthlyBudget`. Available options are marked with ?.\n    at wn (F:\\We Promote Application\\Hrm Backend\\backend\\node_modules\\@prisma\\client\\runtime\\library.js:29:1363)\n    at $n.handleRequestError (F:\\We Promote Application\\Hrm Backend\\backend\\node_modules\\@prisma\\client\\runtime\\library.js:121:6958)\n    at $n.handleAndLogRequestError (F:\\We Promote Application\\Hrm Backend\\backend\\node_modules\\@prisma\\client\\runtime\\library.js:121:6623)\n    at $n.request (F:\\We Promote Application\\Hrm Backend\\backend\\node_modules\\@prisma\\client\\runtime\\library.js:121:6307)\n    at async l (F:\\We Promote Application\\Hrm Backend\\backend\\node_modules\\@prisma\\client\\runtime\\library.js:130:9633)\n    at async exports.createProject (F:\\We Promote Application\\Hrm Backend\\backend\\src\\modules\\project\\project.service.js:264:19)\n    at async exports.createProject (F:\\We Promote Application\\Hrm Backend\\backend\\src\\modules\\project\\project.controller.js:37:18)"}
2026-09-02T11:54:39.850Z POST /api/projects -> {"message":"\nInvalid `prisma.project.create()` invocation in\nF:\\We Promote Application\\Hrm Backend\\backend\\src\\modules\\project\\project.service.js:264:40\n\n  261   });\n  262 }\n  263 \n→ 264 const project = await prisma.project.create({\n        data: {\n          projectName: \"treveni\",\n          description: null,\n          departmentId: \"363fd379-fd5f-43c7-ab90-74ed8c013563\",\n          startDate: new Date(\"2026-09-02T00:00:00.000Z\"),\n          endDate: new Date(\"2026-09-25T00:00:00.000Z\"),\n          renewalDate: null,\n          frequency: null,\n          clientName: \"treveni\",\n          monthlyBudget: 8000,\n          ~~~~~~~~~~~~~\n          objective: \"LEAD\",\n          area: \"mohali\",\n          fundsAddedBy: \"CLIENT\",\n          location: null,\n          phone: null,\n          fbEmail: null,\n          fbPassword: null,\n          instaEmail: null,\n          instaPassword: null,\n          projectStartDate: null,\n          reference: [],\n          taste: [],\n          instaUsername: null,\n          facebookUsername: null,\n          linkedinEmail: null,\n          linkedinPassword: null,\n          youtubeEmail: null,\n          youtubePassword: null,\n          twitterEmail: null,\n          twitterPassword: null,\n          logo: null,\n          reasons: [],\n          domainName: null,\n          domainPassword: null,\n          clientEmail: null,\n          clientEmailPassword: null,\n          requirements: null,\n          seoEmail: null,\n          seoPassword: null,\n          seoName: null,\n          seoContact: null,\n          createdById: \"cdf91a50-2022-4fb6-9e86-ab0c8a3244c8\",\n          assignments: {\n            create: [\n              {\n                managerId: \"f3392032-7a2e-45de-aec3-0e01aca8c71d\"\n              }\n            ]\n          },\n      ?   id?: String,\n      ?   createdAt?: DateTime,\n      ?   updatedAt?: DateTime,\n      ?   status?: ProjectStatus,\n      ?   monthlySheets?: ProjectMonthlySheetUncheckedCreateNestedManyWithoutProjectInput,\n      ?   tasks?: TaskUncheckedCreateNestedManyWithoutProjectInput,\n      ?   seoTasks?: SeoTaskUncheckedCreateNestedManyWithoutProjectInput,\n      ?   dailyReports?: ProjectDailyReportUncheckedCreateNestedManyWithoutProjectInput,\n      ?   seoReports?: SeoReportUncheckedCreateNestedManyWithoutProjectInput,\n      ?   marketingReports?: MarketingReportUncheckedCreateNestedManyWithoutProjectInput,\n      ?   marketingMonthlyReportRows?: MarketingMonthlyReportRowUncheckedCreateNestedManyWithoutProjectInput,\n      ?   whatsappMessages?: WhatsappMessageUncheckedCreateNestedManyWithoutProjectInput\n        },\n        include: {\n          department: true,\n          createdBy: true,\n          assignments: {\n            include: {\n              manager: true\n            }\n          }\n        }\n      })\n\nUnknown argument `monthlyBudget`. Available options are marked with ?.","stack":"PrismaClientValidationError: \nInvalid `prisma.project.create()` invocation in\nF:\\We Promote Application\\Hrm Backend\\backend\\src\\modules\\project\\project.service.js:264:40\n\n  261   });\n  262 }\n  263 \n→ 264 const project = await prisma.project.create({\n        data: {\n          projectName: \"treveni\",\n          description: null,\n          departmentId: \"363fd379-fd5f-43c7-ab90-74ed8c013563\",\n          startDate: new Date(\"2026-09-02T00:00:00.000Z\"),\n          endDate: new Date(\"2026-09-25T00:00:00.000Z\"),\n          renewalDate: null,\n          frequency: null,\n          clientName: \"treveni\",\n          monthlyBudget: 8000,\n          ~~~~~~~~~~~~~\n          objective: \"LEAD\",\n          area: \"mohali\",\n          fundsAddedBy: \"CLIENT\",\n          location: null,\n          phone: null,\n          fbEmail: null,\n          fbPassword: null,\n          instaEmail: null,\n          instaPassword: null,\n          projectStartDate: null,\n          reference: [],\n          taste: [],\n          instaUsername: null,\n          facebookUsername: null,\n          linkedinEmail: null,\n          linkedinPassword: null,\n          youtubeEmail: null,\n          youtubePassword: null,\n          twitterEmail: null,\n          twitterPassword: null,\n          logo: null,\n          reasons: [],\n          domainName: null,\n          domainPassword: null,\n          clientEmail: null,\n          clientEmailPassword: null,\n          requirements: null,\n          seoEmail: null,\n          seoPassword: null,\n          seoName: null,\n          seoContact: null,\n          createdById: \"cdf91a50-2022-4fb6-9e86-ab0c8a3244c8\",\n          assignments: {\n            create: [\n              {\n                managerId: \"f3392032-7a2e-45de-aec3-0e01aca8c71d\"\n              }\n            ]\n          },\n      ?   id?: String,\n      ?   createdAt?: DateTime,\n      ?   updatedAt?: DateTime,\n      ?   status?: ProjectStatus,\n      ?   monthlySheets?: ProjectMonthlySheetUncheckedCreateNestedManyWithoutProjectInput,\n      ?   tasks?: TaskUncheckedCreateNestedManyWithoutProjectInput,\n      ?   seoTasks?: SeoTaskUncheckedCreateNestedManyWithoutProjectInput,\n      ?   dailyReports?: ProjectDailyReportUncheckedCreateNestedManyWithoutProjectInput,\n      ?   seoReports?: SeoReportUncheckedCreateNestedManyWithoutProjectInput,\n      ?   marketingReports?: MarketingReportUncheckedCreateNestedManyWithoutProjectInput,\n      ?   marketingMonthlyReportRows?: MarketingMonthlyReportRowUncheckedCreateNestedManyWithoutProjectInput,\n      ?   whatsappMessages?: WhatsappMessageUncheckedCreateNestedManyWithoutProjectInput\n        },\n        include: {\n          department: true,\n          createdBy: true,\n          assignments: {\n            include: {\n              manager: true\n            }\n          }\n        }\n      })\n\nUnknown argument `monthlyBudget`. Available options are marked with ?.\n    at wn (F:\\We Promote Application\\Hrm Backend\\backend\\node_modules\\@prisma\\client\\runtime\\library.js:29:1363)\n    at $n.handleRequestError (F:\\We Promote Application\\Hrm Backend\\backend\\node_modules\\@prisma\\client\\runtime\\library.js:121:6958)\n    at $n.handleAndLogRequestError (F:\\We Promote Application\\Hrm Backend\\backend\\node_modules\\@prisma\\client\\runtime\\library.js:121:6623)\n    at $n.request (F:\\We Promote Application\\Hrm Backend\\backend\\node_modules\\@prisma\\client\\runtime\\library.js:121:6307)\n    at async l (F:\\We Promote Application\\Hrm Backend\\backend\\node_modules\\@prisma\\client\\runtime\\library.js:130:9633)\n    at async exports.createProject (F:\\We Promote Application\\Hrm Backend\\backend\\src\\modules\\project\\project.service.js:264:19)\n    at async exports.createProject (F:\\We Promote Application\\Hrm Backend\\backend\\src\\modules\\project\\project.controller.js:37:18)"}
2026-09-02T12:00:04.390Z POST /api/projects -> {"message":"\nInvalid `prisma.project.create()` invocation in\nF:\\We Promote Application\\Hrm Backend\\backend\\src\\modules\\project\\project.service.js:264:40\n\n  261   });\n  262 }\n  263 \n→ 264 const project = await prisma.project.create({\n        data: {\n          projectName: \"treveni\",\n          description: null,\n          departmentId: \"363fd379-fd5f-43c7-ab90-74ed8c013563\",\n          startDate: new Date(\"2026-09-02T00:00:00.000Z\"),\n          endDate: new Date(\"2026-09-04T00:00:00.000Z\"),\n          renewalDate: null,\n          frequency: null,\n          clientName: \"treveni\",\n          monthlyBudget: 8000,\n          ~~~~~~~~~~~~~\n          objective: \"LEAD\",\n          area: \"mohali\",\n          fundsAddedBy: \"CLIENT\",\n          location: null,\n          phone: null,\n          fbEmail: null,\n          fbPassword: null,\n          instaEmail: null,\n          instaPassword: null,\n          projectStartDate: null,\n          reference: [],\n          taste: [],\n          instaUsername: null,\n          facebookUsername: null,\n          linkedinEmail: null,\n          linkedinPassword: null,\n          youtubeEmail: null,\n          youtubePassword: null,\n          twitterEmail: null,\n          twitterPassword: null,\n          logo: null,\n          reasons: [],\n          domainName: null,\n          domainPassword: null,\n          clientEmail: null,\n          clientEmailPassword: null,\n          requirements: null,\n          seoEmail: null,\n          seoPassword: null,\n          seoName: null,\n          seoContact: null,\n          createdById: \"cdf91a50-2022-4fb6-9e86-ab0c8a3244c8\",\n          assignments: {\n            create: [\n              {\n                managerId: \"f3392032-7a2e-45de-aec3-0e01aca8c71d\"\n              }\n            ]\n          },\n      ?   id?: String,\n      ?   createdAt?: DateTime,\n      ?   updatedAt?: DateTime,\n      ?   status?: ProjectStatus,\n      ?   monthlySheets?: ProjectMonthlySheetUncheckedCreateNestedManyWithoutProjectInput,\n      ?   tasks?: TaskUncheckedCreateNestedManyWithoutProjectInput,\n      ?   seoTasks?: SeoTaskUncheckedCreateNestedManyWithoutProjectInput,\n      ?   dailyReports?: ProjectDailyReportUncheckedCreateNestedManyWithoutProjectInput,\n      ?   seoReports?: SeoReportUncheckedCreateNestedManyWithoutProjectInput,\n      ?   marketingReports?: MarketingReportUncheckedCreateNestedManyWithoutProjectInput,\n      ?   marketingMonthlyReportRows?: MarketingMonthlyReportRowUncheckedCreateNestedManyWithoutProjectInput,\n      ?   whatsappMessages?: WhatsappMessageUncheckedCreateNestedManyWithoutProjectInput\n        },\n        include: {\n          department: true,\n          createdBy: true,\n          assignments: {\n            include: {\n              manager: true\n            }\n          }\n        }\n      })\n\nUnknown argument `monthlyBudget`. Available options are marked with ?.","stack":"PrismaClientValidationError: \nInvalid `prisma.project.create()` invocation in\nF:\\We Promote Application\\Hrm Backend\\backend\\src\\modules\\project\\project.service.js:264:40\n\n  261   });\n  262 }\n  263 \n→ 264 const project = await prisma.project.create({\n        data: {\n          projectName: \"treveni\",\n          description: null,\n          departmentId: \"363fd379-fd5f-43c7-ab90-74ed8c013563\",\n          startDate: new Date(\"2026-09-02T00:00:00.000Z\"),\n          endDate: new Date(\"2026-09-04T00:00:00.000Z\"),\n          renewalDate: null,\n          frequency: null,\n          clientName: \"treveni\",\n          monthlyBudget: 8000,\n          ~~~~~~~~~~~~~\n          objective: \"LEAD\",\n          area: \"mohali\",\n          fundsAddedBy: \"CLIENT\",\n          location: null,\n          phone: null,\n          fbEmail: null,\n          fbPassword: null,\n          instaEmail: null,\n          instaPassword: null,\n          projectStartDate: null,\n          reference: [],\n          taste: [],\n          instaUsername: null,\n          facebookUsername: null,\n          linkedinEmail: null,\n          linkedinPassword: null,\n          youtubeEmail: null,\n          youtubePassword: null,\n          twitterEmail: null,\n          twitterPassword: null,\n          logo: null,\n          reasons: [],\n          domainName: null,\n          domainPassword: null,\n          clientEmail: null,\n          clientEmailPassword: null,\n          requirements: null,\n          seoEmail: null,\n          seoPassword: null,\n          seoName: null,\n          seoContact: null,\n          createdById: \"cdf91a50-2022-4fb6-9e86-ab0c8a3244c8\",\n          assignments: {\n            create: [\n              {\n                managerId: \"f3392032-7a2e-45de-aec3-0e01aca8c71d\"\n              }\n            ]\n          },\n      ?   id?: String,\n      ?   createdAt?: DateTime,\n      ?   updatedAt?: DateTime,\n      ?   status?: ProjectStatus,\n      ?   monthlySheets?: ProjectMonthlySheetUncheckedCreateNestedManyWithoutProjectInput,\n      ?   tasks?: TaskUncheckedCreateNestedManyWithoutProjectInput,\n      ?   seoTasks?: SeoTaskUncheckedCreateNestedManyWithoutProjectInput,\n      ?   dailyReports?: ProjectDailyReportUncheckedCreateNestedManyWithoutProjectInput,\n      ?   seoReports?: SeoReportUncheckedCreateNestedManyWithoutProjectInput,\n      ?   marketingReports?: MarketingReportUncheckedCreateNestedManyWithoutProjectInput,\n      ?   marketingMonthlyReportRows?: MarketingMonthlyReportRowUncheckedCreateNestedManyWithoutProjectInput,\n      ?   whatsappMessages?: WhatsappMessageUncheckedCreateNestedManyWithoutProjectInput\n        },\n        include: {\n          department: true,\n          createdBy: true,\n          assignments: {\n            include: {\n              manager: true\n            }\n          }\n        }\n      })\n\nUnknown argument `monthlyBudget`. Available options are marked with ?.\n    at wn (F:\\We Promote Application\\Hrm Backend\\backend\\node_modules\\@prisma\\client\\runtime\\library.js:29:1363)\n    at $n.handleRequestError (F:\\We Promote Application\\Hrm Backend\\backend\\node_modules\\@prisma\\client\\runtime\\library.js:121:6958)\n    at $n.handleAndLogRequestError (F:\\We Promote Application\\Hrm Backend\\backend\\node_modules\\@prisma\\client\\runtime\\library.js:121:6623)\n    at $n.request (F:\\We Promote Application\\Hrm Backend\\backend\\node_modules\\@prisma\\client\\runtime\\library.js:121:6307)\n    at async l (F:\\We Promote Application\\Hrm Backend\\backend\\node_modules\\@prisma\\client\\runtime\\library.js:130:9633)\n    at async exports.createProject (F:\\We Promote Application\\Hrm Backend\\backend\\src\\modules\\project\\project.service.js:264:19)\n    at async exports.createProject (F:\\We Promote Application\\Hrm Backend\\backend\\src\\modules\\project\\project.controller.js:37:18)"}
2026-09-02T12:09:47.898Z GET /api/coordinator-assignments/assigned-to/cdf91a50-2022-4fb6-9e86-ab0c8a3244c8 -> {"statusCode":401,"code":"AUTH_002","message":"You are not authorized to access this resource.","stack":"Error: You are not authorized to access this resource.\n    at module.exports (F:\\We Promote Application\\Hrm Backend\\backend\\src\\middlewares\\auth.middleware.js:27:19)"}
2026-09-02T12:09:47.951Z GET /api/projects -> {"statusCode":401,"code":"AUTH_002","message":"You are not authorized to access this resource.","stack":"Error: You are not authorized to access this resource.\n    at module.exports (F:\\We Promote Application\\Hrm Backend\\backend\\src\\middlewares\\auth.middleware.js:27:19)"}
2026-09-02T12:09:47.966Z GET /api/sidebar-unread -> {"statusCode":401,"code":"AUTH_002","message":"You are not authorized to access this resource.","stack":"Error: You are not authorized to access this resource.\n    at module.exports (F:\\We Promote Application\\Hrm Backend\\backend\\src\\middlewares\\auth.middleware.js:27:19)"}
2026-09-02T12:11:34.822Z POST /api/hr/manager -> {"statusCode":400,"code":"VAL_001","message":"\"name\" length must be at least 3 characters long","stack":"Error: \"name\" length must be at least 3 characters long\n    at F:\\We Promote Application\\Hrm Backend\\backend\\src\\middlewares\\validate.middleware.js:9:7\n    at Layer.handleRequest (F:\\We Promote Application\\Hrm Backend\\backend\\node_modules\\router\\lib\\layer.js:152:17)\n    at next (F:\\We Promote Application\\Hrm Backend\\backend\\node_modules\\router\\lib\\route.js:157:13)\n    at F:\\We Promote Application\\Hrm Backend\\backend\\src\\middlewares\\role.middleware.js:12:5\n    at Layer.handleRequest (F:\\We Promote Application\\Hrm Backend\\backend\\node_modules\\router\\lib\\layer.js:152:17)\n    at next (F:\\We Promote Application\\Hrm Backend\\backend\\node_modules\\router\\lib\\route.js:157:13)\n    at module.exports (F:\\We Promote Application\\Hrm Backend\\backend\\src\\middlewares\\auth.middleware.js:36:5)"}
2026-09-03T04:52:50.486Z GET /api/coordinator-assignments/assigned-to/2db968ae-f58f-4f59-859a-570c4423f870 -> {"statusCode":401,"code":"AUTH_002","message":"You are not authorized to access this resource.","stack":"Error: You are not authorized to access this resource.\n    at module.exports (F:\\We Promote Application\\Hrm Backend\\backend\\src\\middlewares\\auth.middleware.js:38:10)"}
2026-09-03T04:52:51.298Z GET /api/sidebar-unread -> {"statusCode":401,"code":"AUTH_002","message":"You are not authorized to access this resource.","stack":"Error: You are not authorized to access this resource.\n    at module.exports (F:\\We Promote Application\\Hrm Backend\\backend\\src\\middlewares\\auth.middleware.js:38:10)"}
2026-09-03T04:52:51.302Z GET /api/projects -> {"statusCode":401,"code":"AUTH_002","message":"You are not authorized to access this resource.","stack":"Error: You are not authorized to access this resource.\n    at module.exports (F:\\We Promote Application\\Hrm Backend\\backend\\src\\middlewares\\auth.middleware.js:38:10)"}
2026-09-03T06:21:53.384Z GET /api/projects -> {"statusCode":401,"code":"AUTH_002","message":"You are not authorized to access this resource.","stack":"Error: You are not authorized to access this resource.\n    at module.exports (F:\\We Promote Application\\Hrm Backend\\backend\\src\\middlewares\\auth.middleware.js:38:10)"}
2026-09-03T06:21:53.961Z GET /api/meta-ads-tasks -> {"statusCode":401,"code":"AUTH_002","message":"You are not authorized to access this resource.","stack":"Error: You are not authorized to access this resource.\n    at module.exports (F:\\We Promote Application\\Hrm Backend\\backend\\src\\middlewares\\auth.middleware.js:38:10)"}
2026-09-03T06:29:03.772Z GET /api/meta-ads-tasks -> {"statusCode":404,"code":"VAL_001","message":"Marketing report not found.","stack":"Error: Marketing report not found.\n    at exports.getMarketingReportById (F:\\We Promote Application\\Hrm Backend\\backend\\src\\modules\\marketing-report\\marketing-report.service.js:237:11)\n    at async exports.getMarketingReportById (F:\\We Promote Application\\Hrm Backend\\backend\\src\\modules\\marketing-report\\marketing-report.controller.js:51:18)"}
2026-09-03T06:29:03.988Z GET /api/meta-ads-tasks -> {"statusCode":404,"code":"VAL_001","message":"Marketing report not found.","stack":"Error: Marketing report not found.\n    at exports.getMarketingReportById (F:\\We Promote Application\\Hrm Backend\\backend\\src\\modules\\marketing-report\\marketing-report.service.js:237:11)\n    at async exports.getMarketingReportById (F:\\We Promote Application\\Hrm Backend\\backend\\src\\modules\\marketing-report\\marketing-report.controller.js:51:18)"}
2026-09-03T06:29:08.367Z GET /api/meta-ads-tasks -> {"statusCode":404,"code":"VAL_001","message":"Marketing report not found.","stack":"Error: Marketing report not found.\n    at exports.getMarketingReportById (F:\\We Promote Application\\Hrm Backend\\backend\\src\\modules\\marketing-report\\marketing-report.service.js:237:11)\n    at async exports.getMarketingReportById (F:\\We Promote Application\\Hrm Backend\\backend\\src\\modules\\marketing-report\\marketing-report.controller.js:51:18)"}
2026-09-03T06:29:13.351Z GET /api/meta-ads-tasks -> {"statusCode":404,"code":"VAL_001","message":"Marketing report not found.","stack":"Error: Marketing report not found.\n    at exports.getMarketingReportById (F:\\We Promote Application\\Hrm Backend\\backend\\src\\modules\\marketing-report\\marketing-report.service.js:237:11)\n    at async exports.getMarketingReportById (F:\\We Promote Application\\Hrm Backend\\backend\\src\\modules\\marketing-report\\marketing-report.controller.js:51:18)"}
2026-09-03T06:29:18.345Z GET /api/meta-ads-tasks -> {"statusCode":404,"code":"VAL_001","message":"Marketing report not found.","stack":"Error: Marketing report not found.\n    at exports.getMarketingReportById (F:\\We Promote Application\\Hrm Backend\\backend\\src\\modules\\marketing-report\\marketing-report.service.js:237:11)\n    at async exports.getMarketingReportById (F:\\We Promote Application\\Hrm Backend\\backend\\src\\modules\\marketing-report\\marketing-report.controller.js:51:18)"}
2026-09-03T06:29:23.353Z GET /api/meta-ads-tasks -> {"statusCode":404,"code":"VAL_001","message":"Marketing report not found.","stack":"Error: Marketing report not found.\n    at exports.getMarketingReportById (F:\\We Promote Application\\Hrm Backend\\backend\\src\\modules\\marketing-report\\marketing-report.service.js:237:11)\n    at async exports.getMarketingReportById (F:\\We Promote Application\\Hrm Backend\\backend\\src\\modules\\marketing-report\\marketing-report.controller.js:51:18)"}
2026-09-03T06:29:28.343Z GET /api/meta-ads-tasks -> {"statusCode":404,"code":"VAL_001","message":"Marketing report not found.","stack":"Error: Marketing report not found.\n    at exports.getMarketingReportById (F:\\We Promote Application\\Hrm Backend\\backend\\src\\modules\\marketing-report\\marketing-report.service.js:237:11)\n    at async exports.getMarketingReportById (F:\\We Promote Application\\Hrm Backend\\backend\\src\\modules\\marketing-report\\marketing-report.controller.js:51:18)"}
2026-09-03T06:29:33.368Z GET /api/meta-ads-tasks -> {"statusCode":404,"code":"VAL_001","message":"Marketing report not found.","stack":"Error: Marketing report not found.\n    at exports.getMarketingReportById (F:\\We Promote Application\\Hrm Backend\\backend\\src\\modules\\marketing-report\\marketing-report.service.js:237:11)\n    at async exports.getMarketingReportById (F:\\We Promote Application\\Hrm Backend\\backend\\src\\modules\\marketing-report\\marketing-report.controller.js:51:18)"}
2026-09-03T06:29:38.963Z GET /api/meta-ads-tasks -> {"statusCode":404,"code":"VAL_001","message":"Marketing report not found.","stack":"Error: Marketing report not found.\n    at exports.getMarketingReportById (F:\\We Promote Application\\Hrm Backend\\backend\\src\\modules\\marketing-report\\marketing-report.service.js:237:11)\n    at async exports.getMarketingReportById (F:\\We Promote Application\\Hrm Backend\\backend\\src\\modules\\marketing-report\\marketing-report.controller.js:51:18)"}
2026-09-03T06:29:43.958Z GET /api/meta-ads-tasks -> {"statusCode":404,"code":"VAL_001","message":"Marketing report not found.","stack":"Error: Marketing report not found.\n    at exports.getMarketingReportById (F:\\We Promote Application\\Hrm Backend\\backend\\src\\modules\\marketing-report\\marketing-report.service.js:237:11)\n    at async exports.getMarketingReportById (F:\\We Promote Application\\Hrm Backend\\backend\\src\\modules\\marketing-report\\marketing-report.controller.js:51:18)"}
2026-09-03T06:29:49.110Z GET /api/meta-ads-tasks -> {"statusCode":404,"code":"VAL_001","message":"Marketing report not found.","stack":"Error: Marketing report not found.\n    at exports.getMarketingReportById (F:\\We Promote Application\\Hrm Backend\\backend\\src\\modules\\marketing-report\\marketing-report.service.js:237:11)\n    at async exports.getMarketingReportById (F:\\We Promote Application\\Hrm Backend\\backend\\src\\modules\\marketing-report\\marketing-report.controller.js:51:18)"}
2026-09-03T06:29:53.961Z GET /api/meta-ads-tasks -> {"statusCode":404,"code":"VAL_001","message":"Marketing report not found.","stack":"Error: Marketing report not found.\n    at exports.getMarketingReportById (F:\\We Promote Application\\Hrm Backend\\backend\\src\\modules\\marketing-report\\marketing-report.service.js:237:11)\n    at async exports.getMarketingReportById (F:\\We Promote Application\\Hrm Backend\\backend\\src\\modules\\marketing-report\\marketing-report.controller.js:51:18)"}
2026-09-03T06:29:58.955Z GET /api/meta-ads-tasks -> {"statusCode":404,"code":"VAL_001","message":"Marketing report not found.","stack":"Error: Marketing report not found.\n    at exports.getMarketingReportById (F:\\We Promote Application\\Hrm Backend\\backend\\src\\modules\\marketing-report\\marketing-report.service.js:237:11)\n    at async exports.getMarketingReportById (F:\\We Promote Application\\Hrm Backend\\backend\\src\\modules\\marketing-report\\marketing-report.controller.js:51:18)"}
2026-09-03T06:30:03.916Z GET /api/meta-ads-tasks -> {"statusCode":404,"code":"VAL_001","message":"Marketing report not found.","stack":"Error: Marketing report not found.\n    at exports.getMarketingReportById (F:\\We Promote Application\\Hrm Backend\\backend\\src\\modules\\marketing-report\\marketing-report.service.js:237:11)\n    at async exports.getMarketingReportById (F:\\We Promote Application\\Hrm Backend\\backend\\src\\modules\\marketing-report\\marketing-report.controller.js:51:18)"}
2026-09-03T06:30:07.412Z GET /api/meta-ads-tasks -> {"statusCode":404,"code":"VAL_001","message":"Marketing report not found.","stack":"Error: Marketing report not found.\n    at exports.getMarketingReportById (F:\\We Promote Application\\Hrm Backend\\backend\\src\\modules\\marketing-report\\marketing-report.service.js:237:11)\n    at async exports.getMarketingReportById (F:\\We Promote Application\\Hrm Backend\\backend\\src\\modules\\marketing-report\\marketing-report.controller.js:51:18)"}
2026-09-03T06:33:05.138Z POST /api/projects/358c2706-6291-40e5-927b-239455c3a381/campaigns -> {"code":"P2002","message":"\nInvalid `prisma.campaign.create()` invocation in\nF:\\We Promote Application\\Hrm Backend\\backend\\src\\modules\\campaign\\campaign.service.js:90:42\n\n  87 });\n  88 if (existing) fail(409, \"A campaign with this name already exists in the project.\");\n  89 \n→ 90 const campaign = await prisma.campaign.create(\nUnique constraint failed on the fields: (`projectId`,`name`)","stack":"PrismaClientKnownRequestError: \nInvalid `prisma.campaign.create()` invocation in\nF:\\We Promote Application\\Hrm Backend\\backend\\src\\modules\\campaign\\campaign.service.js:90:42\n\n  87 });\n  88 if (existing) fail(409, \"A campaign with this name already exists in the project.\");\n  89 \n→ 90 const campaign = await prisma.campaign.create(\nUnique constraint failed on the fields: (`projectId`,`name`)\n    at $n.handleRequestError (F:\\We Promote Application\\Hrm Backend\\backend\\node_modules\\@prisma\\client\\runtime\\library.js:121:7315)\n    at $n.handleAndLogRequestError (F:\\We Promote Application\\Hrm Backend\\backend\\node_modules\\@prisma\\client\\runtime\\library.js:121:6623)\n    at $n.request (F:\\We Promote Application\\Hrm Backend\\backend\\node_modules\\@prisma\\client\\runtime\\library.js:121:6307)\n    at async l (F:\\We Promote Application\\Hrm Backend\\backend\\node_modules\\@prisma\\client\\runtime\\library.js:130:9633)\n    at async exports.createCampaign (F:\\We Promote Application\\Hrm Backend\\backend\\src\\modules\\campaign\\campaign.service.js:90:20)\n    at async exports.createCampaign (F:\\We Promote Application\\Hrm Backend\\backend\\src\\modules\\campaign\\campaign.controller.js:5:18)"}
2026-09-03T06:42:26.152Z GET /api/marketing-monthly-reports?month=9&year=2026 -> {"statusCode":404,"code":"VAL_001","message":"Marketing report not found.","stack":"Error: Marketing report not found.\n    at exports.getMarketingReportById (F:\\We Promote Application\\Hrm Backend\\backend\\src\\modules\\marketing-report\\marketing-report.service.js:237:11)\n    at async exports.getMarketingReportById (F:\\We Promote Application\\Hrm Backend\\backend\\src\\modules\\marketing-report\\marketing-report.controller.js:51:18)"}
2026-09-03T06:42:30.641Z GET /api/daily-report?date=2026-09-03&department=all -> {"statusCode":404,"code":"VAL_001","message":"Marketing report not found.","stack":"Error: Marketing report not found.\n    at exports.getMarketingReportById (F:\\We Promote Application\\Hrm Backend\\backend\\src\\modules\\marketing-report\\marketing-report.service.js:237:11)\n    at async exports.getMarketingReportById (F:\\We Promote Application\\Hrm Backend\\backend\\src\\modules\\marketing-report\\marketing-report.controller.js:51:18)"}
2026-09-03T06:42:30.681Z GET /api/daily-report?date=2026-09-03&department=all -> {"statusCode":404,"code":"VAL_001","message":"Marketing report not found.","stack":"Error: Marketing report not found.\n    at exports.getMarketingReportById (F:\\We Promote Application\\Hrm Backend\\backend\\src\\modules\\marketing-report\\marketing-report.service.js:237:11)\n    at async exports.getMarketingReportById (F:\\We Promote Application\\Hrm Backend\\backend\\src\\modules\\marketing-report\\marketing-report.controller.js:51:18)"}
2026-09-03T06:42:53.750Z GET /api/marketing-monthly-reports?month=9&year=2026 -> {"statusCode":404,"code":"VAL_001","message":"Marketing report not found.","stack":"Error: Marketing report not found.\n    at exports.getMarketingReportById (F:\\We Promote Application\\Hrm Backend\\backend\\src\\modules\\marketing-report\\marketing-report.service.js:237:11)\n    at async exports.getMarketingReportById (F:\\We Promote Application\\Hrm Backend\\backend\\src\\modules\\marketing-report\\marketing-report.controller.js:51:18)"}
2026-09-03T07:14:19.765Z PATCH /api/projects/cd520328-b96d-4112-bb71-3e9936a1064f -> {"statusCode":403,"code":"VAL_001","message":"Managers can only update credential fields on assigned projects.","stack":"Error: Managers can only update credential fields on assigned projects.\n    at exports.updateProject (F:\\We Promote Application\\Hrm Backend\\backend\\src\\modules\\project\\project.service.js:531:13)\n    at async exports.updateProject (F:\\We Promote Application\\Hrm Backend\\backend\\src\\modules\\project\\project.controller.js:118:18)"}
2026-09-03T07:14:21.094Z PATCH /api/projects/cd520328-b96d-4112-bb71-3e9936a1064f -> {"statusCode":403,"code":"VAL_001","message":"Managers can only update credential fields on assigned projects.","stack":"Error: Managers can only update credential fields on assigned projects.\n    at exports.updateProject (F:\\We Promote Application\\Hrm Backend\\backend\\src\\modules\\project\\project.service.js:531:13)\n    at async exports.updateProject (F:\\We Promote Application\\Hrm Backend\\backend\\src\\modules\\project\\project.controller.js:118:18)"}
2026-09-03T07:31:59.655Z GET /api/coordinator-assignments/assigned-to/cdf91a50-2022-4fb6-9e86-ab0c8a3244c8 -> {"statusCode":401,"code":"AUTH_002","message":"You are not authorized to access this resource.","stack":"Error: You are not authorized to access this resource.\n    at module.exports (F:\\We Promote Application\\Hrm Backend\\backend\\src\\middlewares\\auth.middleware.js:27:19)"}
2026-09-03T07:31:59.713Z GET /api/projects -> {"statusCode":401,"code":"AUTH_002","message":"You are not authorized to access this resource.","stack":"Error: You are not authorized to access this resource.\n    at module.exports (F:\\We Promote Application\\Hrm Backend\\backend\\src\\middlewares\\auth.middleware.js:27:19)"}
2026-09-03T07:31:59.729Z GET /api/hr/dashboard/overview -> {"statusCode":401,"code":"AUTH_002","message":"You are not authorized to access this resource.","stack":"Error: You are not authorized to access this resource.\n    at module.exports (F:\\We Promote Application\\Hrm Backend\\backend\\src\\middlewares\\auth.middleware.js:27:19)"}
2026-09-03T07:31:59.743Z GET /api/sidebar-unread -> {"statusCode":401,"code":"AUTH_002","message":"You are not authorized to access this resource.","stack":"Error: You are not authorized to access this resource.\n    at module.exports (F:\\We Promote Application\\Hrm Backend\\backend\\src\\middlewares\\auth.middleware.js:27:19)"}
2026-09-03T07:31:59.757Z GET /api/attendance -> {"statusCode":401,"code":"AUTH_002","message":"You are not authorized to access this resource.","stack":"Error: You are not authorized to access this resource.\n    at module.exports (F:\\We Promote Application\\Hrm Backend\\backend\\src\\middlewares\\auth.middleware.js:27:19)"}
2026-09-03T07:31:59.847Z GET /api/coordinator-assignments/assigned-to/cdf91a50-2022-4fb6-9e86-ab0c8a3244c8 -> {"statusCode":401,"code":"AUTH_002","message":"You are not authorized to access this resource.","stack":"Error: You are not authorized to access this resource.\n    at module.exports (F:\\We Promote Application\\Hrm Backend\\backend\\src\\middlewares\\auth.middleware.js:27:19)"}
2026-09-03T07:31:59.909Z GET /api/hr/dashboard/overview -> {"statusCode":401,"code":"AUTH_002","message":"You are not authorized to access this resource.","stack":"Error: You are not authorized to access this resource.\n    at module.exports (F:\\We Promote Application\\Hrm Backend\\backend\\src\\middlewares\\auth.middleware.js:27:19)"}
2026-09-03T07:31:59.986Z GET /api/attendance -> {"statusCode":401,"code":"AUTH_002","message":"You are not authorized to access this resource.","stack":"Error: You are not authorized to access this resource.\n    at module.exports (F:\\We Promote Application\\Hrm Backend\\backend\\src\\middlewares\\auth.middleware.js:27:19)"}
2026-09-03T07:34:09.346Z PATCH /api/projects/bf9471d4-039a-4058-82c4-654acae449fb -> {"statusCode":400,"code":"VAL_001","message":"One or more assigned managers were not found.","stack":"Error: One or more assigned managers were not found.\n    at exports.updateProject (F:\\We Promote Application\\Hrm Backend\\backend\\src\\modules\\project\\project.service.js:823:13)\n    at async exports.updateProject (F:\\We Promote Application\\Hrm Backend\\backend\\src\\modules\\project\\project.controller.js:118:18)"}
2026-09-03T07:34:17.039Z PATCH /api/projects/bf9471d4-039a-4058-82c4-654acae449fb -> {"statusCode":400,"code":"VAL_001","message":"One or more assigned managers were not found.","stack":"Error: One or more assigned managers were not found.\n    at exports.updateProject (F:\\We Promote Application\\Hrm Backend\\backend\\src\\modules\\project\\project.service.js:823:13)\n    at async exports.updateProject (F:\\We Promote Application\\Hrm Backend\\backend\\src\\modules\\project\\project.controller.js:118:18)"}
2026-09-03T07:49:23.274Z GET /api/marketing-monthly-reports?month=9&year=2026 -> {"statusCode":404,"code":"VAL_001","message":"Marketing report not found.","stack":"Error: Marketing report not found.\n    at exports.getMarketingReportById (F:\\We Promote Application\\Hrm Backend\\backend\\src\\modules\\marketing-report\\marketing-report.service.js:237:11)\n    at async exports.getMarketingReportById (F:\\We Promote Application\\Hrm Backend\\backend\\src\\modules\\marketing-report\\marketing-report.controller.js:51:18)"}
2026-09-03T07:49:26.306Z GET /api/daily-report?date=2026-09-03&department=all -> {"statusCode":404,"code":"VAL_001","message":"Marketing report not found.","stack":"Error: Marketing report not found.\n    at exports.getMarketingReportById (F:\\We Promote Application\\Hrm Backend\\backend\\src\\modules\\marketing-report\\marketing-report.service.js:237:11)\n    at async exports.getMarketingReportById (F:\\We Promote Application\\Hrm Backend\\backend\\src\\modules\\marketing-report\\marketing-report.controller.js:51:18)"}
2026-09-03T07:49:26.359Z GET /api/daily-report?date=2026-09-03&department=all -> {"statusCode":404,"code":"VAL_001","message":"Marketing report not found.","stack":"Error: Marketing report not found.\n    at exports.getMarketingReportById (F:\\We Promote Application\\Hrm Backend\\backend\\src\\modules\\marketing-report\\marketing-report.service.js:237:11)\n    at async exports.getMarketingReportById (F:\\We Promote Application\\Hrm Backend\\backend\\src\\modules\\marketing-report\\marketing-report.controller.js:51:18)"}
2026-09-03T07:49:33.862Z GET /api/marketing-monthly-reports?month=9&year=2026 -> {"statusCode":404,"code":"VAL_001","message":"Marketing report not found.","stack":"Error: Marketing report not found.\n    at exports.getMarketingReportById (F:\\We Promote Application\\Hrm Backend\\backend\\src\\modules\\marketing-report\\marketing-report.service.js:237:11)\n    at async exports.getMarketingReportById (F:\\We Promote Application\\Hrm Backend\\backend\\src\\modules\\marketing-report\\marketing-report.controller.js:51:18)"}
2026-09-03T07:52:15.074Z GET /api/marketing-monthly-reports?month=9&year=2026 -> {"statusCode":404,"code":"VAL_001","message":"Marketing report not found.","stack":"Error: Marketing report not found.\n    at exports.getMarketingReportById (F:\\We Promote Application\\Hrm Backend\\backend\\src\\modules\\marketing-report\\marketing-report.service.js:237:11)\n    at async exports.getMarketingReportById (F:\\We Promote Application\\Hrm Backend\\backend\\src\\modules\\marketing-report\\marketing-report.controller.js:51:18)"}
2026-09-03T07:53:09.122Z GET /api/daily-report?date=2026-09-03&department=all -> {"statusCode":404,"code":"VAL_001","message":"Marketing report not found.","stack":"Error: Marketing report not found.\n    at exports.getMarketingReportById (F:\\We Promote Application\\Hrm Backend\\backend\\src\\modules\\marketing-report\\marketing-report.service.js:237:11)\n    at async exports.getMarketingReportById (F:\\We Promote Application\\Hrm Backend\\backend\\src\\modules\\marketing-report\\marketing-report.controller.js:51:18)"}
2026-09-03T07:53:09.197Z GET /api/daily-report?date=2026-09-03&department=all -> {"statusCode":404,"code":"VAL_001","message":"Marketing report not found.","stack":"Error: Marketing report not found.\n    at exports.getMarketingReportById (F:\\We Promote Application\\Hrm Backend\\backend\\src\\modules\\marketing-report\\marketing-report.service.js:237:11)\n    at async exports.getMarketingReportById (F:\\We Promote Application\\Hrm Backend\\backend\\src\\modules\\marketing-report\\marketing-report.controller.js:51:18)"}
2026-09-03T07:57:39.451Z GET /api/daily-report?date=2026-09-03&department=all -> {"statusCode":404,"code":"VAL_001","message":"Marketing report not found.","stack":"Error: Marketing report not found.\n    at exports.getMarketingReportById (F:\\We Promote Application\\Hrm Backend\\backend\\src\\modules\\marketing-report\\marketing-report.service.js:237:11)\n    at async exports.getMarketingReportById (F:\\We Promote Application\\Hrm Backend\\backend\\src\\modules\\marketing-report\\marketing-report.controller.js:51:18)"}
2026-09-03T07:57:39.470Z GET /api/daily-report?date=2026-09-03&department=all -> {"statusCode":404,"code":"VAL_001","message":"Marketing report not found.","stack":"Error: Marketing report not found.\n    at exports.getMarketingReportById (F:\\We Promote Application\\Hrm Backend\\backend\\src\\modules\\marketing-report\\marketing-report.service.js:237:11)\n    at async exports.getMarketingReportById (F:\\We Promote Application\\Hrm Backend\\backend\\src\\modules\\marketing-report\\marketing-report.controller.js:51:18)"}
2026-09-03T08:08:26.917Z GET /api/daily-report?date=2026-09-03&department=all -> {"statusCode":404,"code":"VAL_001","message":"Marketing report not found.","stack":"Error: Marketing report not found.\n    at exports.getMarketingReportById (F:\\We Promote Application\\Hrm Backend\\backend\\src\\modules\\marketing-report\\marketing-report.service.js:237:11)\n    at async exports.getMarketingReportById (F:\\We Promote Application\\Hrm Backend\\backend\\src\\modules\\marketing-report\\marketing-report.controller.js:51:18)"}
2026-09-03T08:08:27.157Z GET /api/daily-report?date=2026-09-03&department=all -> {"statusCode":404,"code":"VAL_001","message":"Marketing report not found.","stack":"Error: Marketing report not found.\n    at exports.getMarketingReportById (F:\\We Promote Application\\Hrm Backend\\backend\\src\\modules\\marketing-report\\marketing-report.service.js:237:11)\n    at async exports.getMarketingReportById (F:\\We Promote Application\\Hrm Backend\\backend\\src\\modules\\marketing-report\\marketing-report.controller.js:51:18)"}
2026-09-03T08:11:18.246Z GET /api/daily-report?date=2026-09-03&department=all -> {"statusCode":404,"code":"VAL_001","message":"Marketing report not found.","stack":"Error: Marketing report not found.\n    at exports.getMarketingReportById (F:\\We Promote Application\\Hrm Backend\\backend\\src\\modules\\marketing-report\\marketing-report.service.js:237:11)\n    at async exports.getMarketingReportById (F:\\We Promote Application\\Hrm Backend\\backend\\src\\modules\\marketing-report\\marketing-report.controller.js:51:18)"}
2026-09-03T08:11:18.329Z GET /api/daily-report?date=2026-09-03&department=all -> {"statusCode":404,"code":"VAL_001","message":"Marketing report not found.","stack":"Error: Marketing report not found.\n    at exports.getMarketingReportById (F:\\We Promote Application\\Hrm Backend\\backend\\src\\modules\\marketing-report\\marketing-report.service.js:237:11)\n    at async exports.getMarketingReportById (F:\\We Promote Application\\Hrm Backend\\backend\\src\\modules\\marketing-report\\marketing-report.controller.js:51:18)"}
2026-09-03T08:13:10.765Z POST /api/auth/login -> {"statusCode":401,"code":"AUTH_001","message":"Invalid email or password. Please check and try again.","stack":"Error: Invalid email or password. Please check and try again.\n    at exports.login (F:\\We Promote Application\\Hrm Backend\\backend\\src\\modules\\auth\\auth.service.js:19:11)\n    at async exports.login (F:\\We Promote Application\\Hrm Backend\\backend\\src\\modules\\auth\\auth.controller.js:5:18)"}
2026-09-03T11:12:33.709Z GET /api/sidebar-unread/pending -> {"statusCode":401,"code":"AUTH_002","message":"You are not authorized to access this resource.","stack":"Error: You are not authorized to access this resource.\n    at module.exports (F:\\We Promote Application\\Hrm Backend\\backend\\src\\middlewares\\auth.middleware.js:27:19)"}
2026-09-03T11:12:34.108Z GET /api/coordinator-assignments/assigned-to/f3392032-7a2e-45de-aec3-0e01aca8c71d -> {"statusCode":401,"code":"AUTH_002","message":"You are not authorized to access this resource.","stack":"Error: You are not authorized to access this resource.\n    at module.exports (F:\\We Promote Application\\Hrm Backend\\backend\\src\\middlewares\\auth.middleware.js:27:19)"}
2026-09-03T11:12:34.191Z GET /api/sidebar-unread -> {"statusCode":401,"code":"AUTH_002","message":"You are not authorized to access this resource.","stack":"Error: You are not authorized to access this resource.\n    at module.exports (F:\\We Promote Application\\Hrm Backend\\backend\\src\\middlewares\\auth.middleware.js:27:19)"}
2026-09-03T11:12:34.544Z GET /api/projects -> {"statusCode":401,"code":"AUTH_002","message":"You are not authorized to access this resource.","stack":"Error: You are not authorized to access this resource.\n    at module.exports (F:\\We Promote Application\\Hrm Backend\\backend\\src\\middlewares\\auth.middleware.js:27:19)"}
2026-09-03T11:12:35.074Z GET /api/sidebar-unread/pending -> {"statusCode":401,"code":"AUTH_002","message":"You are not authorized to access this resource.","stack":"Error: You are not authorized to access this resource.\n    at module.exports (F:\\We Promote Application\\Hrm Backend\\backend\\src\\middlewares\\auth.middleware.js:10:17)\n    at Layer.handleRequest (F:\\We Promote Application\\Hrm Backend\\backend\\node_modules\\router\\lib\\layer.js:152:17)\n    at next (F:\\We Promote Application\\Hrm Backend\\backend\\node_modules\\router\\lib\\route.js:157:13)\n    at Route.dispatch (F:\\We Promote Application\\Hrm Backend\\backend\\node_modules\\router\\lib\\route.js:117:3)\n    at handle (F:\\We Promote Application\\Hrm Backend\\backend\\node_modules\\router\\index.js:435:11)\n    at Layer.handleRequest (F:\\We Promote Application\\Hrm Backend\\backend\\node_modules\\router\\lib\\layer.js:152:17)\n    at F:\\We Promote Application\\Hrm Backend\\backend\\node_modules\\router\\index.js:295:15\n    at processParams (F:\\We Promote Application\\Hrm Backend\\backend\\node_modules\\router\\index.js:582:12)\n    at next (F:\\We Promote Application\\Hrm Backend\\backend\\node_modules\\router\\index.js:291:5)\n    at Function.handle (F:\\We Promote Application\\Hrm Backend\\backend\\node_modules\\router\\index.js:186:3)"}
2026-09-03T11:12:35.372Z GET /api/projects -> {"statusCode":401,"code":"AUTH_002","message":"You are not authorized to access this resource.","stack":"Error: You are not authorized to access this resource.\n    at module.exports (F:\\We Promote Application\\Hrm Backend\\backend\\src\\middlewares\\auth.middleware.js:27:19)"}
2026-09-03T11:12:35.558Z GET /api/projects -> {"statusCode":401,"code":"AUTH_002","message":"You are not authorized to access this resource.","stack":"Error: You are not authorized to access this resource.\n    at module.exports (F:\\We Promote Application\\Hrm Backend\\backend\\src\\middlewares\\auth.middleware.js:27:19)"}
2026-09-03T11:19:32.323Z POST /api/auth/login -> {"statusCode":401,"code":"AUTH_001","message":"Invalid email or password. Please check and try again.","stack":"Error: Invalid email or password. Please check and try again.\n    at exports.login (F:\\We Promote Application\\Hrm Backend\\backend\\src\\modules\\auth\\auth.service.js:13:11)\n    at async exports.login (F:\\We Promote Application\\Hrm Backend\\backend\\src\\modules\\auth\\auth.controller.js:5:18)"}
2026-09-04T09:16:36.257Z GET /api/coordinator-assignments/assigned-to/c6037779-0c67-4f6f-bb48-e043b745ee68 -> {"statusCode":401,"code":"AUTH_002","message":"You are not authorized to access this resource.","stack":"Error: You are not authorized to access this resource.\n    at module.exports (F:\\We Promote Application\\Hrm Backend\\backend\\src\\middlewares\\auth.middleware.js:38:10)"}
2026-09-04T09:16:36.934Z GET /api/projects -> {"statusCode":401,"code":"AUTH_002","message":"You are not authorized to access this resource.","stack":"Error: You are not authorized to access this resource.\n    at module.exports (F:\\We Promote Application\\Hrm Backend\\backend\\src\\middlewares\\auth.middleware.js:38:10)"}
2026-09-04T09:16:36.969Z GET /api/sidebar-unread -> {"statusCode":401,"code":"AUTH_002","message":"You are not authorized to access this resource.","stack":"Error: You are not authorized to access this resource.\n    at module.exports (F:\\We Promote Application\\Hrm Backend\\backend\\src\\middlewares\\auth.middleware.js:38:10)"}
2026-09-04T09:49:55.536Z GET /api/projects -> {"statusCode":401,"code":"AUTH_002","message":"You are not authorized to access this resource.","stack":"Error: You are not authorized to access this resource.\n    at module.exports (F:\\We Promote Application\\Hrm Backend\\backend\\src\\middlewares\\auth.middleware.js:27:19)"}
2026-09-04T09:49:56.096Z GET /api/sidebar-unread -> {"statusCode":401,"code":"AUTH_002","message":"You are not authorized to access this resource.","stack":"Error: You are not authorized to access this resource.\n    at module.exports (F:\\We Promote Application\\Hrm Backend\\backend\\src\\middlewares\\auth.middleware.js:27:19)"}
2026-09-04T09:49:56.113Z GET /api/coordinator-assignments/assigned-to/6480a41d-5fb9-40ec-8202-7f7f121e4b67 -> {"statusCode":401,"code":"AUTH_002","message":"You are not authorized to access this resource.","stack":"Error: You are not authorized to access this resource.\n    at module.exports (F:\\We Promote Application\\Hrm Backend\\backend\\src\\middlewares\\auth.middleware.js:27:19)"}
2026-09-04T09:49:56.152Z GET /api/attendance -> {"statusCode":401,"code":"AUTH_002","message":"You are not authorized to access this resource.","stack":"Error: You are not authorized to access this resource.\n    at module.exports (F:\\We Promote Application\\Hrm Backend\\backend\\src\\middlewares\\auth.middleware.js:27:19)"}
2026-09-04T09:49:56.160Z GET /api/hr/dashboard/overview -> {"statusCode":401,"code":"AUTH_002","message":"You are not authorized to access this resource.","stack":"Error: You are not authorized to access this resource.\n    at module.exports (F:\\We Promote Application\\Hrm Backend\\backend\\src\\middlewares\\auth.middleware.js:27:19)"}
2026-09-04T09:49:56.272Z GET /api/attendance -> {"statusCode":401,"code":"AUTH_002","message":"You are not authorized to access this resource.","stack":"Error: You are not authorized to access this resource.\n    at module.exports (F:\\We Promote Application\\Hrm Backend\\backend\\src\\middlewares\\auth.middleware.js:27:19)"}
2026-09-04T09:49:56.292Z GET /api/hr/dashboard/overview -> {"statusCode":401,"code":"AUTH_002","message":"You are not authorized to access this resource.","stack":"Error: You are not authorized to access this resource.\n    at module.exports (F:\\We Promote Application\\Hrm Backend\\backend\\src\\middlewares\\auth.middleware.js:27:19)"}
2026-09-04T09:50:13.247Z POST /api/auth/login -> {"statusCode":401,"code":"AUTH_001","message":"Invalid email or password. Please check and try again.","stack":"Error: Invalid email or password. Please check and try again.\n    at exports.login (F:\\We Promote Application\\Hrm Backend\\backend\\src\\modules\\auth\\auth.service.js:13:11)\n    at async exports.login (F:\\We Promote Application\\Hrm Backend\\backend\\src\\modules\\auth\\auth.controller.js:5:18)"}
2026-09-04T09:50:20.444Z POST /api/auth/login -> {"statusCode":401,"code":"AUTH_001","message":"Invalid email or password. Please check and try again.","stack":"Error: Invalid email or password. Please check and try again.\n    at exports.login (F:\\We Promote Application\\Hrm Backend\\backend\\src\\modules\\auth\\auth.service.js:19:11)\n    at async exports.login (F:\\We Promote Application\\Hrm Backend\\backend\\src\\modules\\auth\\auth.controller.js:5:18)"}
2026-09-04T09:52:30.734Z GET /api/coordinator-assignments/assigned-to/c6037779-0c67-4f6f-bb48-e043b745ee68 -> {"statusCode":401,"code":"AUTH_002","message":"You are not authorized to access this resource.","stack":"Error: You are not authorized to access this resource.\n    at module.exports (F:\\We Promote Application\\Hrm Backend\\backend\\src\\middlewares\\auth.middleware.js:10:17)\n    at Layer.handleRequest (F:\\We Promote Application\\Hrm Backend\\backend\\node_modules\\router\\lib\\layer.js:152:17)\n    at next (F:\\We Promote Application\\Hrm Backend\\backend\\node_modules\\router\\lib\\route.js:157:13)\n    at Route.dispatch (F:\\We Promote Application\\Hrm Backend\\backend\\node_modules\\router\\lib\\route.js:117:3)\n    at handle (F:\\We Promote Application\\Hrm Backend\\backend\\node_modules\\router\\index.js:435:11)\n    at Layer.handleRequest (F:\\We Promote Application\\Hrm Backend\\backend\\node_modules\\router\\lib\\layer.js:152:17)\n    at F:\\We Promote Application\\Hrm Backend\\backend\\node_modules\\router\\index.js:295:15\n    at param (F:\\We Promote Application\\Hrm Backend\\backend\\node_modules\\router\\index.js:600:14)\n    at param (F:\\We Promote Application\\Hrm Backend\\backend\\node_modules\\router\\index.js:610:14)\n    at processParams (F:\\We Promote Application\\Hrm Backend\\backend\\node_modules\\router\\index.js:664:3)"}
2026-09-04T10:59:31.497Z POST /api/projects/50ad7629-f3ed-4a69-aca5-35ea8f01e504/campaigns -> {"code":"P2002","message":"\nInvalid `prisma.campaign.create()` invocation in\nF:\\We Promote Application\\Hrm Backend\\backend\\src\\modules\\campaign\\campaign.service.js:90:42\n\n  87 });\n  88 if (existing) fail(409, \"A campaign with this name already exists in the project.\");\n  89 \n→ 90 const campaign = await prisma.campaign.create(\nUnique constraint failed on the fields: (`projectId`,`name`)","stack":"PrismaClientKnownRequestError: \nInvalid `prisma.campaign.create()` invocation in\nF:\\We Promote Application\\Hrm Backend\\backend\\src\\modules\\campaign\\campaign.service.js:90:42\n\n  87 });\n  88 if (existing) fail(409, \"A campaign with this name already exists in the project.\");\n  89 \n→ 90 const campaign = await prisma.campaign.create(\nUnique constraint failed on the fields: (`projectId`,`name`)\n    at $n.handleRequestError (F:\\We Promote Application\\Hrm Backend\\backend\\node_modules\\@prisma\\client\\runtime\\library.js:121:7315)\n    at $n.handleAndLogRequestError (F:\\We Promote Application\\Hrm Backend\\backend\\node_modules\\@prisma\\client\\runtime\\library.js:121:6623)\n    at $n.request (F:\\We Promote Application\\Hrm Backend\\backend\\node_modules\\@prisma\\client\\runtime\\library.js:121:6307)\n    at async l (F:\\We Promote Application\\Hrm Backend\\backend\\node_modules\\@prisma\\client\\runtime\\library.js:130:9633)\n    at async exports.createCampaign (F:\\We Promote Application\\Hrm Backend\\backend\\src\\modules\\campaign\\campaign.service.js:90:20)\n    at async exports.createCampaign (F:\\We Promote Application\\Hrm Backend\\backend\\src\\modules\\campaign\\campaign.controller.js:5:18)"}
2026-09-04T11:00:46.026Z POST /api/auth/login -> {"statusCode":401,"code":"AUTH_001","message":"Invalid email or password. Please check and try again.","stack":"Error: Invalid email or password. Please check and try again.\n    at exports.login (F:\\We Promote Application\\Hrm Backend\\backend\\src\\modules\\auth\\auth.service.js:19:11)\n    at async exports.login (F:\\We Promote Application\\Hrm Backend\\backend\\src\\modules\\auth\\auth.controller.js:5:18)"}
2026-09-05T05:12:56.198Z POST /api/auth/login -> {"statusCode":401,"code":"AUTH_001","message":"Invalid email or password. Please check and try again.","stack":"Error: Invalid email or password. Please check and try again.\n    at exports.login (F:\\We Promote Application\\Hrm Backend\\backend\\src\\modules\\auth\\auth.service.js:19:11)\n    at async exports.login (F:\\We Promote Application\\Hrm Backend\\backend\\src\\modules\\auth\\auth.controller.js:5:18)"}
2026-09-05T05:13:27.182Z POST /api/auth/login -> {"statusCode":401,"code":"AUTH_001","message":"Invalid email or password. Please check and try again.","stack":"Error: Invalid email or password. Please check and try again.\n    at exports.login (F:\\We Promote Application\\Hrm Backend\\backend\\src\\modules\\auth\\auth.service.js:19:11)\n    at async exports.login (F:\\We Promote Application\\Hrm Backend\\backend\\src\\modules\\auth\\auth.controller.js:5:18)"}
2026-09-05T06:07:08.119Z POST /api/auth/login -> {"statusCode":401,"code":"AUTH_001","message":"Invalid email or password. Please check and try again.","stack":"Error: Invalid email or password. Please check and try again.\n    at exports.login (F:\\We Promote Application\\Hrm Backend\\backend\\src\\modules\\auth\\auth.service.js:19:11)\n    at async exports.login (F:\\We Promote Application\\Hrm Backend\\backend\\src\\modules\\auth\\auth.controller.js:5:18)"}
2026-09-05T06:08:31.886Z POST /api/auth/login -> {"statusCode":401,"code":"AUTH_001","message":"Invalid email or password. Please check and try again.","stack":"Error: Invalid email or password. Please check and try again.\n    at exports.login (F:\\We Promote Application\\Hrm Backend\\backend\\src\\modules\\auth\\auth.service.js:13:11)\n    at async exports.login (F:\\We Promote Application\\Hrm Backend\\backend\\src\\modules\\auth\\auth.controller.js:5:18)"}
2026-09-05T06:08:46.822Z POST /api/auth/login -> {"statusCode":401,"code":"AUTH_001","message":"Invalid email or password. Please check and try again.","stack":"Error: Invalid email or password. Please check and try again.\n    at exports.login (F:\\We Promote Application\\Hrm Backend\\backend\\src\\modules\\auth\\auth.service.js:13:11)\n    at async exports.login (F:\\We Promote Application\\Hrm Backend\\backend\\src\\modules\\auth\\auth.controller.js:5:18)"}
2026-09-05T06:09:28.455Z POST /api/auth/login -> {"statusCode":401,"code":"AUTH_001","message":"Invalid email or password. Please check and try again.","stack":"Error: Invalid email or password. Please check and try again.\n    at exports.login (F:\\We Promote Application\\Hrm Backend\\backend\\src\\modules\\auth\\auth.service.js:19:11)\n    at async exports.login (F:\\We Promote Application\\Hrm Backend\\backend\\src\\modules\\auth\\auth.controller.js:5:18)"}
2026-09-05T06:11:04.497Z GET /api/sidebar-unread -> {"statusCode":401,"code":"AUTH_002","message":"You are not authorized to access this resource.","stack":"Error: You are not authorized to access this resource.\n    at module.exports (F:\\We Promote Application\\Hrm Backend\\backend\\src\\middlewares\\auth.middleware.js:10:17)\n    at Layer.handleRequest (F:\\We Promote Application\\Hrm Backend\\backend\\node_modules\\router\\lib\\layer.js:152:17)\n    at next (F:\\We Promote Application\\Hrm Backend\\backend\\node_modules\\router\\lib\\route.js:157:13)\n    at Route.dispatch (F:\\We Promote Application\\Hrm Backend\\backend\\node_modules\\router\\lib\\route.js:117:3)\n    at handle (F:\\We Promote Application\\Hrm Backend\\backend\\node_modules\\router\\index.js:435:11)\n    at Layer.handleRequest (F:\\We Promote Application\\Hrm Backend\\backend\\node_modules\\router\\lib\\layer.js:152:17)\n    at F:\\We Promote Application\\Hrm Backend\\backend\\node_modules\\router\\index.js:295:15\n    at processParams (F:\\We Promote Application\\Hrm Backend\\backend\\node_modules\\router\\index.js:582:12)\n    at next (F:\\We Promote Application\\Hrm Backend\\backend\\node_modules\\router\\index.js:291:5)\n    at Function.handle (F:\\We Promote Application\\Hrm Backend\\backend\\node_modules\\router\\index.js:186:3)"}
2026-09-05T06:11:04.506Z GET /api/projects -> {"statusCode":401,"code":"AUTH_002","message":"You are not authorized to access this resource.","stack":"Error: You are not authorized to access this resource.\n    at module.exports (F:\\We Promote Application\\Hrm Backend\\backend\\src\\middlewares\\auth.middleware.js:10:17)\n    at Layer.handleRequest (F:\\We Promote Application\\Hrm Backend\\backend\\node_modules\\router\\lib\\layer.js:152:17)\n    at next (F:\\We Promote Application\\Hrm Backend\\backend\\node_modules\\router\\lib\\route.js:157:13)\n    at Route.dispatch (F:\\We Promote Application\\Hrm Backend\\backend\\node_modules\\router\\lib\\route.js:117:3)\n    at handle (F:\\We Promote Application\\Hrm Backend\\backend\\node_modules\\router\\index.js:435:11)\n    at Layer.handleRequest (F:\\We Promote Application\\Hrm Backend\\backend\\node_modules\\router\\lib\\layer.js:152:17)\n    at F:\\We Promote Application\\Hrm Backend\\backend\\node_modules\\router\\index.js:295:15\n    at processParams (F:\\We Promote Application\\Hrm Backend\\backend\\node_modules\\router\\index.js:582:12)\n    at next (F:\\We Promote Application\\Hrm Backend\\backend\\node_modules\\router\\index.js:291:5)\n    at Function.handle (F:\\We Promote Application\\Hrm Backend\\backend\\node_modules\\router\\index.js:186:3)"}
2026-09-05T06:11:29.296Z POST /api/auth/login -> {"statusCode":401,"code":"AUTH_001","message":"Invalid email or password. Please check and try again.","stack":"Error: Invalid email or password. Please check and try again.\n    at exports.login (F:\\We Promote Application\\Hrm Backend\\backend\\src\\modules\\auth\\auth.service.js:19:11)\n    at async exports.login (F:\\We Promote Application\\Hrm Backend\\backend\\src\\modules\\auth\\auth.controller.js:5:18)"}
2026-09-05T06:11:41.079Z POST /api/auth/login -> {"statusCode":401,"code":"AUTH_001","message":"Invalid email or password. Please check and try again.","stack":"Error: Invalid email or password. Please check and try again.\n    at exports.login (F:\\We Promote Application\\Hrm Backend\\backend\\src\\modules\\auth\\auth.service.js:19:11)\n    at async exports.login (F:\\We Promote Application\\Hrm Backend\\backend\\src\\modules\\auth\\auth.controller.js:5:18)"}
2026-09-05T06:11:51.856Z POST /api/auth/login -> {"statusCode":401,"code":"AUTH_001","message":"Invalid email or password. Please check and try again.","stack":"Error: Invalid email or password. Please check and try again.\n    at exports.login (F:\\We Promote Application\\Hrm Backend\\backend\\src\\modules\\auth\\auth.service.js:19:11)\n    at async exports.login (F:\\We Promote Application\\Hrm Backend\\backend\\src\\modules\\auth\\auth.controller.js:5:18)"}
2026-09-05T06:12:52.844Z POST /api/auth/login -> {"statusCode":401,"code":"AUTH_001","message":"Invalid email or password. Please check and try again.","stack":"Error: Invalid email or password. Please check and try again.\n    at exports.login (F:\\We Promote Application\\Hrm Backend\\backend\\src\\modules\\auth\\auth.service.js:19:11)\n    at async exports.login (F:\\We Promote Application\\Hrm Backend\\backend\\src\\modules\\auth\\auth.controller.js:5:18)"}
2026-09-05T06:56:21.977Z GET /api/manager/tasks/my-tasks -> {"message":"\nInvalid `prisma.taskAssignment.findMany()` invocation in\nF:\\We Promote Application\\Hrm Backend\\backend\\src\\modules\\task\\task.service.js:457:35\n\n  454 }\n  455 \n  456 const assignments =\n→ 457   await prisma.taskAssignment.findMany({\n          where: {\n            userId: \"b22eb6d8-b74c-4a2e-821b-f922aca233f0\"\n          },\n          include: {\n            task: {\n              include: {\n                createdBy: {\n                  select: {\n                    id: true,\n                    employeeId: true,\n                    name: true,\n                    role: true\n                  }\n                },\n                items: true\n              }\n            },\n            submission: true,\n            taskGroup: true,\n            ~~~~~~~~~\n        ?   employee?: true\n          },\n          orderBy: {\n            createdAt: \"desc\"\n          }\n        })\n\nUnknown field `taskGroup` for include statement on model `TaskAssignment`. Available options are marked with ?.","stack":"PrismaClientValidationError: \nInvalid `prisma.taskAssignment.findMany()` invocation in\nF:\\We Promote Application\\Hrm Backend\\backend\\src\\modules\\task\\task.service.js:457:35\n\n  454 }\n  455 \n  456 const assignments =\n→ 457   await prisma.taskAssignment.findMany({\n          where: {\n            userId: \"b22eb6d8-b74c-4a2e-821b-f922aca233f0\"\n          },\n          include: {\n            task: {\n              include: {\n                createdBy: {\n                  select: {\n                    id: true,\n                    employeeId: true,\n                    name: true,\n                    role: true\n                  }\n                },\n                items: true\n              }\n            },\n            submission: true,\n            taskGroup: true,\n            ~~~~~~~~~\n        ?   employee?: true\n          },\n          orderBy: {\n            createdAt: \"desc\"\n          }\n        })\n\nUnknown field `taskGroup` for include statement on model `TaskAssignment`. Available options are marked with ?.\n    at wn (F:\\We Promote Application\\Hrm Backend\\backend\\node_modules\\@prisma\\client\\runtime\\library.js:29:1363)\n    at $n.handleRequestError (F:\\We Promote Application\\Hrm Backend\\backend\\node_modules\\@prisma\\client\\runtime\\library.js:121:6958)\n    at $n.handleAndLogRequestError (F:\\We Promote Application\\Hrm Backend\\backend\\node_modules\\@prisma\\client\\runtime\\library.js:121:6623)\n    at $n.request (F:\\We Promote Application\\Hrm Backend\\backend\\node_modules\\@prisma\\client\\runtime\\library.js:121:6307)\n    at async l (F:\\We Promote Application\\Hrm Backend\\backend\\node_modules\\@prisma\\client\\runtime\\library.js:130:9633)\n    at async exports.getMyAssignedTasks (F:\\We Promote Application\\Hrm Backend\\backend\\src\\modules\\task\\task.service.js:457:7)\n    at async exports.getMyAssignedTasks (F:\\We Promote Application\\Hrm Backend\\backend\\src\\modules\\task\\task.controller.js:110:9)"}
2026-09-05T06:56:25.787Z GET /api/manager/tasks/my-tasks -> {"message":"\nInvalid `prisma.taskAssignment.findMany()` invocation in\nF:\\We Promote Application\\Hrm Backend\\backend\\src\\modules\\task\\task.service.js:457:35\n\n  454 }\n  455 \n  456 const assignments =\n→ 457   await prisma.taskAssignment.findMany({\n          where: {\n            userId: \"b22eb6d8-b74c-4a2e-821b-f922aca233f0\"\n          },\n          include: {\n            task: {\n              include: {\n                createdBy: {\n                  select: {\n                    id: true,\n                    employeeId: true,\n                    name: true,\n                    role: true\n                  }\n                },\n                items: true\n              }\n            },\n            submission: true,\n            taskGroup: true,\n            ~~~~~~~~~\n        ?   employee?: true\n          },\n          orderBy: {\n            createdAt: \"desc\"\n          }\n        })\n\nUnknown field `taskGroup` for include statement on model `TaskAssignment`. Available options are marked with ?.","stack":"PrismaClientValidationError: \nInvalid `prisma.taskAssignment.findMany()` invocation in\nF:\\We Promote Application\\Hrm Backend\\backend\\src\\modules\\task\\task.service.js:457:35\n\n  454 }\n  455 \n  456 const assignments =\n→ 457   await prisma.taskAssignment.findMany({\n          where: {\n            userId: \"b22eb6d8-b74c-4a2e-821b-f922aca233f0\"\n          },\n          include: {\n            task: {\n              include: {\n                createdBy: {\n                  select: {\n                    id: true,\n                    employeeId: true,\n                    name: true,\n                    role: true\n                  }\n                },\n                items: true\n              }\n            },\n            submission: true,\n            taskGroup: true,\n            ~~~~~~~~~\n        ?   employee?: true\n          },\n          orderBy: {\n            createdAt: \"desc\"\n          }\n        })\n\nUnknown field `taskGroup` for include statement on model `TaskAssignment`. Available options are marked with ?.\n    at wn (F:\\We Promote Application\\Hrm Backend\\backend\\node_modules\\@prisma\\client\\runtime\\library.js:29:1363)\n    at $n.handleRequestError (F:\\We Promote Application\\Hrm Backend\\backend\\node_modules\\@prisma\\client\\runtime\\library.js:121:6958)\n    at $n.handleAndLogRequestError (F:\\We Promote Application\\Hrm Backend\\backend\\node_modules\\@prisma\\client\\runtime\\library.js:121:6623)\n    at $n.request (F:\\We Promote Application\\Hrm Backend\\backend\\node_modules\\@prisma\\client\\runtime\\library.js:121:6307)\n    at async l (F:\\We Promote Application\\Hrm Backend\\backend\\node_modules\\@prisma\\client\\runtime\\library.js:130:9633)\n    at async exports.getMyAssignedTasks (F:\\We Promote Application\\Hrm Backend\\backend\\src\\modules\\task\\task.service.js:457:7)\n    at async exports.getMyAssignedTasks (F:\\We Promote Application\\Hrm Backend\\backend\\src\\modules\\task\\task.controller.js:110:9)"}
2026-09-05T06:56:29.699Z GET /api/manager/tasks/my-tasks -> {"message":"\nInvalid `prisma.taskAssignment.findMany()` invocation in\nF:\\We Promote Application\\Hrm Backend\\backend\\src\\modules\\task\\task.service.js:457:35\n\n  454 }\n  455 \n  456 const assignments =\n→ 457   await prisma.taskAssignment.findMany({\n          where: {\n            userId: \"b22eb6d8-b74c-4a2e-821b-f922aca233f0\"\n          },\n          include: {\n            task: {\n              include: {\n                createdBy: {\n                  select: {\n                    id: true,\n                    employeeId: true,\n                    name: true,\n                    role: true\n                  }\n                },\n                items: true\n              }\n            },\n            submission: true,\n            taskGroup: true,\n            ~~~~~~~~~\n        ?   employee?: true\n          },\n          orderBy: {\n            createdAt: \"desc\"\n          }\n        })\n\nUnknown field `taskGroup` for include statement on model `TaskAssignment`. Available options are marked with ?.","stack":"PrismaClientValidationError: \nInvalid `prisma.taskAssignment.findMany()` invocation in\nF:\\We Promote Application\\Hrm Backend\\backend\\src\\modules\\task\\task.service.js:457:35\n\n  454 }\n  455 \n  456 const assignments =\n→ 457   await prisma.taskAssignment.findMany({\n          where: {\n            userId: \"b22eb6d8-b74c-4a2e-821b-f922aca233f0\"\n          },\n          include: {\n            task: {\n              include: {\n                createdBy: {\n                  select: {\n                    id: true,\n                    employeeId: true,\n                    name: true,\n                    role: true\n                  }\n                },\n                items: true\n              }\n            },\n            submission: true,\n            taskGroup: true,\n            ~~~~~~~~~\n        ?   employee?: true\n          },\n          orderBy: {\n            createdAt: \"desc\"\n          }\n        })\n\nUnknown field `taskGroup` for include statement on model `TaskAssignment`. Available options are marked with ?.\n    at wn (F:\\We Promote Application\\Hrm Backend\\backend\\node_modules\\@prisma\\client\\runtime\\library.js:29:1363)\n    at $n.handleRequestError (F:\\We Promote Application\\Hrm Backend\\backend\\node_modules\\@prisma\\client\\runtime\\library.js:121:6958)\n    at $n.handleAndLogRequestError (F:\\We Promote Application\\Hrm Backend\\backend\\node_modules\\@prisma\\client\\runtime\\library.js:121:6623)\n    at $n.request (F:\\We Promote Application\\Hrm Backend\\backend\\node_modules\\@prisma\\client\\runtime\\library.js:121:6307)\n    at async l (F:\\We Promote Application\\Hrm Backend\\backend\\node_modules\\@prisma\\client\\runtime\\library.js:130:9633)\n    at async exports.getMyAssignedTasks (F:\\We Promote Application\\Hrm Backend\\backend\\src\\modules\\task\\task.service.js:457:7)\n    at async exports.getMyAssignedTasks (F:\\We Promote Application\\Hrm Backend\\backend\\src\\modules\\task\\task.controller.js:110:9)"}
2026-09-05T06:56:29.933Z GET /api/manager/tasks/my-tasks -> {"message":"\nInvalid `prisma.taskAssignment.findMany()` invocation in\nF:\\We Promote Application\\Hrm Backend\\backend\\src\\modules\\task\\task.service.js:457:35\n\n  454 }\n  455 \n  456 const assignments =\n→ 457   await prisma.taskAssignment.findMany({\n          where: {\n            userId: \"b22eb6d8-b74c-4a2e-821b-f922aca233f0\"\n          },\n          include: {\n            task: {\n              include: {\n                createdBy: {\n                  select: {\n                    id: true,\n                    employeeId: true,\n                    name: true,\n                    role: true\n                  }\n                },\n                items: true\n              }\n            },\n            submission: true,\n            taskGroup: true,\n            ~~~~~~~~~\n        ?   employee?: true\n          },\n          orderBy: {\n            createdAt: \"desc\"\n          }\n        })\n\nUnknown field `taskGroup` for include statement on model `TaskAssignment`. Available options are marked with ?.","stack":"PrismaClientValidationError: \nInvalid `prisma.taskAssignment.findMany()` invocation in\nF:\\We Promote Application\\Hrm Backend\\backend\\src\\modules\\task\\task.service.js:457:35\n\n  454 }\n  455 \n  456 const assignments =\n→ 457   await prisma.taskAssignment.findMany({\n          where: {\n            userId: \"b22eb6d8-b74c-4a2e-821b-f922aca233f0\"\n          },\n          include: {\n            task: {\n              include: {\n                createdBy: {\n                  select: {\n                    id: true,\n                    employeeId: true,\n                    name: true,\n                    role: true\n                  }\n                },\n                items: true\n              }\n            },\n            submission: true,\n            taskGroup: true,\n            ~~~~~~~~~\n        ?   employee?: true\n          },\n          orderBy: {\n            createdAt: \"desc\"\n          }\n        })\n\nUnknown field `taskGroup` for include statement on model `TaskAssignment`. Available options are marked with ?.\n    at wn (F:\\We Promote Application\\Hrm Backend\\backend\\node_modules\\@prisma\\client\\runtime\\library.js:29:1363)\n    at $n.handleRequestError (F:\\We Promote Application\\Hrm Backend\\backend\\node_modules\\@prisma\\client\\runtime\\library.js:121:6958)\n    at $n.handleAndLogRequestError (F:\\We Promote Application\\Hrm Backend\\backend\\node_modules\\@prisma\\client\\runtime\\library.js:121:6623)\n    at $n.request (F:\\We Promote Application\\Hrm Backend\\backend\\node_modules\\@prisma\\client\\runtime\\library.js:121:6307)\n    at async l (F:\\We Promote Application\\Hrm Backend\\backend\\node_modules\\@prisma\\client\\runtime\\library.js:130:9633)\n    at async exports.getMyAssignedTasks (F:\\We Promote Application\\Hrm Backend\\backend\\src\\modules\\task\\task.service.js:457:7)\n    at async exports.getMyAssignedTasks (F:\\We Promote Application\\Hrm Backend\\backend\\src\\modules\\task\\task.controller.js:110:9)"}
2026-09-05T06:56:30.351Z GET /api/manager/tasks/my-tasks -> {"message":"\nInvalid `prisma.taskAssignment.findMany()` invocation in\nF:\\We Promote Application\\Hrm Backend\\backend\\src\\modules\\task\\task.service.js:457:35\n\n  454 }\n  455 \n  456 const assignments =\n→ 457   await prisma.taskAssignment.findMany({\n          where: {\n            userId: \"b22eb6d8-b74c-4a2e-821b-f922aca233f0\"\n          },\n          include: {\n            task: {\n              include: {\n                createdBy: {\n                  select: {\n                    id: true,\n                    employeeId: true,\n                    name: true,\n                    role: true\n                  }\n                },\n                items: true\n              }\n            },\n            submission: true,\n            taskGroup: true,\n            ~~~~~~~~~\n        ?   employee?: true\n          },\n          orderBy: {\n            createdAt: \"desc\"\n          }\n        })\n\nUnknown field `taskGroup` for include statement on model `TaskAssignment`. Available options are marked with ?.","stack":"PrismaClientValidationError: \nInvalid `prisma.taskAssignment.findMany()` invocation in\nF:\\We Promote Application\\Hrm Backend\\backend\\src\\modules\\task\\task.service.js:457:35\n\n  454 }\n  455 \n  456 const assignments =\n→ 457   await prisma.taskAssignment.findMany({\n          where: {\n            userId: \"b22eb6d8-b74c-4a2e-821b-f922aca233f0\"\n          },\n          include: {\n            task: {\n              include: {\n                createdBy: {\n                  select: {\n                    id: true,\n                    employeeId: true,\n                    name: true,\n                    role: true\n                  }\n                },\n                items: true\n              }\n            },\n            submission: true,\n            taskGroup: true,\n            ~~~~~~~~~\n        ?   employee?: true\n          },\n          orderBy: {\n            createdAt: \"desc\"\n          }\n        })\n\nUnknown field `taskGroup` for include statement on model `TaskAssignment`. Available options are marked with ?.\n    at wn (F:\\We Promote Application\\Hrm Backend\\backend\\node_modules\\@prisma\\client\\runtime\\library.js:29:1363)\n    at $n.handleRequestError (F:\\We Promote Application\\Hrm Backend\\backend\\node_modules\\@prisma\\client\\runtime\\library.js:121:6958)\n    at $n.handleAndLogRequestError (F:\\We Promote Application\\Hrm Backend\\backend\\node_modules\\@prisma\\client\\runtime\\library.js:121:6623)\n    at $n.request (F:\\We Promote Application\\Hrm Backend\\backend\\node_modules\\@prisma\\client\\runtime\\library.js:121:6307)\n    at async l (F:\\We Promote Application\\Hrm Backend\\backend\\node_modules\\@prisma\\client\\runtime\\library.js:130:9633)\n    at async exports.getMyAssignedTasks (F:\\We Promote Application\\Hrm Backend\\backend\\src\\modules\\task\\task.service.js:457:7)\n    at async exports.getMyAssignedTasks (F:\\We Promote Application\\Hrm Backend\\backend\\src\\modules\\task\\task.controller.js:110:9)"}
2026-09-05T06:56:30.513Z GET /api/manager/tasks/my-tasks -> {"message":"\nInvalid `prisma.taskAssignment.findMany()` invocation in\nF:\\We Promote Application\\Hrm Backend\\backend\\src\\modules\\task\\task.service.js:457:35\n\n  454 }\n  455 \n  456 const assignments =\n→ 457   await prisma.taskAssignment.findMany({\n          where: {\n            userId: \"b22eb6d8-b74c-4a2e-821b-f922aca233f0\"\n          },\n          include: {\n            task: {\n              include: {\n                createdBy: {\n                  select: {\n                    id: true,\n                    employeeId: true,\n                    name: true,\n                    role: true\n                  }\n                },\n                items: true\n              }\n            },\n            submission: true,\n            taskGroup: true,\n            ~~~~~~~~~\n        ?   employee?: true\n          },\n          orderBy: {\n            createdAt: \"desc\"\n          }\n        })\n\nUnknown field `taskGroup` for include statement on model `TaskAssignment`. Available options are marked with ?.","stack":"PrismaClientValidationError: \nInvalid `prisma.taskAssignment.findMany()` invocation in\nF:\\We Promote Application\\Hrm Backend\\backend\\src\\modules\\task\\task.service.js:457:35\n\n  454 }\n  455 \n  456 const assignments =\n→ 457   await prisma.taskAssignment.findMany({\n          where: {\n            userId: \"b22eb6d8-b74c-4a2e-821b-f922aca233f0\"\n          },\n          include: {\n            task: {\n              include: {\n                createdBy: {\n                  select: {\n                    id: true,\n                    employeeId: true,\n                    name: true,\n                    role: true\n                  }\n                },\n                items: true\n              }\n            },\n            submission: true,\n            taskGroup: true,\n            ~~~~~~~~~\n        ?   employee?: true\n          },\n          orderBy: {\n            createdAt: \"desc\"\n          }\n        })\n\nUnknown field `taskGroup` for include statement on model `TaskAssignment`. Available options are marked with ?.\n    at wn (F:\\We Promote Application\\Hrm Backend\\backend\\node_modules\\@prisma\\client\\runtime\\library.js:29:1363)\n    at $n.handleRequestError (F:\\We Promote Application\\Hrm Backend\\backend\\node_modules\\@prisma\\client\\runtime\\library.js:121:6958)\n    at $n.handleAndLogRequestError (F:\\We Promote Application\\Hrm Backend\\backend\\node_modules\\@prisma\\client\\runtime\\library.js:121:6623)\n    at $n.request (F:\\We Promote Application\\Hrm Backend\\backend\\node_modules\\@prisma\\client\\runtime\\library.js:121:6307)\n    at async l (F:\\We Promote Application\\Hrm Backend\\backend\\node_modules\\@prisma\\client\\runtime\\library.js:130:9633)\n    at async exports.getMyAssignedTasks (F:\\We Promote Application\\Hrm Backend\\backend\\src\\modules\\task\\task.service.js:457:7)\n    at async exports.getMyAssignedTasks (F:\\We Promote Application\\Hrm Backend\\backend\\src\\modules\\task\\task.controller.js:110:9)"}
2026-09-05T06:56:38.098Z GET /api/manager/tasks/my-tasks -> {"message":"\nInvalid `prisma.taskAssignment.findMany()` invocation in\nF:\\We Promote Application\\Hrm Backend\\backend\\src\\modules\\task\\task.service.js:457:35\n\n  454 }\n  455 \n  456 const assignments =\n→ 457   await prisma.taskAssignment.findMany({\n          where: {\n            userId: \"b22eb6d8-b74c-4a2e-821b-f922aca233f0\"\n          },\n          include: {\n            task: {\n              include: {\n                createdBy: {\n                  select: {\n                    id: true,\n                    employeeId: true,\n                    name: true,\n                    role: true\n                  }\n                },\n                items: true\n              }\n            },\n            submission: true,\n            taskGroup: true,\n            ~~~~~~~~~\n        ?   employee?: true\n          },\n          orderBy: {\n            createdAt: \"desc\"\n          }\n        })\n\nUnknown field `taskGroup` for include statement on model `TaskAssignment`. Available options are marked with ?.","stack":"PrismaClientValidationError: \nInvalid `prisma.taskAssignment.findMany()` invocation in\nF:\\We Promote Application\\Hrm Backend\\backend\\src\\modules\\task\\task.service.js:457:35\n\n  454 }\n  455 \n  456 const assignments =\n→ 457   await prisma.taskAssignment.findMany({\n          where: {\n            userId: \"b22eb6d8-b74c-4a2e-821b-f922aca233f0\"\n          },\n          include: {\n            task: {\n              include: {\n                createdBy: {\n                  select: {\n                    id: true,\n                    employeeId: true,\n                    name: true,\n                    role: true\n                  }\n                },\n                items: true\n              }\n            },\n            submission: true,\n            taskGroup: true,\n            ~~~~~~~~~\n        ?   employee?: true\n          },\n          orderBy: {\n            createdAt: \"desc\"\n          }\n        })\n\nUnknown field `taskGroup` for include statement on model `TaskAssignment`. Available options are marked with ?.\n    at wn (F:\\We Promote Application\\Hrm Backend\\backend\\node_modules\\@prisma\\client\\runtime\\library.js:29:1363)\n    at $n.handleRequestError (F:\\We Promote Application\\Hrm Backend\\backend\\node_modules\\@prisma\\client\\runtime\\library.js:121:6958)\n    at $n.handleAndLogRequestError (F:\\We Promote Application\\Hrm Backend\\backend\\node_modules\\@prisma\\client\\runtime\\library.js:121:6623)\n    at $n.request (F:\\We Promote Application\\Hrm Backend\\backend\\node_modules\\@prisma\\client\\runtime\\library.js:121:6307)\n    at async l (F:\\We Promote Application\\Hrm Backend\\backend\\node_modules\\@prisma\\client\\runtime\\library.js:130:9633)\n    at async exports.getMyAssignedTasks (F:\\We Promote Application\\Hrm Backend\\backend\\src\\modules\\task\\task.service.js:457:7)\n    at async exports.getMyAssignedTasks (F:\\We Promote Application\\Hrm Backend\\backend\\src\\modules\\task\\task.controller.js:110:9)"}
2026-09-05T06:56:38.135Z GET /api/manager/tasks/my-tasks -> {"message":"\nInvalid `prisma.taskAssignment.findMany()` invocation in\nF:\\We Promote Application\\Hrm Backend\\backend\\src\\modules\\task\\task.service.js:457:35\n\n  454 }\n  455 \n  456 const assignments =\n→ 457   await prisma.taskAssignment.findMany({\n          where: {\n            userId: \"b22eb6d8-b74c-4a2e-821b-f922aca233f0\"\n          },\n          include: {\n            task: {\n              include: {\n                createdBy: {\n                  select: {\n                    id: true,\n                    employeeId: true,\n                    name: true,\n                    role: true\n                  }\n                },\n                items: true\n              }\n            },\n            submission: true,\n            taskGroup: true,\n            ~~~~~~~~~\n        ?   employee?: true\n          },\n          orderBy: {\n            createdAt: \"desc\"\n          }\n        })\n\nUnknown field `taskGroup` for include statement on model `TaskAssignment`. Available options are marked with ?.","stack":"PrismaClientValidationError: \nInvalid `prisma.taskAssignment.findMany()` invocation in\nF:\\We Promote Application\\Hrm Backend\\backend\\src\\modules\\task\\task.service.js:457:35\n\n  454 }\n  455 \n  456 const assignments =\n→ 457   await prisma.taskAssignment.findMany({\n          where: {\n            userId: \"b22eb6d8-b74c-4a2e-821b-f922aca233f0\"\n          },\n          include: {\n            task: {\n              include: {\n                createdBy: {\n                  select: {\n                    id: true,\n                    employeeId: true,\n                    name: true,\n                    role: true\n                  }\n                },\n                items: true\n              }\n            },\n            submission: true,\n            taskGroup: true,\n            ~~~~~~~~~\n        ?   employee?: true\n          },\n          orderBy: {\n            createdAt: \"desc\"\n          }\n        })\n\nUnknown field `taskGroup` for include statement on model `TaskAssignment`. Available options are marked with ?.\n    at wn (F:\\We Promote Application\\Hrm Backend\\backend\\node_modules\\@prisma\\client\\runtime\\library.js:29:1363)\n    at $n.handleRequestError (F:\\We Promote Application\\Hrm Backend\\backend\\node_modules\\@prisma\\client\\runtime\\library.js:121:6958)\n    at $n.handleAndLogRequestError (F:\\We Promote Application\\Hrm Backend\\backend\\node_modules\\@prisma\\client\\runtime\\library.js:121:6623)\n    at $n.request (F:\\We Promote Application\\Hrm Backend\\backend\\node_modules\\@prisma\\client\\runtime\\library.js:121:6307)\n    at async l (F:\\We Promote Application\\Hrm Backend\\backend\\node_modules\\@prisma\\client\\runtime\\library.js:130:9633)\n    at async exports.getMyAssignedTasks (F:\\We Promote Application\\Hrm Backend\\backend\\src\\modules\\task\\task.service.js:457:7)\n    at async exports.getMyAssignedTasks (F:\\We Promote Application\\Hrm Backend\\backend\\src\\modules\\task\\task.controller.js:110:9)"}
2026-09-05T06:56:47.281Z GET /api/manager/tasks/my-tasks -> {"message":"\nInvalid `prisma.taskAssignment.findMany()` invocation in\nF:\\We Promote Application\\Hrm Backend\\backend\\src\\modules\\task\\task.service.js:457:35\n\n  454 }\n  455 \n  456 const assignments =\n→ 457   await prisma.taskAssignment.findMany({\n          where: {\n            userId: \"b22eb6d8-b74c-4a2e-821b-f922aca233f0\"\n          },\n          include: {\n            task: {\n              include: {\n                createdBy: {\n                  select: {\n                    id: true,\n                    employeeId: true,\n                    name: true,\n                    role: true\n                  }\n                },\n                items: true\n              }\n            },\n            submission: true,\n            taskGroup: true,\n            ~~~~~~~~~\n        ?   employee?: true\n          },\n          orderBy: {\n            createdAt: \"desc\"\n          }\n        })\n\nUnknown field `taskGroup` for include statement on model `TaskAssignment`. Available options are marked with ?.","stack":"PrismaClientValidationError: \nInvalid `prisma.taskAssignment.findMany()` invocation in\nF:\\We Promote Application\\Hrm Backend\\backend\\src\\modules\\task\\task.service.js:457:35\n\n  454 }\n  455 \n  456 const assignments =\n→ 457   await prisma.taskAssignment.findMany({\n          where: {\n            userId: \"b22eb6d8-b74c-4a2e-821b-f922aca233f0\"\n          },\n          include: {\n            task: {\n              include: {\n                createdBy: {\n                  select: {\n                    id: true,\n                    employeeId: true,\n                    name: true,\n                    role: true\n                  }\n                },\n                items: true\n              }\n            },\n            submission: true,\n            taskGroup: true,\n            ~~~~~~~~~\n        ?   employee?: true\n          },\n          orderBy: {\n            createdAt: \"desc\"\n          }\n        })\n\nUnknown field `taskGroup` for include statement on model `TaskAssignment`. Available options are marked with ?.\n    at wn (F:\\We Promote Application\\Hrm Backend\\backend\\node_modules\\@prisma\\client\\runtime\\library.js:29:1363)\n    at $n.handleRequestError (F:\\We Promote Application\\Hrm Backend\\backend\\node_modules\\@prisma\\client\\runtime\\library.js:121:6958)\n    at $n.handleAndLogRequestError (F:\\We Promote Application\\Hrm Backend\\backend\\node_modules\\@prisma\\client\\runtime\\library.js:121:6623)\n    at $n.request (F:\\We Promote Application\\Hrm Backend\\backend\\node_modules\\@prisma\\client\\runtime\\library.js:121:6307)\n    at async l (F:\\We Promote Application\\Hrm Backend\\backend\\node_modules\\@prisma\\client\\runtime\\library.js:130:9633)\n    at async exports.getMyAssignedTasks (F:\\We Promote Application\\Hrm Backend\\backend\\src\\modules\\task\\task.service.js:457:7)\n    at async exports.getMyAssignedTasks (F:\\We Promote Application\\Hrm Backend\\backend\\src\\modules\\task\\task.controller.js:110:9)"}
2026-09-05T06:56:50.006Z GET /api/manager/tasks/my-tasks -> {"message":"\nInvalid `prisma.taskAssignment.findMany()` invocation in\nF:\\We Promote Application\\Hrm Backend\\backend\\src\\modules\\task\\task.service.js:457:35\n\n  454 }\n  455 \n  456 const assignments =\n→ 457   await prisma.taskAssignment.findMany({\n          where: {\n            userId: \"b22eb6d8-b74c-4a2e-821b-f922aca233f0\"\n          },\n          include: {\n            task: {\n              include: {\n                createdBy: {\n                  select: {\n                    id: true,\n                    employeeId: true,\n                    name: true,\n                    role: true\n                  }\n                },\n                items: true\n              }\n            },\n            submission: true,\n            taskGroup: true,\n            ~~~~~~~~~\n        ?   employee?: true\n          },\n          orderBy: {\n            createdAt: \"desc\"\n          }\n        })\n\nUnknown field `taskGroup` for include statement on model `TaskAssignment`. Available options are marked with ?.","stack":"PrismaClientValidationError: \nInvalid `prisma.taskAssignment.findMany()` invocation in\nF:\\We Promote Application\\Hrm Backend\\backend\\src\\modules\\task\\task.service.js:457:35\n\n  454 }\n  455 \n  456 const assignments =\n→ 457   await prisma.taskAssignment.findMany({\n          where: {\n            userId: \"b22eb6d8-b74c-4a2e-821b-f922aca233f0\"\n          },\n          include: {\n            task: {\n              include: {\n                createdBy: {\n                  select: {\n                    id: true,\n                    employeeId: true,\n                    name: true,\n                    role: true\n                  }\n                },\n                items: true\n              }\n            },\n            submission: true,\n            taskGroup: true,\n            ~~~~~~~~~\n        ?   employee?: true\n          },\n          orderBy: {\n            createdAt: \"desc\"\n          }\n        })\n\nUnknown field `taskGroup` for include statement on model `TaskAssignment`. Available options are marked with ?.\n    at wn (F:\\We Promote Application\\Hrm Backend\\backend\\node_modules\\@prisma\\client\\runtime\\library.js:29:1363)\n    at $n.handleRequestError (F:\\We Promote Application\\Hrm Backend\\backend\\node_modules\\@prisma\\client\\runtime\\library.js:121:6958)\n    at $n.handleAndLogRequestError (F:\\We Promote Application\\Hrm Backend\\backend\\node_modules\\@prisma\\client\\runtime\\library.js:121:6623)\n    at $n.request (F:\\We Promote Application\\Hrm Backend\\backend\\node_modules\\@prisma\\client\\runtime\\library.js:121:6307)\n    at async l (F:\\We Promote Application\\Hrm Backend\\backend\\node_modules\\@prisma\\client\\runtime\\library.js:130:9633)\n    at async exports.getMyAssignedTasks (F:\\We Promote Application\\Hrm Backend\\backend\\src\\modules\\task\\task.service.js:457:7)\n    at async exports.getMyAssignedTasks (F:\\We Promote Application\\Hrm Backend\\backend\\src\\modules\\task\\task.controller.js:110:9)"}
2026-09-05T06:56:50.126Z GET /api/manager/tasks/my-tasks -> {"message":"\nInvalid `prisma.taskAssignment.findMany()` invocation in\nF:\\We Promote Application\\Hrm Backend\\backend\\src\\modules\\task\\task.service.js:457:35\n\n  454 }\n  455 \n  456 const assignments =\n→ 457   await prisma.taskAssignment.findMany({\n          where: {\n            userId: \"b22eb6d8-b74c-4a2e-821b-f922aca233f0\"\n          },\n          include: {\n            task: {\n              include: {\n                createdBy: {\n                  select: {\n                    id: true,\n                    employeeId: true,\n                    name: true,\n                    role: true\n                  }\n                },\n                items: true\n              }\n            },\n            submission: true,\n            taskGroup: true,\n            ~~~~~~~~~\n        ?   employee?: true\n          },\n          orderBy: {\n            createdAt: \"desc\"\n          }\n        })\n\nUnknown field `taskGroup` for include statement on model `TaskAssignment`. Available options are marked with ?.","stack":"PrismaClientValidationError: \nInvalid `prisma.taskAssignment.findMany()` invocation in\nF:\\We Promote Application\\Hrm Backend\\backend\\src\\modules\\task\\task.service.js:457:35\n\n  454 }\n  455 \n  456 const assignments =\n→ 457   await prisma.taskAssignment.findMany({\n          where: {\n            userId: \"b22eb6d8-b74c-4a2e-821b-f922aca233f0\"\n          },\n          include: {\n            task: {\n              include: {\n                createdBy: {\n                  select: {\n                    id: true,\n                    employeeId: true,\n                    name: true,\n                    role: true\n                  }\n                },\n                items: true\n              }\n            },\n            submission: true,\n            taskGroup: true,\n            ~~~~~~~~~\n        ?   employee?: true\n          },\n          orderBy: {\n            createdAt: \"desc\"\n          }\n        })\n\nUnknown field `taskGroup` for include statement on model `TaskAssignment`. Available options are marked with ?.\n    at wn (F:\\We Promote Application\\Hrm Backend\\backend\\node_modules\\@prisma\\client\\runtime\\library.js:29:1363)\n    at $n.handleRequestError (F:\\We Promote Application\\Hrm Backend\\backend\\node_modules\\@prisma\\client\\runtime\\library.js:121:6958)\n    at $n.handleAndLogRequestError (F:\\We Promote Application\\Hrm Backend\\backend\\node_modules\\@prisma\\client\\runtime\\library.js:121:6623)\n    at $n.request (F:\\We Promote Application\\Hrm Backend\\backend\\node_modules\\@prisma\\client\\runtime\\library.js:121:6307)\n    at async l (F:\\We Promote Application\\Hrm Backend\\backend\\node_modules\\@prisma\\client\\runtime\\library.js:130:9633)\n    at async exports.getMyAssignedTasks (F:\\We Promote Application\\Hrm Backend\\backend\\src\\modules\\task\\task.service.js:457:7)\n    at async exports.getMyAssignedTasks (F:\\We Promote Application\\Hrm Backend\\backend\\src\\modules\\task\\task.controller.js:110:9)"}
2026-09-05T06:56:50.383Z GET /api/manager/tasks/my-tasks -> {"message":"\nInvalid `prisma.taskAssignment.findMany()` invocation in\nF:\\We Promote Application\\Hrm Backend\\backend\\src\\modules\\task\\task.service.js:457:35\n\n  454 }\n  455 \n  456 const assignments =\n→ 457   await prisma.taskAssignment.findMany({\n          where: {\n            userId: \"b22eb6d8-b74c-4a2e-821b-f922aca233f0\"\n          },\n          include: {\n            task: {\n              include: {\n                createdBy: {\n                  select: {\n                    id: true,\n                    employeeId: true,\n                    name: true,\n                    role: true\n                  }\n                },\n                items: true\n              }\n            },\n            submission: true,\n            taskGroup: true,\n            ~~~~~~~~~\n        ?   employee?: true\n          },\n          orderBy: {\n            createdAt: \"desc\"\n          }\n        })\n\nUnknown field `taskGroup` for include statement on model `TaskAssignment`. Available options are marked with ?.","stack":"PrismaClientValidationError: \nInvalid `prisma.taskAssignment.findMany()` invocation in\nF:\\We Promote Application\\Hrm Backend\\backend\\src\\modules\\task\\task.service.js:457:35\n\n  454 }\n  455 \n  456 const assignments =\n→ 457   await prisma.taskAssignment.findMany({\n          where: {\n            userId: \"b22eb6d8-b74c-4a2e-821b-f922aca233f0\"\n          },\n          include: {\n            task: {\n              include: {\n                createdBy: {\n                  select: {\n                    id: true,\n                    employeeId: true,\n                    name: true,\n                    role: true\n                  }\n                },\n                items: true\n              }\n            },\n            submission: true,\n            taskGroup: true,\n            ~~~~~~~~~\n        ?   employee?: true\n          },\n          orderBy: {\n            createdAt: \"desc\"\n          }\n        })\n\nUnknown field `taskGroup` for include statement on model `TaskAssignment`. Available options are marked with ?.\n    at wn (F:\\We Promote Application\\Hrm Backend\\backend\\node_modules\\@prisma\\client\\runtime\\library.js:29:1363)\n    at $n.handleRequestError (F:\\We Promote Application\\Hrm Backend\\backend\\node_modules\\@prisma\\client\\runtime\\library.js:121:6958)\n    at $n.handleAndLogRequestError (F:\\We Promote Application\\Hrm Backend\\backend\\node_modules\\@prisma\\client\\runtime\\library.js:121:6623)\n    at $n.request (F:\\We Promote Application\\Hrm Backend\\backend\\node_modules\\@prisma\\client\\runtime\\library.js:121:6307)\n    at async l (F:\\We Promote Application\\Hrm Backend\\backend\\node_modules\\@prisma\\client\\runtime\\library.js:130:9633)\n    at async exports.getMyAssignedTasks (F:\\We Promote Application\\Hrm Backend\\backend\\src\\modules\\task\\task.service.js:457:7)\n    at async exports.getMyAssignedTasks (F:\\We Promote Application\\Hrm Backend\\backend\\src\\modules\\task\\task.controller.js:110:9)"}
2026-09-05T06:57:08.961Z GET /api/manager/tasks/my-tasks -> {"message":"\nInvalid `prisma.taskAssignment.findMany()` invocation in\nF:\\We Promote Application\\Hrm Backend\\backend\\src\\modules\\task\\task.service.js:457:35\n\n  454 }\n  455 \n  456 const assignments =\n→ 457   await prisma.taskAssignment.findMany({\n          where: {\n            userId: \"b22eb6d8-b74c-4a2e-821b-f922aca233f0\"\n          },\n          include: {\n            task: {\n              include: {\n                createdBy: {\n                  select: {\n                    id: true,\n                    employeeId: true,\n                    name: true,\n                    role: true\n                  }\n                },\n                items: true\n              }\n            },\n            submission: true,\n            taskGroup: true,\n            ~~~~~~~~~\n        ?   employee?: true\n          },\n          orderBy: {\n            createdAt: \"desc\"\n          }\n        })\n\nUnknown field `taskGroup` for include statement on model `TaskAssignment`. Available options are marked with ?.","stack":"PrismaClientValidationError: \nInvalid `prisma.taskAssignment.findMany()` invocation in\nF:\\We Promote Application\\Hrm Backend\\backend\\src\\modules\\task\\task.service.js:457:35\n\n  454 }\n  455 \n  456 const assignments =\n→ 457   await prisma.taskAssignment.findMany({\n          where: {\n            userId: \"b22eb6d8-b74c-4a2e-821b-f922aca233f0\"\n          },\n          include: {\n            task: {\n              include: {\n                createdBy: {\n                  select: {\n                    id: true,\n                    employeeId: true,\n                    name: true,\n                    role: true\n                  }\n                },\n                items: true\n              }\n            },\n            submission: true,\n            taskGroup: true,\n            ~~~~~~~~~\n        ?   employee?: true\n          },\n          orderBy: {\n            createdAt: \"desc\"\n          }\n        })\n\nUnknown field `taskGroup` for include statement on model `TaskAssignment`. Available options are marked with ?.\n    at wn (F:\\We Promote Application\\Hrm Backend\\backend\\node_modules\\@prisma\\client\\runtime\\library.js:29:1363)\n    at $n.handleRequestError (F:\\We Promote Application\\Hrm Backend\\backend\\node_modules\\@prisma\\client\\runtime\\library.js:121:6958)\n    at $n.handleAndLogRequestError (F:\\We Promote Application\\Hrm Backend\\backend\\node_modules\\@prisma\\client\\runtime\\library.js:121:6623)\n    at $n.request (F:\\We Promote Application\\Hrm Backend\\backend\\node_modules\\@prisma\\client\\runtime\\library.js:121:6307)\n    at async l (F:\\We Promote Application\\Hrm Backend\\backend\\node_modules\\@prisma\\client\\runtime\\library.js:130:9633)\n    at async exports.getMyAssignedTasks (F:\\We Promote Application\\Hrm Backend\\backend\\src\\modules\\task\\task.service.js:457:7)\n    at async exports.getMyAssignedTasks (F:\\We Promote Application\\Hrm Backend\\backend\\src\\modules\\task\\task.controller.js:110:9)"}
2026-09-05T06:57:16.460Z GET /api/manager/tasks/my-tasks -> {"message":"\nInvalid `prisma.taskAssignment.findMany()` invocation in\nF:\\We Promote Application\\Hrm Backend\\backend\\src\\modules\\task\\task.service.js:457:35\n\n  454 }\n  455 \n  456 const assignments =\n→ 457   await prisma.taskAssignment.findMany({\n          where: {\n            userId: \"b22eb6d8-b74c-4a2e-821b-f922aca233f0\"\n          },\n          include: {\n            task: {\n              include: {\n                createdBy: {\n                  select: {\n                    id: true,\n                    employeeId: true,\n                    name: true,\n                    role: true\n                  }\n                },\n                items: true\n              }\n            },\n            submission: true,\n            taskGroup: true,\n            ~~~~~~~~~\n        ?   employee?: true\n          },\n          orderBy: {\n            createdAt: \"desc\"\n          }\n        })\n\nUnknown field `taskGroup` for include statement on model `TaskAssignment`. Available options are marked with ?.","stack":"PrismaClientValidationError: \nInvalid `prisma.taskAssignment.findMany()` invocation in\nF:\\We Promote Application\\Hrm Backend\\backend\\src\\modules\\task\\task.service.js:457:35\n\n  454 }\n  455 \n  456 const assignments =\n→ 457   await prisma.taskAssignment.findMany({\n          where: {\n            userId: \"b22eb6d8-b74c-4a2e-821b-f922aca233f0\"\n          },\n          include: {\n            task: {\n              include: {\n                createdBy: {\n                  select: {\n                    id: true,\n                    employeeId: true,\n                    name: true,\n                    role: true\n                  }\n                },\n                items: true\n              }\n            },\n            submission: true,\n            taskGroup: true,\n            ~~~~~~~~~\n        ?   employee?: true\n          },\n          orderBy: {\n            createdAt: \"desc\"\n          }\n        })\n\nUnknown field `taskGroup` for include statement on model `TaskAssignment`. Available options are marked with ?.\n    at wn (F:\\We Promote Application\\Hrm Backend\\backend\\node_modules\\@prisma\\client\\runtime\\library.js:29:1363)\n    at $n.handleRequestError (F:\\We Promote Application\\Hrm Backend\\backend\\node_modules\\@prisma\\client\\runtime\\library.js:121:6958)\n    at $n.handleAndLogRequestError (F:\\We Promote Application\\Hrm Backend\\backend\\node_modules\\@prisma\\client\\runtime\\library.js:121:6623)\n    at $n.request (F:\\We Promote Application\\Hrm Backend\\backend\\node_modules\\@prisma\\client\\runtime\\library.js:121:6307)\n    at async l (F:\\We Promote Application\\Hrm Backend\\backend\\node_modules\\@prisma\\client\\runtime\\library.js:130:9633)\n    at async exports.getMyAssignedTasks (F:\\We Promote Application\\Hrm Backend\\backend\\src\\modules\\task\\task.service.js:457:7)\n    at async exports.getMyAssignedTasks (F:\\We Promote Application\\Hrm Backend\\backend\\src\\modules\\task\\task.controller.js:110:9)"}
2026-09-05T06:57:21.891Z GET /api/manager/tasks/my-tasks -> {"message":"\nInvalid `prisma.taskAssignment.findMany()` invocation in\nF:\\We Promote Application\\Hrm Backend\\backend\\src\\modules\\task\\task.service.js:457:35\n\n  454 }\n  455 \n  456 const assignments =\n→ 457   await prisma.taskAssignment.findMany({\n          where: {\n            userId: \"b22eb6d8-b74c-4a2e-821b-f922aca233f0\"\n          },\n          include: {\n            task: {\n              include: {\n                createdBy: {\n                  select: {\n                    id: true,\n                    employeeId: true,\n                    name: true,\n                    role: true\n                  }\n                },\n                items: true\n              }\n            },\n            submission: true,\n            taskGroup: true,\n            ~~~~~~~~~\n        ?   employee?: true\n          },\n          orderBy: {\n            createdAt: \"desc\"\n          }\n        })\n\nUnknown field `taskGroup` for include statement on model `TaskAssignment`. Available options are marked with ?.","stack":"PrismaClientValidationError: \nInvalid `prisma.taskAssignment.findMany()` invocation in\nF:\\We Promote Application\\Hrm Backend\\backend\\src\\modules\\task\\task.service.js:457:35\n\n  454 }\n  455 \n  456 const assignments =\n→ 457   await prisma.taskAssignment.findMany({\n          where: {\n            userId: \"b22eb6d8-b74c-4a2e-821b-f922aca233f0\"\n          },\n          include: {\n            task: {\n              include: {\n                createdBy: {\n                  select: {\n                    id: true,\n                    employeeId: true,\n                    name: true,\n                    role: true\n                  }\n                },\n                items: true\n              }\n            },\n            submission: true,\n            taskGroup: true,\n            ~~~~~~~~~\n        ?   employee?: true\n          },\n          orderBy: {\n            createdAt: \"desc\"\n          }\n        })\n\nUnknown field `taskGroup` for include statement on model `TaskAssignment`. Available options are marked with ?.\n    at wn (F:\\We Promote Application\\Hrm Backend\\backend\\node_modules\\@prisma\\client\\runtime\\library.js:29:1363)\n    at $n.handleRequestError (F:\\We Promote Application\\Hrm Backend\\backend\\node_modules\\@prisma\\client\\runtime\\library.js:121:6958)\n    at $n.handleAndLogRequestError (F:\\We Promote Application\\Hrm Backend\\backend\\node_modules\\@prisma\\client\\runtime\\library.js:121:6623)\n    at $n.request (F:\\We Promote Application\\Hrm Backend\\backend\\node_modules\\@prisma\\client\\runtime\\library.js:121:6307)\n    at async l (F:\\We Promote Application\\Hrm Backend\\backend\\node_modules\\@prisma\\client\\runtime\\library.js:130:9633)\n    at async exports.getMyAssignedTasks (F:\\We Promote Application\\Hrm Backend\\backend\\src\\modules\\task\\task.service.js:457:7)\n    at async exports.getMyAssignedTasks (F:\\We Promote Application\\Hrm Backend\\backend\\src\\modules\\task\\task.controller.js:110:9)"}
2026-09-05T07:37:02.296Z GET /api/coordinator-assignments/my-tasks -> {"statusCode":403,"code":"AUTH_005","message":"Access denied. Insufficient permissions for this operation.","stack":"Error: Access denied. Insufficient permissions for this operation.\n    at F:\\We Promote Application\\Hrm Backend\\backend\\src\\middlewares\\role.middleware.js:10:19\n    at Layer.handleRequest (F:\\We Promote Application\\Hrm Backend\\backend\\node_modules\\router\\lib\\layer.js:152:17)\n    at next (F:\\We Promote Application\\Hrm Backend\\backend\\node_modules\\router\\lib\\route.js:157:13)\n    at module.exports (F:\\We Promote Application\\Hrm Backend\\backend\\src\\middlewares\\auth.middleware.js:36:5)"}
2026-09-05T07:42:46.341Z POST /api/auth/login -> {"statusCode":401,"code":"AUTH_001","message":"Invalid email or password. Please check and try again.","stack":"Error: Invalid email or password. Please check and try again.\n    at exports.login (F:\\We Promote Application\\Hrm Backend\\backend\\src\\modules\\auth\\auth.service.js:19:11)\n    at async exports.login (F:\\We Promote Application\\Hrm Backend\\backend\\src\\modules\\auth\\auth.controller.js:5:18)"}
2026-09-07T05:23:39.379Z GET /api/manager/employees -> {"statusCode":403,"code":"AUTH_005","message":"Access denied. Insufficient permissions for this operation.","stack":"Error: Access denied. Insufficient permissions for this operation.\n    at F:\\We Promote Application\\Hrm Backend\\backend\\src\\middlewares\\role.middleware.js:10:19\n    at Layer.handleRequest (F:\\We Promote Application\\Hrm Backend\\backend\\node_modules\\router\\lib\\layer.js:152:17)\n    at next (F:\\We Promote Application\\Hrm Backend\\backend\\node_modules\\router\\lib\\route.js:157:13)\n    at module.exports (F:\\We Promote Application\\Hrm Backend\\backend\\src\\middlewares\\auth.middleware.js:36:5)"}
2026-09-07T05:23:39.514Z GET /api/manager/employees -> {"statusCode":403,"code":"AUTH_005","message":"Access denied. Insufficient permissions for this operation.","stack":"Error: Access denied. Insufficient permissions for this operation.\n    at F:\\We Promote Application\\Hrm Backend\\backend\\src\\middlewares\\role.middleware.js:10:19\n    at Layer.handleRequest (F:\\We Promote Application\\Hrm Backend\\backend\\node_modules\\router\\lib\\layer.js:152:17)\n    at next (F:\\We Promote Application\\Hrm Backend\\backend\\node_modules\\router\\lib\\route.js:157:13)\n    at module.exports (F:\\We Promote Application\\Hrm Backend\\backend\\src\\middlewares\\auth.middleware.js:36:5)"}
2026-09-07T05:24:37.078Z POST /api/manager/tasks -> {"statusCode":400,"code":"VAL_001","message":"\"endDate\" must be greater than \"ref:startDate\"","stack":"Error: \"endDate\" must be greater than \"ref:startDate\"\n    at F:\\We Promote Application\\Hrm Backend\\backend\\src\\middlewares\\validate.middleware.js:9:7\n    at Layer.handleRequest (F:\\We Promote Application\\Hrm Backend\\backend\\node_modules\\router\\lib\\layer.js:152:17)\n    at next (F:\\We Promote Application\\Hrm Backend\\backend\\node_modules\\router\\lib\\route.js:157:13)\n    at F:\\We Promote Application\\Hrm Backend\\backend\\src\\middlewares\\role.middleware.js:12:5\n    at Layer.handleRequest (F:\\We Promote Application\\Hrm Backend\\backend\\node_modules\\router\\lib\\layer.js:152:17)\n    at next (F:\\We Promote Application\\Hrm Backend\\backend\\node_modules\\router\\lib\\route.js:157:13)\n    at module.exports (F:\\We Promote Application\\Hrm Backend\\backend\\src\\middlewares\\auth.middleware.js:36:5)"}
2026-09-07T05:24:55.568Z POST /api/auth/login -> {"statusCode":401,"code":"AUTH_001","message":"Invalid email or password. Please check and try again.","stack":"Error: Invalid email or password. Please check and try again.\n    at exports.login (F:\\We Promote Application\\Hrm Backend\\backend\\src\\modules\\auth\\auth.service.js:19:11)\n    at async exports.login (F:\\We Promote Application\\Hrm Backend\\backend\\src\\modules\\auth\\auth.controller.js:5:18)"}
2026-09-07T10:46:13.062Z POST /api/auth/login -> {"statusCode":401,"code":"AUTH_001","message":"Invalid email or password. Please check and try again.","stack":"Error: Invalid email or password. Please check and try again.\n    at exports.login (F:\\We Promote Application\\Hrm Backend\\backend\\src\\modules\\auth\\auth.service.js:19:11)\n    at async exports.login (F:\\We Promote Application\\Hrm Backend\\backend\\src\\modules\\auth\\auth.controller.js:5:18)"}
2026-09-08T09:42:22.484Z GET /api/coordinator-assignments/assigned-to/c6037779-0c67-4f6f-bb48-e043b745ee68 -> {"statusCode":401,"code":"AUTH_002","message":"You are not authorized to access this resource.","stack":"Error: You are not authorized to access this resource.\n    at module.exports (F:\\We Promote Application\\Hrm Backend\\backend\\src\\middlewares\\auth.middleware.js:38:10)"}
2026-09-08T09:42:22.635Z GET /api/sidebar-unread -> {"statusCode":401,"code":"AUTH_002","message":"You are not authorized to access this resource.","stack":"Error: You are not authorized to access this resource.\n    at module.exports (F:\\We Promote Application\\Hrm Backend\\backend\\src\\middlewares\\auth.middleware.js:38:10)"}
2026-09-08T09:42:22.705Z GET /api/projects -> {"statusCode":401,"code":"AUTH_002","message":"You are not authorized to access this resource.","stack":"Error: You are not authorized to access this resource.\n    at module.exports (F:\\We Promote Application\\Hrm Backend\\backend\\src\\middlewares\\auth.middleware.js:38:10)"}
2026-09-08T09:42:22.722Z GET /api/manager/dashboard -> {"statusCode":401,"code":"AUTH_002","message":"You are not authorized to access this resource.","stack":"Error: You are not authorized to access this resource.\n    at module.exports (F:\\We Promote Application\\Hrm Backend\\backend\\src\\middlewares\\auth.middleware.js:38:10)"}
2026-09-08T09:42:22.752Z GET /api/attendance/history -> {"statusCode":401,"code":"AUTH_002","message":"You are not authorized to access this resource.","stack":"Error: You are not authorized to access this resource.\n    at module.exports (F:\\We Promote Application\\Hrm Backend\\backend\\src\\middlewares\\auth.middleware.js:38:10)"}
2026-09-08T09:42:22.794Z GET /api/manager/logout-status -> {"statusCode":401,"code":"AUTH_002","message":"You are not authorized to access this resource.","stack":"Error: You are not authorized to access this resource.\n    at module.exports (F:\\We Promote Application\\Hrm Backend\\backend\\src\\middlewares\\auth.middleware.js:38:10)"}
2026-09-08T10:17:13.044Z POST /api/auth/login -> {"statusCode":401,"code":"AUTH_001","message":"Invalid email or password. Please check and try again.","stack":"Error: Invalid email or password. Please check and try again.\n    at exports.login (F:\\We Promote Application\\Hrm Backend\\backend\\src\\modules\\auth\\auth.service.js:19:11)\n    at async exports.login (F:\\We Promote Application\\Hrm Backend\\backend\\src\\modules\\auth\\auth.controller.js:5:18)"}
2026-09-09T10:38:09.988Z POST /api/auth/login -> {"statusCode":401,"code":"AUTH_001","message":"Invalid email or password. Please check and try again.","stack":"Error: Invalid email or password. Please check and try again.\n    at exports.login (F:\\We Promote Application\\Hrm Backend\\backend\\src\\modules\\auth\\auth.service.js:19:11)\n    at async exports.login (F:\\We Promote Application\\Hrm Backend\\backend\\src\\modules\\auth\\auth.controller.js:5:18)"}
2026-09-09T11:23:05.728Z GET /api/coordinator-assignments/assigned-to/c6037779-0c67-4f6f-bb48-e043b745ee68 -> {"statusCode":401,"code":"AUTH_002","message":"You are not authorized to access this resource.","stack":"Error: You are not authorized to access this resource.\n    at module.exports (F:\\We Promote Application\\Hrm Backend\\backend\\src\\middlewares\\auth.middleware.js:10:17)\n    at Layer.handleRequest (F:\\We Promote Application\\Hrm Backend\\backend\\node_modules\\router\\lib\\layer.js:152:17)\n    at next (F:\\We Promote Application\\Hrm Backend\\backend\\node_modules\\router\\lib\\route.js:157:13)\n    at Route.dispatch (F:\\We Promote Application\\Hrm Backend\\backend\\node_modules\\router\\lib\\route.js:117:3)\n    at handle (F:\\We Promote Application\\Hrm Backend\\backend\\node_modules\\router\\index.js:435:11)\n    at Layer.handleRequest (F:\\We Promote Application\\Hrm Backend\\backend\\node_modules\\router\\lib\\layer.js:152:17)\n    at F:\\We Promote Application\\Hrm Backend\\backend\\node_modules\\router\\index.js:295:15\n    at param (F:\\We Promote Application\\Hrm Backend\\backend\\node_modules\\router\\index.js:600:14)\n    at param (F:\\We Promote Application\\Hrm Backend\\backend\\node_modules\\router\\index.js:610:14)\n    at processParams (F:\\We Promote Application\\Hrm Backend\\backend\\node_modules\\router\\index.js:664:3)"}
2026-09-10T04:41:40.264Z GET /api/coordinator-assignments/assigned-to/2db968ae-f58f-4f59-859a-570c4423f870 -> {"statusCode":401,"code":"AUTH_002","message":"You are not authorized to access this resource.","stack":"Error: You are not authorized to access this resource.\n    at module.exports (F:\\We Promote Application\\Hrm Backend\\backend\\src\\middlewares\\auth.middleware.js:38:10)"}
2026-09-10T04:41:41.674Z GET /api/projects -> {"statusCode":401,"code":"AUTH_002","message":"You are not authorized to access this resource.","stack":"Error: You are not authorized to access this resource.\n    at module.exports (F:\\We Promote Application\\Hrm Backend\\backend\\src\\middlewares\\auth.middleware.js:38:10)"}
2026-09-10T04:41:41.684Z GET /api/sidebar-unread -> {"statusCode":401,"code":"AUTH_002","message":"You are not authorized to access this resource.","stack":"Error: You are not authorized to access this resource.\n    at module.exports (F:\\We Promote Application\\Hrm Backend\\backend\\src\\middlewares\\auth.middleware.js:38:10)"}
2026-09-10T04:41:41.686Z GET /api/department-reports?department=marketing&date=2026-09-10 -> {"statusCode":401,"code":"AUTH_002","message":"You are not authorized to access this resource.","stack":"Error: You are not authorized to access this resource.\n    at module.exports (F:\\We Promote Application\\Hrm Backend\\backend\\src\\middlewares\\auth.middleware.js:38:10)"}
2026-09-10T04:41:47.427Z GET /api/coordinator-assignments/assigned-to/2db968ae-f58f-4f59-859a-570c4423f870 -> {"statusCode":401,"code":"AUTH_002","message":"You are not authorized to access this resource.","stack":"Error: You are not authorized to access this resource.\n    at module.exports (F:\\We Promote Application\\Hrm Backend\\backend\\src\\middlewares\\auth.middleware.js:38:10)"}
2026-09-10T04:41:57.198Z GET /api/coordinator-assignments/assigned-to/c4bb13b5-c0dd-4cc6-91e4-dfb168077589 -> {"statusCode":401,"code":"AUTH_002","message":"You are not authorized to access this resource.","stack":"Error: You are not authorized to access this resource.\n    at module.exports (F:\\We Promote Application\\Hrm Backend\\backend\\src\\middlewares\\auth.middleware.js:38:10)"}
2026-09-10T04:41:57.315Z GET /api/sidebar-unread -> {"statusCode":401,"code":"AUTH_002","message":"You are not authorized to access this resource.","stack":"Error: You are not authorized to access this resource.\n    at module.exports (F:\\We Promote Application\\Hrm Backend\\backend\\src\\middlewares\\auth.middleware.js:38:10)"}
2026-09-10T04:41:57.324Z GET /api/manager/logout-status -> {"statusCode":401,"code":"AUTH_002","message":"You are not authorized to access this resource.","stack":"Error: You are not authorized to access this resource.\n    at module.exports (F:\\We Promote Application\\Hrm Backend\\backend\\src\\middlewares\\auth.middleware.js:38:10)"}
2026-09-10T04:41:57.331Z GET /api/projects -> {"statusCode":401,"code":"AUTH_002","message":"You are not authorized to access this resource.","stack":"Error: You are not authorized to access this resource.\n    at module.exports (F:\\We Promote Application\\Hrm Backend\\backend\\src\\middlewares\\auth.middleware.js:38:10)"}
2026-09-10T05:13:03.082Z POST /api/auth/login -> {"statusCode":401,"code":"AUTH_001","message":"Invalid email or password. Please check and try again.","stack":"Error: Invalid email or password. Please check and try again.\n    at exports.login (F:\\We Promote Application\\Hrm Backend\\backend\\src\\modules\\auth\\auth.service.js:13:11)\n    at async exports.login (F:\\We Promote Application\\Hrm Backend\\backend\\src\\modules\\auth\\auth.controller.js:5:18)"}
2026-09-10T05:22:47.834Z POST /api/marketing-reports -> {"statusCode":400,"message":"Do not submit running-report fields with an unable-to-submit reason.","stack":"Error: Do not submit running-report fields with an unable-to-submit reason.\n    at exports.createMarketingReport (F:\\We Promote Application\\Hrm Backend\\backend\\src\\modules\\marketing-report\\marketing-report.service.js:110:11)\n    at exports.createMarketingReport (F:\\We Promote Application\\Hrm Backend\\backend\\src\\modules\\marketing-report\\marketing-report.controller.js:5:32)\n    at Layer.handleRequest (F:\\We Promote Application\\Hrm Backend\\backend\\node_modules\\router\\lib\\layer.js:152:17)\n    at next (F:\\We Promote Application\\Hrm Backend\\backend\\node_modules\\router\\lib\\route.js:157:13)\n    at F:\\We Promote Application\\Hrm Backend\\backend\\src\\middlewares\\role.middleware.js:12:5\n    at Layer.handleRequest (F:\\We Promote Application\\Hrm Backend\\backend\\node_modules\\router\\lib\\layer.js:152:17)\n    at next (F:\\We Promote Application\\Hrm Backend\\backend\\node_modules\\router\\lib\\route.js:157:13)\n    at module.exports (F:\\We Promote Application\\Hrm Backend\\backend\\src\\middlewares\\auth.middleware.js:36:5)"}
2026-09-10T05:24:55.170Z POST /api/marketing-reports -> {"statusCode":409,"code":"VAL_001","message":"A marketing report has already been submitted for this project today.","stack":"Error: A marketing report has already been submitted for this project today.\n    at exports.createMarketingReport (F:\\We Promote Application\\Hrm Backend\\backend\\src\\modules\\marketing-report\\marketing-report.service.js:170:11)\n    at async exports.createMarketingReport (F:\\We Promote Application\\Hrm Backend\\backend\\src\\modules\\marketing-report\\marketing-report.controller.js:5:18)"}
2026-09-10T05:24:58.228Z POST /api/marketing-reports -> {"statusCode":409,"code":"VAL_001","message":"A marketing report has already been submitted for this project today.","stack":"Error: A marketing report has already been submitted for this project today.\n    at exports.createMarketingReport (F:\\We Promote Application\\Hrm Backend\\backend\\src\\modules\\marketing-report\\marketing-report.service.js:170:11)\n    at async exports.createMarketingReport (F:\\We Promote Application\\Hrm Backend\\backend\\src\\modules\\marketing-report\\marketing-report.controller.js:5:18)"}
2026-09-10T05:25:22.050Z POST /api/marketing-reports -> {"statusCode":409,"code":"VAL_001","message":"A marketing report has already been submitted for this project today.","stack":"Error: A marketing report has already been submitted for this project today.\n    at exports.createMarketingReport (F:\\We Promote Application\\Hrm Backend\\backend\\src\\modules\\marketing-report\\marketing-report.service.js:170:11)\n    at async exports.createMarketingReport (F:\\We Promote Application\\Hrm Backend\\backend\\src\\modules\\marketing-report\\marketing-report.controller.js:5:18)"}
2026-09-10T05:25:23.649Z POST /api/marketing-reports -> {"statusCode":409,"code":"VAL_001","message":"A marketing report has already been submitted for this project today.","stack":"Error: A marketing report has already been submitted for this project today.\n    at exports.createMarketingReport (F:\\We Promote Application\\Hrm Backend\\backend\\src\\modules\\marketing-report\\marketing-report.service.js:170:11)\n    at async exports.createMarketingReport (F:\\We Promote Application\\Hrm Backend\\backend\\src\\modules\\marketing-report\\marketing-report.controller.js:5:18)"}
2026-09-12T12:23:11.986Z GET /api/projects?page=1&limit=2 -> {"statusCode":401,"code":"AUTH_002","message":"You are not authorized to access this resource.","stack":"Error: You are not authorized to access this resource.\n    at module.exports (F:\\We Promote Application\\Hrm Backend\\backend\\src\\middlewares\\auth.middleware.js:10:17)\n    at Layer.handleRequest (F:\\We Promote Application\\Hrm Backend\\backend\\node_modules\\router\\lib\\layer.js:152:17)\n    at next (F:\\We Promote Application\\Hrm Backend\\backend\\node_modules\\router\\lib\\route.js:157:13)\n    at Route.dispatch (F:\\We Promote Application\\Hrm Backend\\backend\\node_modules\\router\\lib\\route.js:117:3)\n    at handle (F:\\We Promote Application\\Hrm Backend\\backend\\node_modules\\router\\index.js:435:11)\n    at Layer.handleRequest (F:\\We Promote Application\\Hrm Backend\\backend\\node_modules\\router\\lib\\layer.js:152:17)\n    at F:\\We Promote Application\\Hrm Backend\\backend\\node_modules\\router\\index.js:295:15\n    at processParams (F:\\We Promote Application\\Hrm Backend\\backend\\node_modules\\router\\index.js:582:12)\n    at next (F:\\We Promote Application\\Hrm Backend\\backend\\node_modules\\router\\index.js:291:5)\n    at Function.handle (F:\\We Promote Application\\Hrm Backend\\backend\\node_modules\\router\\index.js:186:3)"}
2026-09-14T05:01:50.479Z GET /api/coordinator-assignments/assigned-to/c6037779-0c67-4f6f-bb48-e043b745ee68 -> {"statusCode":401,"code":"AUTH_002","message":"You are not authorized to access this resource.","stack":"Error: You are not authorized to access this resource.\n    at module.exports (F:\\We Promote Application\\Hrm Backend\\backend\\src\\middlewares\\auth.middleware.js:38:10)\n    at process.processTicksAndRejections (node:internal/process/task_queues:105:5)"}
2026-09-14T05:01:50.569Z GET /api/sidebar-unread -> {"statusCode":401,"code":"AUTH_002","message":"You are not authorized to access this resource.","stack":"Error: You are not authorized to access this resource.\n    at module.exports (F:\\We Promote Application\\Hrm Backend\\backend\\src\\middlewares\\auth.middleware.js:38:10)\n    at process.processTicksAndRejections (node:internal/process/task_queues:105:5)"}
2026-09-14T05:01:50.582Z GET /api/projects -> {"statusCode":401,"code":"AUTH_002","message":"You are not authorized to access this resource.","stack":"Error: You are not authorized to access this resource.\n    at module.exports (F:\\We Promote Application\\Hrm Backend\\backend\\src\\middlewares\\auth.middleware.js:38:10)\n    at process.processTicksAndRejections (node:internal/process/task_queues:105:5)"}
2026-09-14T05:01:50.616Z GET /api/coordinator-assignments/assigned-to/c6037779-0c67-4f6f-bb48-e043b745ee68 -> {"statusCode":401,"code":"AUTH_002","message":"You are not authorized to access this resource.","stack":"Error: You are not authorized to access this resource.\n    at module.exports (F:\\We Promote Application\\Hrm Backend\\backend\\src\\middlewares\\auth.middleware.js:38:10)\n    at process.processTicksAndRejections (node:internal/process/task_queues:105:5)"}
2026-09-14T05:01:50.664Z GET /api/manager/logout-status -> {"statusCode":401,"code":"AUTH_002","message":"You are not authorized to access this resource.","stack":"Error: You are not authorized to access this resource.\n    at module.exports (F:\\We Promote Application\\Hrm Backend\\backend\\src\\middlewares\\auth.middleware.js:38:10)\n    at process.processTicksAndRejections (node:internal/process/task_queues:105:5)"}
2026-09-14T05:01:50.681Z GET /api/projects/assigned -> {"statusCode":401,"code":"AUTH_002","message":"You are not authorized to access this resource.","stack":"Error: You are not authorized to access this resource.\n    at module.exports (F:\\We Promote Application\\Hrm Backend\\backend\\src\\middlewares\\auth.middleware.js:38:10)\n    at process.processTicksAndRejections (node:internal/process/task_queues:105:5)"}
2026-09-14T05:01:50.693Z GET /api/daily-report?date=2026-09-14&department=seo -> {"statusCode":401,"code":"AUTH_002","message":"You are not authorized to access this resource.","stack":"Error: You are not authorized to access this resource.\n    at module.exports (F:\\We Promote Application\\Hrm Backend\\backend\\src\\middlewares\\auth.middleware.js:38:10)\n    at process.processTicksAndRejections (node:internal/process/task_queues:105:5)"}
2026-09-14T05:23:27.523Z POST /api/auth/login -> {"code":"P6001","message":"\nInvalid `prisma.user.findUnique()` invocation in\nF:\\We Promote Application\\Hrm Backend\\backend\\src\\modules\\auth\\auth.service.js:8:34\n\n  5 const ERRORS = require(\"../../utils/errors\");\n  6 \n  7 exports.login = async (data) => {\n→ 8   const user = await prisma.user.findUnique(\nError validating datasource `db`: the URL must start with the protocol `prisma://`","stack":"PrismaClientKnownRequestError: \nInvalid `prisma.user.findUnique()` invocation in\nF:\\We Promote Application\\Hrm Backend\\backend\\src\\modules\\auth\\auth.service.js:8:34\n\n  5 const ERRORS = require(\"../../utils/errors\");\n  6 \n  7 exports.login = async (data) => {\n→ 8   const user = await prisma.user.findUnique(\nError validating datasource `db`: the URL must start with the protocol `prisma://`\n    at $n.handleRequestError (F:\\We Promote Application\\Hrm Backend\\backend\\node_modules\\@prisma\\client\\runtime\\library.js:121:7315)\n    at $n.handleAndLogRequestError (F:\\We Promote Application\\Hrm Backend\\backend\\node_modules\\@prisma\\client\\runtime\\library.js:121:6623)\n    at $n.request (F:\\We Promote Application\\Hrm Backend\\backend\\node_modules\\@prisma\\client\\runtime\\library.js:121:6307)\n    at process.processTicksAndRejections (node:internal/process/task_queues:105:5)\n    at async l (F:\\We Promote Application\\Hrm Backend\\backend\\node_modules\\@prisma\\client\\runtime\\library.js:130:9633)\n    at async exports.login (F:\\We Promote Application\\Hrm Backend\\backend\\src\\modules\\auth\\auth.service.js:8:16)\n    at async exports.login (F:\\We Promote Application\\Hrm Backend\\backend\\src\\modules\\auth\\auth.controller.js:5:18)"}
2026-09-14T05:24:27.850Z POST /api/auth/login -> {"code":"P6001","message":"\nInvalid `prisma.user.findUnique()` invocation in\nF:\\We Promote Application\\Hrm Backend\\backend\\src\\modules\\auth\\auth.service.js:8:34\n\n  5 const ERRORS = require(\"../../utils/errors\");\n  6 \n  7 exports.login = async (data) => {\n→ 8   const user = await prisma.user.findUnique(\nError validating datasource `db`: the URL must start with the protocol `prisma://`","stack":"PrismaClientKnownRequestError: \nInvalid `prisma.user.findUnique()` invocation in\nF:\\We Promote Application\\Hrm Backend\\backend\\src\\modules\\auth\\auth.service.js:8:34\n\n  5 const ERRORS = require(\"../../utils/errors\");\n  6 \n  7 exports.login = async (data) => {\n→ 8   const user = await prisma.user.findUnique(\nError validating datasource `db`: the URL must start with the protocol `prisma://`\n    at $n.handleRequestError (F:\\We Promote Application\\Hrm Backend\\backend\\node_modules\\@prisma\\client\\runtime\\library.js:121:7315)\n    at $n.handleAndLogRequestError (F:\\We Promote Application\\Hrm Backend\\backend\\node_modules\\@prisma\\client\\runtime\\library.js:121:6623)\n    at $n.request (F:\\We Promote Application\\Hrm Backend\\backend\\node_modules\\@prisma\\client\\runtime\\library.js:121:6307)\n    at process.processTicksAndRejections (node:internal/process/task_queues:105:5)\n    at async l (F:\\We Promote Application\\Hrm Backend\\backend\\node_modules\\@prisma\\client\\runtime\\library.js:130:9633)\n    at async exports.login (F:\\We Promote Application\\Hrm Backend\\backend\\src\\modules\\auth\\auth.service.js:8:16)\n    at async exports.login (F:\\We Promote Application\\Hrm Backend\\backend\\src\\modules\\auth\\auth.controller.js:5:18)"}
2026-09-14T05:24:34.914Z POST /api/auth/login -> {"code":"P6001","message":"\nInvalid `prisma.user.findUnique()` invocation in\nF:\\We Promote Application\\Hrm Backend\\backend\\src\\modules\\auth\\auth.service.js:8:34\n\n  5 const ERRORS = require(\"../../utils/errors\");\n  6 \n  7 exports.login = async (data) => {\n→ 8   const user = await prisma.user.findUnique(\nError validating datasource `db`: the URL must start with the protocol `prisma://`","stack":"PrismaClientKnownRequestError: \nInvalid `prisma.user.findUnique()` invocation in\nF:\\We Promote Application\\Hrm Backend\\backend\\src\\modules\\auth\\auth.service.js:8:34\n\n  5 const ERRORS = require(\"../../utils/errors\");\n  6 \n  7 exports.login = async (data) => {\n→ 8   const user = await prisma.user.findUnique(\nError validating datasource `db`: the URL must start with the protocol `prisma://`\n    at $n.handleRequestError (F:\\We Promote Application\\Hrm Backend\\backend\\node_modules\\@prisma\\client\\runtime\\library.js:121:7315)\n    at $n.handleAndLogRequestError (F:\\We Promote Application\\Hrm Backend\\backend\\node_modules\\@prisma\\client\\runtime\\library.js:121:6623)\n    at $n.request (F:\\We Promote Application\\Hrm Backend\\backend\\node_modules\\@prisma\\client\\runtime\\library.js:121:6307)\n    at process.processTicksAndRejections (node:internal/process/task_queues:105:5)\n    at async l (F:\\We Promote Application\\Hrm Backend\\backend\\node_modules\\@prisma\\client\\runtime\\library.js:130:9633)\n    at async exports.login (F:\\We Promote Application\\Hrm Backend\\backend\\src\\modules\\auth\\auth.service.js:8:16)\n    at async exports.login (F:\\We Promote Application\\Hrm Backend\\backend\\src\\modules\\auth\\auth.controller.js:5:18)"}
2026-09-14T05:29:49.004Z POST /api/auth/login -> {"statusCode":401,"code":"AUTH_001","message":"Invalid email or password. Please check and try again.","stack":"Error: Invalid email or password. Please check and try again.\n    at exports.login (F:\\We Promote Application\\Hrm Backend\\backend\\src\\modules\\auth\\auth.service.js:19:11)\n    at async exports.login (F:\\We Promote Application\\Hrm Backend\\backend\\src\\modules\\auth\\auth.controller.js:5:18)"}
2026-09-14T05:31:38.238Z PATCH /api/coordinator-assignments/5bc8bda9-cc16-41b3-8d5c-b6abdb40fa08/status -> {"statusCode":400,"message":"Reason is required for status: UNABLE_TO_SUBMIT","stack":"Error: Reason is required for status: UNABLE_TO_SUBMIT\n    at exports.updateAssignmentStatus (F:\\We Promote Application\\Hrm Backend\\backend\\src\\modules\\coordinator-assignment\\coordinator-assignment.service.js:735:11)\n    at async exports.updateAssignmentStatus (F:\\We Promote Application\\Hrm Backend\\backend\\src\\modules\\coordinator-assignment\\coordinator-assignment.controller.js:149:7)"}
